Loaded 60 examples for longmemeval_real (bench_seed=42), seeds=[0, 1, 2], profile=TRUE (no corruption)
  real_lme_00000_gpt4_2ba83207 seed=0 arm=iter_vrp: success=True rounds_used=1 tokens=(2140,344)
  real_lme_00000_gpt4_2ba83207 seed=0 arm=intro_specter: success=True rounds_used=1 tokens=(4832,780)
  real_lme_00000_gpt4_2ba83207 seed=1 arm=iter_vrp: success=True rounds_used=1 tokens=(2140,344)
  real_lme_00000_gpt4_2ba83207 seed=1 arm=intro_specter: success=True rounds_used=1 tokens=(4832,780)
  real_lme_00000_gpt4_2ba83207 seed=2 arm=iter_vrp: success=True rounds_used=1 tokens=(2120,491)
  real_lme_00000_gpt4_2ba83207 seed=2 arm=intro_specter: success=True rounds_used=1 tokens=(5101,1401)
  real_lme_00001_603deb26 seed=0 arm=iter_vrp: success=True rounds_used=1 tokens=(2157,262)
  real_lme_00001_603deb26 seed=0 arm=intro_specter: success=True rounds_used=1 tokens=(4779,482)
  real_lme_00001_603deb26 seed=1 arm=iter_vrp: success=True rounds_used=1 tokens=(2157,262)
  real_lme_00001_603deb26 seed=1 arm=intro_specter: success=True rounds_used=1 tokens=(4779,482)
  real_lme_00001_603deb26 seed=2 arm=iter_vrp: success=True rounds_used=1 tokens=(2177,621)
  real_lme_00001_603deb26 seed=2 arm=intro_specter: success=True rounds_used=1 tokens=(5284,1411)
  real_lme_00002_51c32626 seed=0 arm=iter_vrp: success=True rounds_used=1 tokens=(1850,78)
  real_lme_00002_51c32626 seed=0 arm=intro_specter: success=True rounds_used=1 tokens=(3920,385)
  real_lme_00002_51c32626 seed=1 arm=iter_vrp: success=True rounds_used=1 tokens=(1850,78)
  real_lme_00002_51c32626 seed=1 arm=intro_specter: success=True rounds_used=1 tokens=(3920,385)
  real_lme_00002_51c32626 seed=2 arm=iter_vrp: success=True rounds_used=1 tokens=(1830,352)
  real_lme_00002_51c32626 seed=2 arm=intro_specter: success=True rounds_used=1 tokens=(4258,854)
  real_lme_00003_8550ddae seed=0 arm=iter_vrp: success=True rounds_used=1 tokens=(1893,544)
  real_lme_00003_8550ddae seed=0 arm=intro_specter: success=True rounds_used=1 tokens=(4676,1478)
  real_lme_00003_8550ddae seed=1 arm=iter_vrp: success=True rounds_used=1 tokens=(1893,544)
  real_lme_00003_8550ddae seed=1 arm=intro_specter: success=True rounds_used=1 tokens=(4676,1478)
  real_lme_00003_8550ddae seed=2 arm=iter_vrp: success=True rounds_used=1 tokens=(1893,316)
  real_lme_00003_8550ddae seed=2 arm=intro_specter: success=True rounds_used=1 tokens=(4328,819)
  real_lme_00004_gpt4_2655b836 seed=0 arm=iter_vrp: success=True rounds_used=1 tokens=(1918,334)
  real_lme_00004_gpt4_2655b836 seed=0 arm=intro_specter: success=True rounds_used=1 tokens=(4419,834)
  real_lme_00004_gpt4_2655b836 seed=1 arm=iter_vrp: success=True rounds_used=1 tokens=(1918,334)
  real_lme_00004_gpt4_2655b836 seed=1 arm=intro_specter: success=True rounds_used=1 tokens=(4419,834)
  real_lme_00004_gpt4_2655b836 seed=2 arm=iter_vrp: success=True rounds_used=1 tokens=(1954,243)
  real_lme_00004_gpt4_2655b836 seed=2 arm=intro_specter: success=True rounds_used=1 tokens=(4344,679)
  real_lme_00005_2698e78f_abs seed=0 arm=iter_vrp: success=False rounds_used=3 tokens=(4473,694)
  real_lme_00005_2698e78f_abs seed=0 arm=intro_specter: success=True rounds_used=1 tokens=(4200,856)
  real_lme_00005_2698e78f_abs seed=1 arm=iter_vrp: success=False rounds_used=3 tokens=(4473,694)
  real_lme_00005_2698e78f_abs seed=1 arm=intro_specter: success=True rounds_used=1 tokens=(4200,856)
  real_lme_00005_2698e78f_abs seed=2 arm=iter_vrp: success=False rounds_used=3 tokens=(4496,487)
  real_lme_00005_2698e78f_abs seed=2 arm=intro_specter: success=True rounds_used=1 tokens=(4150,688)
  real_lme_00006_gpt4_1d80365e seed=0 arm=iter_vrp: success=False rounds_used=3 tokens=(4701,482)
  real_lme_00006_gpt4_1d80365e seed=0 arm=intro_specter: success=False rounds_used=2 tokens=(4261,448)
  real_lme_00006_gpt4_1d80365e seed=1 arm=iter_vrp: success=False rounds_used=3 tokens=(4701,482)
  real_lme_00006_gpt4_1d80365e seed=1 arm=intro_specter: success=False rounds_used=2 tokens=(4261,448)
  real_lme_00006_gpt4_1d80365e seed=2 arm=iter_vrp: success=False rounds_used=3 tokens=(4684,416)
  real_lme_00006_gpt4_1d80365e seed=2 arm=intro_specter: success=False rounds_used=2 tokens=(4261,448)
  real_lme_00007_5025383b seed=0 arm=iter_vrp: success=True rounds_used=2 tokens=(3004,598)
  real_lme_00007_5025383b seed=0 arm=intro_specter: success=True rounds_used=1 tokens=(4080,999)
  real_lme_00007_5025383b seed=1 arm=iter_vrp: success=True rounds_used=2 tokens=(3004,598)
  real_lme_00007_5025383b seed=1 arm=intro_specter: success=True rounds_used=1 tokens=(4080,999)
  real_lme_00007_5025383b seed=2 arm=iter_vrp: success=True rounds_used=2 tokens=(3024,608)
  real_lme_00007_5025383b seed=2 arm=intro_specter: success=True rounds_used=1 tokens=(4080,999)
  real_lme_00008_gpt4_cd90e484 seed=0 arm=iter_vrp: success=True rounds_used=1 tokens=(1856,282)
  real_lme_00008_gpt4_cd90e484 seed=0 arm=intro_specter: success=True rounds_used=1 tokens=(4181,718)
  real_lme_00008_gpt4_cd90e484 seed=1 arm=iter_vrp: success=True rounds_used=1 tokens=(1856,282)
  real_lme_00008_gpt4_cd90e484 seed=1 arm=intro_specter: success=True rounds_used=1 tokens=(4181,718)
  real_lme_00008_gpt4_cd90e484 seed=2 arm=iter_vrp: success=True rounds_used=1 tokens=(1837,144)
  real_lme_00008_gpt4_cd90e484 seed=2 arm=intro_specter: success=True rounds_used=1 tokens=(3961,539)
  real_lme_00009_c19f7a0b seed=0 arm=iter_vrp: success=True rounds_used=1 tokens=(1940,387)
  real_lme_00009_c19f7a0b seed=0 arm=intro_specter: success=True rounds_used=1 tokens=(4515,915)
  real_lme_00009_c19f7a0b seed=1 arm=iter_vrp: success=True rounds_used=1 tokens=(1940,387)
  real_lme_00009_c19f7a0b seed=1 arm=intro_specter: success=True rounds_used=1 tokens=(4515,915)
  real_lme_00009_c19f7a0b seed=2 arm=iter_vrp: success=True rounds_used=1 tokens=(1960,219)
  real_lme_00009_c19f7a0b seed=2 arm=intro_specter: success=True rounds_used=1 tokens=(4305,543)
  real_lme_00010_0a34ad58 seed=0 arm=iter_vrp: success=False rounds_used=3 tokens=(5221,660)
  real_lme_00010_0a34ad58 seed=0 arm=intro_specter: success=False rounds_used=3 tokens=(4555,513)
  real_lme_00010_0a34ad58 seed=1 arm=iter_vrp: success=False rounds_used=3 tokens=(5221,660)
  real_lme_00010_0a34ad58 seed=1 arm=intro_specter: success=False rounds_used=3 tokens=(4555,513)
  real_lme_00010_0a34ad58 seed=2 arm=iter_vrp: success=False rounds_used=3 tokens=(5147,882)
  real_lme_00010_0a34ad58 seed=2 arm=intro_specter: success=False rounds_used=3 tokens=(4850,1058)
  real_lme_00011_gpt4_65aabe59 seed=0 arm=iter_vrp: success=True rounds_used=1 tokens=(2031,400)
  real_lme_00011_gpt4_65aabe59 seed=0 arm=intro_specter: success=True rounds_used=1 tokens=(4774,1238)
  real_lme_00011_gpt4_65aabe59 seed=1 arm=iter_vrp: success=True rounds_used=1 tokens=(2031,400)
  real_lme_00011_gpt4_65aabe59 seed=1 arm=intro_specter: success=True rounds_used=1 tokens=(4774,1238)
  real_lme_00011_gpt4_65aabe59 seed=2 arm=iter_vrp: success=True rounds_used=1 tokens=(2067,69)
  real_lme_00011_gpt4_65aabe59 seed=2 arm=intro_specter: success=True rounds_used=1 tokens=(4333,198)
  real_lme_00012_d6233ab6 seed=0 arm=iter_vrp: success=False rounds_used=3 tokens=(4604,776)
  real_lme_00012_d6233ab6 seed=0 arm=intro_specter: success=False rounds_used=3 tokens=(4101,847)
  real_lme_00012_d6233ab6 seed=1 arm=iter_vrp: success=False rounds_used=3 tokens=(4604,776)
  real_lme_00012_d6233ab6 seed=1 arm=intro_specter: success=False rounds_used=3 tokens=(4101,847)
  real_lme_00012_d6233ab6 seed=2 arm=iter_vrp: success=False rounds_used=3 tokens=(4616,1028)
  real_lme_00012_d6233ab6 seed=2 arm=intro_specter: success=True rounds_used=3 tokens=(4207,878)
  real_lme_00013_7024f17c seed=0 arm=iter_vrp: success=True rounds_used=1 tokens=(1802,255)
  real_lme_00013_7024f17c seed=0 arm=intro_specter: success=True rounds_used=1 tokens=(4106,744)
  real_lme_00013_7024f17c seed=1 arm=iter_vrp: success=True rounds_used=1 tokens=(1802,255)
  real_lme_00013_7024f17c seed=1 arm=intro_specter: success=True rounds_used=1 tokens=(4106,744)
  real_lme_00013_7024f17c seed=2 arm=iter_vrp: success=True rounds_used=1 tokens=(1838,958)
  real_lme_00013_7024f17c seed=2 arm=intro_specter: success=True rounds_used=1 tokens=(5098,1666)
  real_lme_00014_gpt4_c27434e8_abs seed=0 arm=iter_vrp: success=False rounds_used=3 tokens=(4472,359)
  real_lme_00014_gpt4_c27434e8_abs seed=0 arm=intro_specter: success=True rounds_used=1 tokens=(3808,256)
  real_lme_00014_gpt4_c27434e8_abs seed=1 arm=iter_vrp: success=False rounds_used=3 tokens=(4472,359)
  real_lme_00014_gpt4_c27434e8_abs seed=1 arm=intro_specter: success=True rounds_used=1 tokens=(3808,256)
  real_lme_00014_gpt4_c27434e8_abs seed=2 arm=iter_vrp: success=False rounds_used=3 tokens=(4452,376)
  real_lme_00014_gpt4_c27434e8_abs seed=2 arm=intro_specter: success=True rounds_used=1 tokens=(3788,349)
  real_lme_00015_6456829e seed=0 arm=iter_vrp: success=False rounds_used=3 tokens=(4831,735)
  real_lme_00015_6456829e seed=0 arm=intro_specter: success=True rounds_used=1 tokens=(4398,746)
  real_lme_00015_6456829e seed=1 arm=iter_vrp: success=False rounds_used=3 tokens=(4831,735)
  real_lme_00015_6456829e seed=1 arm=intro_specter: success=True rounds_used=1 tokens=(4398,746)
  real_lme_00015_6456829e seed=2 arm=iter_vrp: success=True rounds_used=1 tokens=(1935,268)
  real_lme_00015_6456829e seed=2 arm=intro_specter: success=True rounds_used=1 tokens=(4363,579)
  real_lme_00016_f8c5f88b seed=0 arm=iter_vrp: success=True rounds_used=1 tokens=(1975,86)
  real_lme_00016_f8c5f88b seed=0 arm=intro_specter: success=True rounds_used=1 tokens=(4180,224)
  real_lme_00016_f8c5f88b seed=1 arm=iter_vrp: success=True rounds_used=1 tokens=(1975,86)
  real_lme_00016_f8c5f88b seed=1 arm=intro_specter: success=True rounds_used=1 tokens=(4180,224)
  real_lme_00016_f8c5f88b seed=2 arm=iter_vrp: success=True rounds_used=1 tokens=(1955,244)
  real_lme_00016_f8c5f88b seed=2 arm=intro_specter: success=True rounds_used=1 tokens=(4381,687)
  real_lme_00017_ba358f49_abs seed=0 arm=iter_vrp: success=True rounds_used=2 tokens=(3495,283)
  real_lme_00017_ba358f49_abs seed=0 arm=intro_specter: success=True rounds_used=1 tokens=(4300,465)
  real_lme_00017_ba358f49_abs seed=1 arm=iter_vrp: success=True rounds_used=2 tokens=(3495,283)
  real_lme_00017_ba358f49_abs seed=1 arm=intro_specter: success=True rounds_used=1 tokens=(4300,465)
  real_lme_00017_ba358f49_abs seed=2 arm=iter_vrp: success=False rounds_used=3 tokens=(4948,708)
  real_lme_00017_ba358f49_abs seed=2 arm=intro_specter: success=True rounds_used=1 tokens=(4571,832)
  real_lme_00018_gpt4_d31cdae3 seed=0 arm=iter_vrp: success=True rounds_used=1 tokens=(2152,219)
  real_lme_00018_gpt4_d31cdae3 seed=0 arm=intro_specter: success=True rounds_used=1 tokens=(4751,641)
  real_lme_00018_gpt4_d31cdae3 seed=1 arm=iter_vrp: success=True rounds_used=1 tokens=(2152,219)
  real_lme_00018_gpt4_d31cdae3 seed=1 arm=intro_specter: success=True rounds_used=1 tokens=(4751,641)
  real_lme_00018_gpt4_d31cdae3 seed=2 arm=iter_vrp: success=True rounds_used=1 tokens=(2172,83)
  real_lme_00018_gpt4_d31cdae3 seed=2 arm=intro_specter: success=True rounds_used=1 tokens=(4572,379)
  real_lme_00019_gpt4_e414231f seed=0 arm=iter_vrp: success=True rounds_used=1 tokens=(2011,409)
  real_lme_00019_gpt4_e414231f seed=0 arm=intro_specter: success=True rounds_used=1 tokens=(4639,852)
  real_lme_00019_gpt4_e414231f seed=1 arm=iter_vrp: success=True rounds_used=1 tokens=(2011,409)
  real_lme_00019_gpt4_e414231f seed=1 arm=intro_specter: success=True rounds_used=1 tokens=(4639,852)
  real_lme_00019_gpt4_e414231f seed=2 arm=iter_vrp: success=True rounds_used=1 tokens=(1991,277)
  real_lme_00019_gpt4_e414231f seed=2 arm=intro_specter: success=True rounds_used=1 tokens=(4507,774)
  real_lme_00020_2698e78f seed=0 arm=iter_vrp: success=True rounds_used=1 tokens=(1775,331)
  real_lme_00020_2698e78f seed=0 arm=intro_specter: success=True rounds_used=1 tokens=(4088,937)
  real_lme_00020_2698e78f seed=1 arm=iter_vrp: success=True rounds_used=1 tokens=(1775,331)
  real_lme_00020_2698e78f seed=1 arm=intro_specter: success=True rounds_used=1 tokens=(4088,937)
  real_lme_00020_2698e78f seed=2 arm=iter_vrp: success=False rounds_used=3 tokens=(4463,668)
  real_lme_00020_2698e78f seed=2 arm=intro_specter: success=True rounds_used=1 tokens=(4006,556)
  real_lme_00021_e56a43b9 seed=0 arm=iter_vrp: success=True rounds_used=1 tokens=(2183,139)
  real_lme_00021_e56a43b9 seed=0 arm=intro_specter: success=True rounds_used=1 tokens=(4669,333)
  real_lme_00021_e56a43b9 seed=1 arm=iter_vrp: success=True rounds_used=1 tokens=(2183,139)
  real_lme_00021_e56a43b9 seed=1 arm=intro_specter: success=True rounds_used=1 tokens=(4669,333)
  real_lme_00021_e56a43b9 seed=2 arm=iter_vrp: success=True rounds_used=1 tokens=(2163,383)
  real_lme_00021_e56a43b9 seed=2 arm=intro_specter: success=True rounds_used=1 tokens=(4956,923)
  real_lme_00022_6cb6f249 seed=0 arm=iter_vrp: success=True rounds_used=1 tokens=(1825,336)
  real_lme_00022_6cb6f249 seed=0 arm=intro_specter: success=True rounds_used=1 tokens=(4193,847)
  real_lme_00022_6cb6f249 seed=1 arm=iter_vrp: success=True rounds_used=1 tokens=(1825,336)
  real_lme_00022_6cb6f249 seed=1 arm=intro_specter: success=True rounds_used=1 tokens=(4193,847)
  real_lme_00022_6cb6f249 seed=2 arm=iter_vrp: success=True rounds_used=1 tokens=(1825,257)
  real_lme_00022_6cb6f249 seed=2 arm=intro_specter: success=True rounds_used=1 tokens=(4093,675)
  real_lme_00023_e48988bc seed=0 arm=iter_vrp: success=True rounds_used=1 tokens=(1502,723)
  real_lme_00023_e48988bc seed=0 arm=intro_specter: success=True rounds_used=1 tokens=(4037,1271)
  real_lme_00023_e48988bc seed=1 arm=iter_vrp: success=True rounds_used=1 tokens=(1502,723)
  real_lme_00023_e48988bc seed=1 arm=intro_specter: success=True rounds_used=1 tokens=(4037,1271)
  real_lme_00023_e48988bc seed=2 arm=iter_vrp: success=True rounds_used=1 tokens=(1482,331)
  real_lme_00023_e48988bc seed=2 arm=intro_specter: success=True rounds_used=1 tokens=(3540,854)
  real_lme_00024_gpt4_4ef30696 seed=0 arm=iter_vrp: success=False rounds_used=3 tokens=(4768,773)
  real_lme_00024_gpt4_4ef30696 seed=0 arm=intro_specter: success=True rounds_used=3 tokens=(4568,888)
  real_lme_00024_gpt4_4ef30696 seed=1 arm=iter_vrp: success=False rounds_used=3 tokens=(4768,773)
  real_lme_00024_gpt4_4ef30696 seed=1 arm=intro_specter: success=True rounds_used=3 tokens=(4568,888)
  real_lme_00024_gpt4_4ef30696 seed=2 arm=iter_vrp: success=False rounds_used=3 tokens=(4809,1079)
  real_lme_00024_gpt4_4ef30696 seed=2 arm=intro_specter: success=False rounds_used=3 tokens=(4523,893)
  real_lme_00025_gpt4_4929293b seed=0 arm=iter_vrp: success=False rounds_used=3 tokens=(4515,728)
  real_lme_00025_gpt4_4929293b seed=0 arm=intro_specter: success=True rounds_used=1 tokens=(4297,810)
  real_lme_00025_gpt4_4929293b seed=1 arm=iter_vrp: success=False rounds_used=3 tokens=(4515,728)
  real_lme_00025_gpt4_4929293b seed=1 arm=intro_specter: success=True rounds_used=1 tokens=(4297,810)
  real_lme_00025_gpt4_4929293b seed=2 arm=iter_vrp: success=False rounds_used=3 tokens=(4487,690)
  real_lme_00025_gpt4_4929293b seed=2 arm=intro_specter: success=True rounds_used=2 tokens=(4255,804)
  real_lme_00026_e6041065 seed=0 arm=iter_vrp: success=True rounds_used=1 tokens=(1810,339)
  real_lme_00026_e6041065 seed=0 arm=intro_specter: success=True rounds_used=1 tokens=(4164,869)
  real_lme_00026_e6041065 seed=1 arm=iter_vrp: success=True rounds_used=1 tokens=(1810,339)
  real_lme_00026_e6041065 seed=1 arm=intro_specter: success=True rounds_used=1 tokens=(4164,869)
  real_lme_00026_e6041065 seed=2 arm=iter_vrp: success=True rounds_used=1 tokens=(1790,246)
  real_lme_00026_e6041065 seed=2 arm=intro_specter: success=True rounds_used=1 tokens=(4030,667)
  real_lme_00027_21d02d0d seed=0 arm=iter_vrp: success=True rounds_used=1 tokens=(2094,1006)
  real_lme_00027_21d02d0d seed=0 arm=intro_specter: success=True rounds_used=1 tokens=(5590,2358)
  real_lme_00027_21d02d0d seed=1 arm=iter_vrp: success=True rounds_used=1 tokens=(2094,1006)
  real_lme_00027_21d02d0d seed=1 arm=intro_specter: success=True rounds_used=1 tokens=(5590,2358)
  real_lme_00027_21d02d0d seed=2 arm=iter_vrp: success=True rounds_used=2 tokens=(3505,621)
  real_lme_00027_21d02d0d seed=2 arm=intro_specter: success=False rounds_used=3 tokens=(5058,1481)
  real_lme_00028_1f2b8d4f seed=0 arm=iter_vrp: success=True rounds_used=2 tokens=(3314,367)
  real_lme_00028_1f2b8d4f seed=0 arm=intro_specter: success=True rounds_used=1 tokens=(4378,654)
  real_lme_00028_1f2b8d4f seed=1 arm=iter_vrp: success=True rounds_used=2 tokens=(3314,367)
  real_lme_00028_1f2b8d4f seed=1 arm=intro_specter: success=True rounds_used=1 tokens=(4378,654)
  real_lme_00028_1f2b8d4f seed=2 arm=iter_vrp: success=True rounds_used=2 tokens=(3330,421)
  real_lme_00028_1f2b8d4f seed=2 arm=intro_specter: success=False rounds_used=3 tokens=(4387,690)
  real_lme_00029_a11281a2 seed=0 arm=iter_vrp: success=True rounds_used=1 tokens=(1913,278)
  real_lme_00029_a11281a2 seed=0 arm=intro_specter: success=True rounds_used=1 tokens=(4330,784)
  real_lme_00029_a11281a2 seed=1 arm=iter_vrp: success=True rounds_used=1 tokens=(1913,278)
  real_lme_00029_a11281a2 seed=1 arm=intro_specter: success=True rounds_used=1 tokens=(4330,784)
  real_lme_00029_a11281a2 seed=2 arm=iter_vrp: success=True rounds_used=1 tokens=(1913,271)
  real_lme_00029_a11281a2 seed=2 arm=intro_specter: success=True rounds_used=1 tokens=(4343,778)
  real_lme_00030_1de5cff2 seed=0 arm=iter_vrp: success=True rounds_used=1 tokens=(1613,290)
  real_lme_00030_1de5cff2 seed=0 arm=intro_specter: success=True rounds_used=1 tokens=(3743,695)
  real_lme_00030_1de5cff2 seed=1 arm=iter_vrp: success=True rounds_used=1 tokens=(1613,290)
  real_lme_00030_1de5cff2 seed=1 arm=intro_specter: success=True rounds_used=1 tokens=(3743,695)
  real_lme_00030_1de5cff2 seed=2 arm=iter_vrp: success=True rounds_used=1 tokens=(1633,400)
  real_lme_00030_1de5cff2 seed=2 arm=intro_specter: success=True rounds_used=1 tokens=(3915,1140)
  real_lme_00031_8ebdbe50 seed=0 arm=iter_vrp: success=True rounds_used=1 tokens=(1652,464)
  real_lme_00031_8ebdbe50 seed=0 arm=intro_specter: success=True rounds_used=1 tokens=(4098,1381)
  real_lme_00031_8ebdbe50 seed=1 arm=iter_vrp: success=True rounds_used=1 tokens=(1652,464)
  real_lme_00031_8ebdbe50 seed=1 arm=intro_specter: success=True rounds_used=1 tokens=(4098,1381)
  real_lme_00031_8ebdbe50 seed=2 arm=iter_vrp: success=True rounds_used=1 tokens=(1672,382)
  real_lme_00031_8ebdbe50 seed=2 arm=intro_specter: success=True rounds_used=1 tokens=(3994,1099)
  real_lme_00032_22d2cb42 seed=0 arm=iter_vrp: success=True rounds_used=1 tokens=(1867,81)
  real_lme_00032_22d2cb42 seed=0 arm=intro_specter: success=True rounds_used=1 tokens=(3958,294)
  real_lme_00032_22d2cb42 seed=1 arm=iter_vrp: success=True rounds_used=1 tokens=(1867,81)
  real_lme_00032_22d2cb42 seed=1 arm=intro_specter: success=True rounds_used=1 tokens=(3958,294)
  real_lme_00032_22d2cb42 seed=2 arm=iter_vrp: success=True rounds_used=1 tokens=(1867,80)
  real_lme_00032_22d2cb42 seed=2 arm=intro_specter: success=True rounds_used=1 tokens=(3937,290)
  real_lme_00033_gpt4_385a5000 seed=0 arm=iter_vrp: success=True rounds_used=1 tokens=(2028,490)
  real_lme_00033_gpt4_385a5000 seed=0 arm=intro_specter: success=True rounds_used=1 tokens=(4838,1348)
  real_lme_00033_gpt4_385a5000 seed=1 arm=iter_vrp: success=True rounds_used=1 tokens=(2028,490)
  real_lme_00033_gpt4_385a5000 seed=1 arm=intro_specter: success=True rounds_used=1 tokens=(4838,1348)
  real_lme_00033_gpt4_385a5000 seed=2 arm=iter_vrp: success=True rounds_used=3 tokens=(4816,1119)
  real_lme_00033_gpt4_385a5000 seed=2 arm=intro_specter: success=True rounds_used=1 tokens=(4799,1232)
  real_lme_00034_95bcc1c8 seed=0 arm=iter_vrp: success=True rounds_used=1 tokens=(1853,77)
  real_lme_00034_95bcc1c8 seed=0 arm=intro_specter: success=True rounds_used=1 tokens=(3926,384)
  real_lme_00034_95bcc1c8 seed=1 arm=iter_vrp: success=True rounds_used=1 tokens=(1853,77)
  real_lme_00034_95bcc1c8 seed=1 arm=intro_specter: success=True rounds_used=1 tokens=(3926,384)
  real_lme_00034_95bcc1c8 seed=2 arm=iter_vrp: success=True rounds_used=1 tokens=(1853,78)
  real_lme_00034_95bcc1c8 seed=2 arm=intro_specter: success=True rounds_used=1 tokens=(3907,383)
  real_lme_00035_gpt4_2312f94c seed=0 arm=iter_vrp: success=True rounds_used=1 tokens=(1860,222)
  real_lme_00035_gpt4_2312f94c seed=0 arm=intro_specter: success=True rounds_used=1 tokens=(4130,444)
  real_lme_00035_gpt4_2312f94c seed=1 arm=iter_vrp: success=True rounds_used=1 tokens=(1860,222)
  real_lme_00035_gpt4_2312f94c seed=1 arm=intro_specter: success=True rounds_used=1 tokens=(4130,444)
  real_lme_00035_gpt4_2312f94c seed=2 arm=iter_vrp: success=True rounds_used=1 tokens=(1860,265)
  real_lme_00035_gpt4_2312f94c seed=2 arm=intro_specter: success=True rounds_used=1 tokens=(4214,563)
  real_lme_00036_gpt4_468eb063 seed=0 arm=iter_vrp: success=False rounds_used=3 tokens=(4420,601)
  real_lme_00036_gpt4_468eb063 seed=0 arm=intro_specter: success=False rounds_used=3 tokens=(4147,521)
  real_lme_00036_gpt4_468eb063 seed=1 arm=iter_vrp: success=False rounds_used=3 tokens=(4420,601)
  real_lme_00036_gpt4_468eb063 seed=1 arm=intro_specter: success=False rounds_used=3 tokens=(4147,521)
  real_lme_00036_gpt4_468eb063 seed=2 arm=iter_vrp: success=False rounds_used=3 tokens=(4354,533)
  real_lme_00036_gpt4_468eb063 seed=2 arm=intro_specter: success=False rounds_used=3 tokens=(4272,856)
  real_lme_00037_faba32e5 seed=0 arm=iter_vrp: success=True rounds_used=1 tokens=(1878,457)
  real_lme_00037_faba32e5 seed=0 arm=intro_specter: success=True rounds_used=1 tokens=(4518,1233)
  real_lme_00037_faba32e5 seed=1 arm=iter_vrp: success=True rounds_used=1 tokens=(1878,457)
  real_lme_00037_faba32e5 seed=1 arm=intro_specter: success=True rounds_used=1 tokens=(4518,1233)
  real_lme_00037_faba32e5 seed=2 arm=iter_vrp: success=True rounds_used=1 tokens=(1858,302)
  real_lme_00037_faba32e5 seed=2 arm=intro_specter: success=True rounds_used=1 tokens=(4259,722)
  real_lme_00038_b86304ba seed=0 arm=iter_vrp: success=False rounds_used=3 tokens=(4631,903)
  real_lme_00038_b86304ba seed=0 arm=intro_specter: success=True rounds_used=1 tokens=(4297,710)
  real_lme_00038_b86304ba seed=1 arm=iter_vrp: success=False rounds_used=3 tokens=(4631,903)
  real_lme_00038_b86304ba seed=1 arm=intro_specter: success=True rounds_used=1 tokens=(4297,710)
  real_lme_00038_b86304ba seed=2 arm=iter_vrp: success=False rounds_used=3 tokens=(4542,414)
  real_lme_00038_b86304ba seed=2 arm=intro_specter: success=True rounds_used=1 tokens=(3943,496)
  real_lme_00039_gpt4_d6585ce8 seed=0 arm=iter_vrp: success=True rounds_used=3 tokens=(4901,857)
  real_lme_00039_gpt4_d6585ce8 seed=0 arm=intro_specter: success=True rounds_used=1 tokens=(4464,829)
  real_lme_00039_gpt4_d6585ce8 seed=1 arm=iter_vrp: success=True rounds_used=3 tokens=(4901,857)
  real_lme_00039_gpt4_d6585ce8 seed=1 arm=intro_specter: success=True rounds_used=1 tokens=(4464,829)
  real_lme_00039_gpt4_d6585ce8 seed=2 arm=iter_vrp: success=True rounds_used=1 tokens=(1945,915)
  real_lme_00039_gpt4_d6585ce8 seed=2 arm=intro_specter: success=True rounds_used=1 tokens=(5160,1976)
  real_lme_00040_gpt4_0b2f1d21 seed=0 arm=iter_vrp: success=True rounds_used=1 tokens=(1844,774)
  real_lme_00040_gpt4_0b2f1d21 seed=0 arm=intro_specter: success=True rounds_used=1 tokens=(4821,2292)
  real_lme_00040_gpt4_0b2f1d21 seed=1 arm=iter_vrp: success=True rounds_used=1 tokens=(1844,774)
  real_lme_00040_gpt4_0b2f1d21 seed=1 arm=intro_specter: success=True rounds_used=1 tokens=(4821,2292)
  real_lme_00040_gpt4_0b2f1d21 seed=2 arm=iter_vrp: success=True rounds_used=2 tokens=(3167,900)
  real_lme_00040_gpt4_0b2f1d21 seed=2 arm=intro_specter: success=True rounds_used=1 tokens=(4675,1282)
  real_lme_00041_5809eb10 seed=0 arm=iter_vrp: success=True rounds_used=1 tokens=(1815,274)
  real_lme_00041_5809eb10 seed=0 arm=intro_specter: success=True rounds_used=1 tokens=(4129,682)
  real_lme_00041_5809eb10 seed=1 arm=iter_vrp: success=True rounds_used=1 tokens=(1815,274)
  real_lme_00041_5809eb10 seed=1 arm=intro_specter: success=True rounds_used=1 tokens=(4129,682)
  real_lme_00041_5809eb10 seed=2 arm=iter_vrp: success=True rounds_used=1 tokens=(1815,274)
  real_lme_00041_5809eb10 seed=2 arm=intro_specter: success=True rounds_used=1 tokens=(4129,682)
  real_lme_00042_gpt4_5501fe77 seed=0 arm=iter_vrp: success=True rounds_used=1 tokens=(1905,267)
  real_lme_00042_gpt4_5501fe77 seed=0 arm=intro_specter: success=True rounds_used=1 tokens=(4326,773)
  real_lme_00042_gpt4_5501fe77 seed=1 arm=iter_vrp: success=True rounds_used=1 tokens=(1905,267)
  real_lme_00042_gpt4_5501fe77 seed=1 arm=intro_specter: success=True rounds_used=1 tokens=(4326,773)
  real_lme_00042_gpt4_5501fe77 seed=2 arm=iter_vrp: success=True rounds_used=1 tokens=(1905,253)
  real_lme_00042_gpt4_5501fe77 seed=2 arm=intro_specter: success=True rounds_used=1 tokens=(4328,758)
  real_lme_00043_c2ac3c61 seed=0 arm=iter_vrp: success=True rounds_used=1 tokens=(1912,131)
  real_lme_00043_c2ac3c61 seed=0 arm=intro_specter: success=True rounds_used=1 tokens=(4139,335)
  real_lme_00043_c2ac3c61 seed=1 arm=iter_vrp: success=True rounds_used=1 tokens=(1912,131)
  real_lme_00043_c2ac3c61 seed=1 arm=intro_specter: success=True rounds_used=1 tokens=(4139,335)
  real_lme_00043_c2ac3c61 seed=2 arm=iter_vrp: success=True rounds_used=1 tokens=(1932,309)
  real_lme_00043_c2ac3c61 seed=2 arm=intro_specter: success=True rounds_used=1 tokens=(4400,760)
  real_lme_00044_gpt4_ec93e27f seed=0 arm=iter_vrp: success=True rounds_used=1 tokens=(1955,280)
  real_lme_00044_gpt4_ec93e27f seed=0 arm=intro_specter: success=True rounds_used=1 tokens=(4398,697)
  real_lme_00044_gpt4_ec93e27f seed=1 arm=iter_vrp: success=True rounds_used=1 tokens=(1955,280)
  real_lme_00044_gpt4_ec93e27f seed=1 arm=intro_specter: success=True rounds_used=1 tokens=(4398,697)
  real_lme_00044_gpt4_ec93e27f seed=2 arm=iter_vrp: success=True rounds_used=1 tokens=(1935,270)
  real_lme_00044_gpt4_ec93e27f seed=2 arm=intro_specter: success=True rounds_used=1 tokens=(4348,663)
  real_lme_00045_06db6396 seed=0 arm=iter_vrp: success=True rounds_used=1 tokens=(1872,132)
  real_lme_00045_06db6396 seed=0 arm=intro_specter: success=True rounds_used=1 tokens=(4039,525)
  real_lme_00045_06db6396 seed=1 arm=iter_vrp: success=True rounds_used=1 tokens=(1872,132)
  real_lme_00045_06db6396 seed=1 arm=intro_specter: success=True rounds_used=1 tokens=(4039,525)
  real_lme_00045_06db6396 seed=2 arm=iter_vrp: success=True rounds_used=1 tokens=(1872,132)
  real_lme_00045_06db6396 seed=2 arm=intro_specter: success=True rounds_used=1 tokens=(4039,525)
  real_lme_00046_dc439ea3 seed=0 arm=iter_vrp: success=True rounds_used=1 tokens=(1993,111)
  real_lme_00046_dc439ea3 seed=0 arm=intro_specter: success=True rounds_used=1 tokens=(4218,339)
  real_lme_00046_dc439ea3 seed=1 arm=iter_vrp: success=True rounds_used=1 tokens=(1993,111)
  real_lme_00046_dc439ea3 seed=1 arm=intro_specter: success=True rounds_used=1 tokens=(4218,339)
  real_lme_00046_dc439ea3 seed=2 arm=iter_vrp: success=True rounds_used=2 tokens=(3407,505)
  real_lme_00046_dc439ea3 seed=2 arm=intro_specter: success=True rounds_used=1 tokens=(4475,736)
  real_lme_00047_f685340e seed=0 arm=iter_vrp: success=False rounds_used=3 tokens=(4628,789)
  real_lme_00047_f685340e seed=0 arm=intro_specter: success=True rounds_used=1 tokens=(4254,616)
  real_lme_00047_f685340e seed=1 arm=iter_vrp: success=False rounds_used=3 tokens=(4628,789)
  real_lme_00047_f685340e seed=1 arm=intro_specter: success=True rounds_used=1 tokens=(4254,616)
  real_lme_00047_f685340e seed=2 arm=iter_vrp: success=True rounds_used=2 tokens=(3277,547)
  real_lme_00047_f685340e seed=2 arm=intro_specter: success=False rounds_used=3 tokens=(4013,443)
  real_lme_00048_dccbc061 seed=0 arm=iter_vrp: success=True rounds_used=1 tokens=(1711,237)
  real_lme_00048_dccbc061 seed=0 arm=intro_specter: success=True rounds_used=1 tokens=(3863,637)
  real_lme_00048_dccbc061 seed=1 arm=iter_vrp: success=True rounds_used=1 tokens=(1711,237)
  real_lme_00048_dccbc061 seed=1 arm=intro_specter: success=True rounds_used=1 tokens=(3863,637)
  real_lme_00048_dccbc061 seed=2 arm=iter_vrp: success=True rounds_used=2 tokens=(3019,572)
  real_lme_00048_dccbc061 seed=2 arm=intro_specter: success=True rounds_used=2 tokens=(3992,905)
  real_lme_00049_0862e8bf_abs seed=0 arm=iter_vrp: success=False rounds_used=3 tokens=(5050,311)
  real_lme_00049_0862e8bf_abs seed=0 arm=intro_specter: success=True rounds_used=1 tokens=(4375,201)
  real_lme_00049_0862e8bf_abs seed=1 arm=iter_vrp: success=False rounds_used=3 tokens=(5050,311)
  real_lme_00049_0862e8bf_abs seed=1 arm=intro_specter: success=True rounds_used=1 tokens=(4375,201)
  real_lme_00049_0862e8bf_abs seed=2 arm=iter_vrp: success=False rounds_used=3 tokens=(5006,508)
  real_lme_00049_0862e8bf_abs seed=2 arm=intro_specter: success=True rounds_used=1 tokens=(4523,520)
  real_lme_00050_0862e8bf seed=0 arm=iter_vrp: success=True rounds_used=1 tokens=(1932,181)
  real_lme_00050_0862e8bf seed=0 arm=intro_specter: success=True rounds_used=1 tokens=(4230,486)
  real_lme_00050_0862e8bf seed=1 arm=iter_vrp: success=True rounds_used=1 tokens=(1932,181)
  real_lme_00050_0862e8bf seed=1 arm=intro_specter: success=True rounds_used=1 tokens=(4230,486)
  real_lme_00050_0862e8bf seed=2 arm=iter_vrp: success=True rounds_used=1 tokens=(1912,373)
  real_lme_00050_0862e8bf seed=2 arm=intro_specter: success=True rounds_used=1 tokens=(4444,889)
  real_lme_00051_2ebe6c90 seed=0 arm=iter_vrp: success=False rounds_used=3 tokens=(4655,696)
  real_lme_00051_2ebe6c90 seed=0 arm=intro_specter: success=False rounds_used=1 tokens=(4353,887)
  real_lme_00051_2ebe6c90 seed=1 arm=iter_vrp: success=False rounds_used=3 tokens=(4655,696)
  real_lme_00051_2ebe6c90 seed=1 arm=intro_specter: success=False rounds_used=1 tokens=(4353,887)
  real_lme_00051_2ebe6c90 seed=2 arm=iter_vrp: success=False rounds_used=3 tokens=(4664,1114)
  real_lme_00051_2ebe6c90 seed=2 arm=intro_specter: success=False rounds_used=3 tokens=(4338,1185)
  real_lme_00052_1faac195 seed=0 arm=iter_vrp: success=True rounds_used=1 tokens=(1952,68)
  real_lme_00052_1faac195 seed=0 arm=intro_specter: success=True rounds_used=1 tokens=(4094,285)
  real_lme_00052_1faac195 seed=1 arm=iter_vrp: success=True rounds_used=1 tokens=(1952,68)
  real_lme_00052_1faac195 seed=1 arm=intro_specter: success=True rounds_used=1 tokens=(4094,285)
  real_lme_00052_1faac195 seed=2 arm=iter_vrp: success=True rounds_used=1 tokens=(1932,616)
  real_lme_00052_1faac195 seed=2 arm=intro_specter: success=True rounds_used=1 tokens=(4727,1106)
  real_lme_00053_21d02d0d seed=0 arm=iter_vrp: success=True rounds_used=2 tokens=(3510,456)
  real_lme_00053_21d02d0d seed=0 arm=intro_specter: success=True rounds_used=2 tokens=(4840,1043)
  real_lme_00053_21d02d0d seed=1 arm=iter_vrp: success=True rounds_used=2 tokens=(3510,456)
  real_lme_00053_21d02d0d seed=1 arm=intro_specter: success=True rounds_used=2 tokens=(4840,1043)
  real_lme_00053_21d02d0d seed=2 arm=iter_vrp: success=True rounds_used=1 tokens=(2111,331)
  real_lme_00053_21d02d0d seed=2 arm=intro_specter: success=True rounds_used=1 tokens=(4761,862)
  real_lme_00054_603deb26 seed=0 arm=iter_vrp: success=False rounds_used=3 tokens=(5196,382)
  real_lme_00054_603deb26 seed=0 arm=intro_specter: success=True rounds_used=1 tokens=(4393,278)
  real_lme_00054_603deb26 seed=1 arm=iter_vrp: success=False rounds_used=3 tokens=(5196,382)
  real_lme_00054_603deb26 seed=1 arm=intro_specter: success=True rounds_used=1 tokens=(4393,278)
  real_lme_00054_603deb26 seed=2 arm=iter_vrp: success=False rounds_used=3 tokens=(5212,678)
  real_lme_00054_603deb26 seed=2 arm=intro_specter: success=True rounds_used=2 tokens=(4693,941)
  real_lme_00055_7e974930 seed=0 arm=iter_vrp: success=False rounds_used=3 tokens=(4822,1443)
  real_lme_00055_7e974930 seed=0 arm=intro_specter: success=True rounds_used=1 tokens=(5361,1640)
  real_lme_00055_7e974930 seed=1 arm=iter_vrp: success=False rounds_used=3 tokens=(4822,1443)
  real_lme_00055_7e974930 seed=1 arm=intro_specter: success=True rounds_used=1 tokens=(5361,1640)
  real_lme_00055_7e974930 seed=2 arm=iter_vrp: success=False rounds_used=3 tokens=(4835,780)
  real_lme_00055_7e974930 seed=2 arm=intro_specter: success=False rounds_used=3 tokens=(4554,923)
  real_lme_00056_27016adc seed=0 arm=iter_vrp: success=True rounds_used=1 tokens=(1721,361)
  real_lme_00056_27016adc seed=0 arm=intro_specter: success=True rounds_used=1 tokens=(4064,777)
  real_lme_00056_27016adc seed=1 arm=iter_vrp: success=True rounds_used=1 tokens=(1721,361)
  real_lme_00056_27016adc seed=1 arm=intro_specter: success=True rounds_used=1 tokens=(4064,777)
  real_lme_00056_27016adc seed=2 arm=iter_vrp: success=True rounds_used=2 tokens=(3033,567)
  real_lme_00056_27016adc seed=2 arm=intro_specter: success=True rounds_used=1 tokens=(4042,796)
  real_lme_00057_dd2973ad seed=0 arm=iter_vrp: success=True rounds_used=1 tokens=(1991,1088)
  real_lme_00057_dd2973ad seed=0 arm=intro_specter: success=True rounds_used=1 tokens=(5505,2132)
  real_lme_00057_dd2973ad seed=1 arm=iter_vrp: success=True rounds_used=1 tokens=(1991,1088)
  real_lme_00057_dd2973ad seed=1 arm=intro_specter: success=True rounds_used=1 tokens=(5505,2132)
  real_lme_00057_dd2973ad seed=2 arm=iter_vrp: success=True rounds_used=1 tokens=(2011,106)
  real_lme_00057_dd2973ad seed=2 arm=intro_specter: success=True rounds_used=1 tokens=(4249,434)
  real_lme_00058_b320f3f8 seed=0 arm=iter_vrp: success=True rounds_used=1 tokens=(1724,95)
  real_lme_00058_b320f3f8 seed=0 arm=intro_specter: success=True rounds_used=1 tokens=(3686,226)
  real_lme_00058_b320f3f8 seed=1 arm=iter_vrp: success=True rounds_used=1 tokens=(1724,95)
  real_lme_00058_b320f3f8 seed=1 arm=intro_specter: success=True rounds_used=1 tokens=(3686,226)
  real_lme_00058_b320f3f8 seed=2 arm=iter_vrp: success=True rounds_used=1 tokens=(1704,564)
  real_lme_00058_b320f3f8 seed=2 arm=intro_specter: success=True rounds_used=1 tokens=(4340,1584)
  real_lme_00059_2ebe6c90 seed=0 arm=iter_vrp: success=False rounds_used=3 tokens=(4688,704)
  real_lme_00059_2ebe6c90 seed=0 arm=intro_specter: success=True rounds_used=3 tokens=(4282,690)
  real_lme_00059_2ebe6c90 seed=1 arm=iter_vrp: success=False rounds_used=3 tokens=(4688,704)
  real_lme_00059_2ebe6c90 seed=1 arm=intro_specter: success=True rounds_used=3 tokens=(4282,690)
  real_lme_00059_2ebe6c90 seed=2 arm=iter_vrp: success=False rounds_used=3 tokens=(4677,787)
  real_lme_00059_2ebe6c90 seed=2 arm=intro_specter: success=False rounds_used=3 tokens=(4265,671)

--- run summary ---
rows written: 360  errors: 0
total tokens_input=1292521  total tokens_output=225917  grand_total=1518438
