Warning: You are sending unauthenticated requests to the HF Hub. Please set a HF_TOKEN to enable higher rate limits and faster downloads.
[RETRY] prime task=real_hotpotqa_00048_5ae164685542997b2ef7d1cb seed=0 attempt 1/3 failed (OPENROUTER_API_KEY not set); retrying in 2s
[RETRY] prime task=real_hotpotqa_00048_5ae164685542997b2ef7d1cb seed=0 attempt 2/3 failed (OPENROUTER_API_KEY not set); retrying in 4s
[ERROR] prime failed task=real_hotpotqa_00048_5ae164685542997b2ef7d1cb seed=0: OPENROUTER_API_KEY not set
[RETRY] prime task=real_hotpotqa_00048_5ae164685542997b2ef7d1cb seed=1 attempt 1/3 failed (OPENROUTER_API_KEY not set); retrying in 2s
[RETRY] prime task=real_hotpotqa_00048_5ae164685542997b2ef7d1cb seed=1 attempt 2/3 failed (OPENROUTER_API_KEY not set); retrying in 4s
[ERROR] prime failed task=real_hotpotqa_00048_5ae164685542997b2ef7d1cb seed=1: OPENROUTER_API_KEY not set
[RETRY] prime task=real_hotpotqa_00048_5ae164685542997b2ef7d1cb seed=2 attempt 1/3 failed (OPENROUTER_API_KEY not set); retrying in 2s
[RETRY] prime task=real_hotpotqa_00048_5ae164685542997b2ef7d1cb seed=2 attempt 2/3 failed (OPENROUTER_API_KEY not set); retrying in 4s
[ERROR] prime failed task=real_hotpotqa_00048_5ae164685542997b2ef7d1cb seed=2: OPENROUTER_API_KEY not set
[RETRY] prime task=real_hotpotqa_00049_5ae5736e5542990ba0bbb2b3 seed=0 attempt 1/3 failed (OPENROUTER_API_KEY not set); retrying in 2s
[RETRY] prime task=real_hotpotqa_00049_5ae5736e5542990ba0bbb2b3 seed=0 attempt 2/3 failed (OPENROUTER_API_KEY not set); retrying in 4s
[ERROR] prime failed task=real_hotpotqa_00049_5ae5736e5542990ba0bbb2b3 seed=0: OPENROUTER_API_KEY not set
[RETRY] prime task=real_hotpotqa_00049_5ae5736e5542990ba0bbb2b3 seed=1 attempt 1/3 failed (OPENROUTER_API_KEY not set); retrying in 2s
[RETRY] prime task=real_hotpotqa_00049_5ae5736e5542990ba0bbb2b3 seed=1 attempt 2/3 failed (OPENROUTER_API_KEY not set); retrying in 4s
[ERROR] prime failed task=real_hotpotqa_00049_5ae5736e5542990ba0bbb2b3 seed=1: OPENROUTER_API_KEY not set
[RETRY] prime task=real_hotpotqa_00049_5ae5736e5542990ba0bbb2b3 seed=2 attempt 1/3 failed (OPENROUTER_API_KEY not set); retrying in 2s
[RETRY] prime task=real_hotpotqa_00049_5ae5736e5542990ba0bbb2b3 seed=2 attempt 2/3 failed (OPENROUTER_API_KEY not set); retrying in 4s
[ERROR] prime failed task=real_hotpotqa_00049_5ae5736e5542990ba0bbb2b3 seed=2: OPENROUTER_API_KEY not set
[RETRY] prime task=real_hotpotqa_00050_5ae1452c554299422ee99654 seed=0 attempt 1/3 failed (OPENROUTER_API_KEY not set); retrying in 2s
[RETRY] prime task=real_hotpotqa_00050_5ae1452c554299422ee99654 seed=0 attempt 2/3 failed (OPENROUTER_API_KEY not set); retrying in 4s
[ERROR] prime failed task=real_hotpotqa_00050_5ae1452c554299422ee99654 seed=0: OPENROUTER_API_KEY not set
[RETRY] prime task=real_hotpotqa_00050_5ae1452c554299422ee99654 seed=1 attempt 1/3 failed (OPENROUTER_API_KEY not set); retrying in 2s
[RETRY] prime task=real_hotpotqa_00050_5ae1452c554299422ee99654 seed=1 attempt 2/3 failed (OPENROUTER_API_KEY not set); retrying in 4s
[ERROR] prime failed task=real_hotpotqa_00050_5ae1452c554299422ee99654 seed=1: OPENROUTER_API_KEY not set
[RETRY] prime task=real_hotpotqa_00050_5ae1452c554299422ee99654 seed=2 attempt 1/3 failed (OPENROUTER_API_KEY not set); retrying in 2s
[RETRY] prime task=real_hotpotqa_00050_5ae1452c554299422ee99654 seed=2 attempt 2/3 failed (OPENROUTER_API_KEY not set); retrying in 4s
[ERROR] prime failed task=real_hotpotqa_00050_5ae1452c554299422ee99654 seed=2: OPENROUTER_API_KEY not set
[RETRY] prime task=real_hotpotqa_00051_5a70f4695542994082a3e435 seed=0 attempt 1/3 failed (OPENROUTER_API_KEY not set); retrying in 2s
[RETRY] prime task=real_hotpotqa_00051_5a70f4695542994082a3e435 seed=0 attempt 2/3 failed (OPENROUTER_API_KEY not set); retrying in 4s
[ERROR] prime failed task=real_hotpotqa_00051_5a70f4695542994082a3e435 seed=0: OPENROUTER_API_KEY not set
[RETRY] prime task=real_hotpotqa_00051_5a70f4695542994082a3e435 seed=1 attempt 1/3 failed (OPENROUTER_API_KEY not set); retrying in 2s
[RETRY] prime task=real_hotpotqa_00051_5a70f4695542994082a3e435 seed=1 attempt 2/3 failed (OPENROUTER_API_KEY not set); retrying in 4s
[ERROR] prime failed task=real_hotpotqa_00051_5a70f4695542994082a3e435 seed=1: OPENROUTER_API_KEY not set
[RETRY] prime task=real_hotpotqa_00051_5a70f4695542994082a3e435 seed=2 attempt 1/3 failed (OPENROUTER_API_KEY not set); retrying in 2s
[RETRY] prime task=real_hotpotqa_00051_5a70f4695542994082a3e435 seed=2 attempt 2/3 failed (OPENROUTER_API_KEY not set); retrying in 4s
[ERROR] prime failed task=real_hotpotqa_00051_5a70f4695542994082a3e435 seed=2: OPENROUTER_API_KEY not set
[RETRY] prime task=real_hotpotqa_00052_5ae234e85542994d89d5b395 seed=0 attempt 1/3 failed (OPENROUTER_API_KEY not set); retrying in 2s
[RETRY] prime task=real_hotpotqa_00052_5ae234e85542994d89d5b395 seed=0 attempt 2/3 failed (OPENROUTER_API_KEY not set); retrying in 4s
[ERROR] prime failed task=real_hotpotqa_00052_5ae234e85542994d89d5b395 seed=0: OPENROUTER_API_KEY not set
[RETRY] prime task=real_hotpotqa_00052_5ae234e85542994d89d5b395 seed=1 attempt 1/3 failed (OPENROUTER_API_KEY not set); retrying in 2s
[RETRY] prime task=real_hotpotqa_00052_5ae234e85542994d89d5b395 seed=1 attempt 2/3 failed (OPENROUTER_API_KEY not set); retrying in 4s
[ERROR] prime failed task=real_hotpotqa_00052_5ae234e85542994d89d5b395 seed=1: OPENROUTER_API_KEY not set
[RETRY] prime task=real_hotpotqa_00052_5ae234e85542994d89d5b395 seed=2 attempt 1/3 failed (OPENROUTER_API_KEY not set); retrying in 2s
[RETRY] prime task=real_hotpotqa_00052_5ae234e85542994d89d5b395 seed=2 attempt 2/3 failed (OPENROUTER_API_KEY not set); retrying in 4s
[ERROR] prime failed task=real_hotpotqa_00052_5ae234e85542994d89d5b395 seed=2: OPENROUTER_API_KEY not set
[RETRY] prime task=real_hotpotqa_00053_5ae4ec1e5542990ba0bbb19b seed=0 attempt 1/3 failed (OPENROUTER_API_KEY not set); retrying in 2s
[RETRY] prime task=real_hotpotqa_00053_5ae4ec1e5542990ba0bbb19b seed=0 attempt 2/3 failed (OPENROUTER_API_KEY not set); retrying in 4s
[ERROR] prime failed task=real_hotpotqa_00053_5ae4ec1e5542990ba0bbb19b seed=0: OPENROUTER_API_KEY not set
[RETRY] prime task=real_hotpotqa_00053_5ae4ec1e5542990ba0bbb19b seed=1 attempt 1/3 failed (OPENROUTER_API_KEY not set); retrying in 2s
[RETRY] prime task=real_hotpotqa_00053_5ae4ec1e5542990ba0bbb19b seed=1 attempt 2/3 failed (OPENROUTER_API_KEY not set); retrying in 4s
[ERROR] prime failed task=real_hotpotqa_00053_5ae4ec1e5542990ba0bbb19b seed=1: OPENROUTER_API_KEY not set
[RETRY] prime task=real_hotpotqa_00053_5ae4ec1e5542990ba0bbb19b seed=2 attempt 1/3 failed (OPENROUTER_API_KEY not set); retrying in 2s
[RETRY] prime task=real_hotpotqa_00053_5ae4ec1e5542990ba0bbb19b seed=2 attempt 2/3 failed (OPENROUTER_API_KEY not set); retrying in 4s
[ERROR] prime failed task=real_hotpotqa_00053_5ae4ec1e5542990ba0bbb19b seed=2: OPENROUTER_API_KEY not set
[RETRY] prime task=real_hotpotqa_00054_5ab7ef0f5542991d322237ca seed=0 attempt 1/3 failed (OPENROUTER_API_KEY not set); retrying in 2s
[RETRY] prime task=real_hotpotqa_00054_5ab7ef0f5542991d322237ca seed=0 attempt 2/3 failed (OPENROUTER_API_KEY not set); retrying in 4s
[ERROR] prime failed task=real_hotpotqa_00054_5ab7ef0f5542991d322237ca seed=0: OPENROUTER_API_KEY not set
[RETRY] prime task=real_hotpotqa_00054_5ab7ef0f5542991d322237ca seed=1 attempt 1/3 failed (OPENROUTER_API_KEY not set); retrying in 2s
[RETRY] prime task=real_hotpotqa_00054_5ab7ef0f5542991d322237ca seed=1 attempt 2/3 failed (OPENROUTER_API_KEY not set); retrying in 4s
[ERROR] prime failed task=real_hotpotqa_00054_5ab7ef0f5542991d322237ca seed=1: OPENROUTER_API_KEY not set
[RETRY] prime task=real_hotpotqa_00054_5ab7ef0f5542991d322237ca seed=2 attempt 1/3 failed (OPENROUTER_API_KEY not set); retrying in 2s
[RETRY] prime task=real_hotpotqa_00054_5ab7ef0f5542991d322237ca seed=2 attempt 2/3 failed (OPENROUTER_API_KEY not set); retrying in 4s
[ERROR] prime failed task=real_hotpotqa_00054_5ab7ef0f5542991d322237ca seed=2: OPENROUTER_API_KEY not set
[RETRY] prime task=real_hotpotqa_00055_5a8fb3af5542997ba9cb32ee seed=0 attempt 1/3 failed (OPENROUTER_API_KEY not set); retrying in 2s
[RETRY] prime task=real_hotpotqa_00055_5a8fb3af5542997ba9cb32ee seed=0 attempt 2/3 failed (OPENROUTER_API_KEY not set); retrying in 4s
[ERROR] prime failed task=real_hotpotqa_00055_5a8fb3af5542997ba9cb32ee seed=0: OPENROUTER_API_KEY not set
[RETRY] prime task=real_hotpotqa_00055_5a8fb3af5542997ba9cb32ee seed=1 attempt 1/3 failed (OPENROUTER_API_KEY not set); retrying in 2s
[RETRY] prime task=real_hotpotqa_00055_5a8fb3af5542997ba9cb32ee seed=1 attempt 2/3 failed (OPENROUTER_API_KEY not set); retrying in 4s
[ERROR] prime failed task=real_hotpotqa_00055_5a8fb3af5542997ba9cb32ee seed=1: OPENROUTER_API_KEY not set
[RETRY] prime task=real_hotpotqa_00055_5a8fb3af5542997ba9cb32ee seed=2 attempt 1/3 failed (OPENROUTER_API_KEY not set); retrying in 2s
[RETRY] prime task=real_hotpotqa_00055_5a8fb3af5542997ba9cb32ee seed=2 attempt 2/3 failed (OPENROUTER_API_KEY not set); retrying in 4s
[ERROR] prime failed task=real_hotpotqa_00055_5a8fb3af5542997ba9cb32ee seed=2: OPENROUTER_API_KEY not set
[RETRY] prime task=real_hotpotqa_00056_5a78e86f55429974737f78fb seed=0 attempt 1/3 failed (OPENROUTER_API_KEY not set); retrying in 2s
[RETRY] prime task=real_hotpotqa_00056_5a78e86f55429974737f78fb seed=0 attempt 2/3 failed (OPENROUTER_API_KEY not set); retrying in 4s
[ERROR] prime failed task=real_hotpotqa_00056_5a78e86f55429974737f78fb seed=0: OPENROUTER_API_KEY not set
[RETRY] prime task=real_hotpotqa_00056_5a78e86f55429974737f78fb seed=1 attempt 1/3 failed (OPENROUTER_API_KEY not set); retrying in 2s
[RETRY] prime task=real_hotpotqa_00056_5a78e86f55429974737f78fb seed=1 attempt 2/3 failed (OPENROUTER_API_KEY not set); retrying in 4s
[ERROR] prime failed task=real_hotpotqa_00056_5a78e86f55429974737f78fb seed=1: OPENROUTER_API_KEY not set
[RETRY] prime task=real_hotpotqa_00056_5a78e86f55429974737f78fb seed=2 attempt 1/3 failed (OPENROUTER_API_KEY not set); retrying in 2s
[RETRY] prime task=real_hotpotqa_00056_5a78e86f55429974737f78fb seed=2 attempt 2/3 failed (OPENROUTER_API_KEY not set); retrying in 4s
[ERROR] prime failed task=real_hotpotqa_00056_5a78e86f55429974737f78fb seed=2: OPENROUTER_API_KEY not set
[RETRY] prime task=real_hotpotqa_00057_5a89e2785542992e4fca843d seed=0 attempt 1/3 failed (OPENROUTER_API_KEY not set); retrying in 2s
[RETRY] prime task=real_hotpotqa_00057_5a89e2785542992e4fca843d seed=0 attempt 2/3 failed (OPENROUTER_API_KEY not set); retrying in 4s
[ERROR] prime failed task=real_hotpotqa_00057_5a89e2785542992e4fca843d seed=0: OPENROUTER_API_KEY not set
[RETRY] prime task=real_hotpotqa_00057_5a89e2785542992e4fca843d seed=1 attempt 1/3 failed (OPENROUTER_API_KEY not set); retrying in 2s
[RETRY] prime task=real_hotpotqa_00057_5a89e2785542992e4fca843d seed=1 attempt 2/3 failed (OPENROUTER_API_KEY not set); retrying in 4s
[ERROR] prime failed task=real_hotpotqa_00057_5a89e2785542992e4fca843d seed=1: OPENROUTER_API_KEY not set
[RETRY] prime task=real_hotpotqa_00057_5a89e2785542992e4fca843d seed=2 attempt 1/3 failed (OPENROUTER_API_KEY not set); retrying in 2s
[RETRY] prime task=real_hotpotqa_00057_5a89e2785542992e4fca843d seed=2 attempt 2/3 failed (OPENROUTER_API_KEY not set); retrying in 4s
[ERROR] prime failed task=real_hotpotqa_00057_5a89e2785542992e4fca843d seed=2: OPENROUTER_API_KEY not set
[RETRY] prime task=real_hotpotqa_00058_5a72ac8a5542992359bc3164 seed=0 attempt 1/3 failed (OPENROUTER_API_KEY not set); retrying in 2s
[RETRY] prime task=real_hotpotqa_00058_5a72ac8a5542992359bc3164 seed=0 attempt 2/3 failed (OPENROUTER_API_KEY not set); retrying in 4s
[ERROR] prime failed task=real_hotpotqa_00058_5a72ac8a5542992359bc3164 seed=0: OPENROUTER_API_KEY not set
[RETRY] prime task=real_hotpotqa_00058_5a72ac8a5542992359bc3164 seed=1 attempt 1/3 failed (OPENROUTER_API_KEY not set); retrying in 2s
[RETRY] prime task=real_hotpotqa_00058_5a72ac8a5542992359bc3164 seed=1 attempt 2/3 failed (OPENROUTER_API_KEY not set); retrying in 4s
[ERROR] prime failed task=real_hotpotqa_00058_5a72ac8a5542992359bc3164 seed=1: OPENROUTER_API_KEY not set
[RETRY] prime task=real_hotpotqa_00058_5a72ac8a5542992359bc3164 seed=2 attempt 1/3 failed (OPENROUTER_API_KEY not set); retrying in 2s
[RETRY] prime task=real_hotpotqa_00058_5a72ac8a5542992359bc3164 seed=2 attempt 2/3 failed (OPENROUTER_API_KEY not set); retrying in 4s
[ERROR] prime failed task=real_hotpotqa_00058_5a72ac8a5542992359bc3164 seed=2: OPENROUTER_API_KEY not set
[RETRY] prime task=real_hotpotqa_00059_5a77c15f5542997042120b1c seed=0 attempt 1/3 failed (OPENROUTER_API_KEY not set); retrying in 2s
[RETRY] prime task=real_hotpotqa_00059_5a77c15f5542997042120b1c seed=0 attempt 2/3 failed (OPENROUTER_API_KEY not set); retrying in 4s
[ERROR] prime failed task=real_hotpotqa_00059_5a77c15f5542997042120b1c seed=0: OPENROUTER_API_KEY not set
[RETRY] prime task=real_hotpotqa_00059_5a77c15f5542997042120b1c seed=1 attempt 1/3 failed (OPENROUTER_API_KEY not set); retrying in 2s
[RETRY] prime task=real_hotpotqa_00059_5a77c15f5542997042120b1c seed=1 attempt 2/3 failed (OPENROUTER_API_KEY not set); retrying in 4s
[ERROR] prime failed task=real_hotpotqa_00059_5a77c15f5542997042120b1c seed=1: OPENROUTER_API_KEY not set
[RETRY] prime task=real_hotpotqa_00059_5a77c15f5542997042120b1c seed=2 attempt 1/3 failed (OPENROUTER_API_KEY not set); retrying in 2s
[RETRY] prime task=real_hotpotqa_00059_5a77c15f5542997042120b1c seed=2 attempt 2/3 failed (OPENROUTER_API_KEY not set); retrying in 4s
[ERROR] prime failed task=real_hotpotqa_00059_5a77c15f5542997042120b1c seed=2: OPENROUTER_API_KEY not set
Loaded 12 examples for hotpotqa_real (bench_seed=42), rho=0.0, seeds=[0, 1, 2]

--- run summary ---
rows written: 0  errors: 36
total tokens_input=0  total tokens_output=0  grand_total=0
Warning: You are sending unauthenticated requests to the HF Hub. Please set a HF_TOKEN to enable higher rate limits and faster downloads.
Loaded 12 examples for hotpotqa_real (bench_seed=42), rho=0.0, seeds=[0, 1, 2]
  real_hotpotqa_00048_5ae164685542997b2ef7d1cb seed=0 arm=reflexion: true_success=True believed=True abstained=None tokens=(1600,117)
  real_hotpotqa_00048_5ae164685542997b2ef7d1cb seed=0 arm=intro_specter: true_success=True believed=True abstained=False tokens=(3434,473)
  real_hotpotqa_00048_5ae164685542997b2ef7d1cb seed=1 arm=reflexion: true_success=True believed=True abstained=None tokens=(1600,117)
  real_hotpotqa_00048_5ae164685542997b2ef7d1cb seed=1 arm=intro_specter: true_success=True believed=True abstained=False tokens=(3434,473)
  real_hotpotqa_00048_5ae164685542997b2ef7d1cb seed=2 arm=reflexion: true_success=True believed=True abstained=None tokens=(1600,117)
  real_hotpotqa_00048_5ae164685542997b2ef7d1cb seed=2 arm=intro_specter: true_success=True believed=True abstained=False tokens=(3434,473)
  real_hotpotqa_00049_5ae5736e5542990ba0bbb2b3 seed=0 arm=reflexion: true_success=True believed=True abstained=None tokens=(1579,519)
  real_hotpotqa_00049_5ae5736e5542990ba0bbb2b3 seed=0 arm=intro_specter: true_success=True believed=True abstained=False tokens=(4038,1483)
  real_hotpotqa_00049_5ae5736e5542990ba0bbb2b3 seed=1 arm=reflexion: true_success=True believed=True abstained=None tokens=(1579,519)
  real_hotpotqa_00049_5ae5736e5542990ba0bbb2b3 seed=1 arm=intro_specter: true_success=True believed=True abstained=False tokens=(4038,1483)
  real_hotpotqa_00049_5ae5736e5542990ba0bbb2b3 seed=2 arm=reflexion: true_success=True believed=True abstained=None tokens=(1614,321)
  real_hotpotqa_00049_5ae5736e5542990ba0bbb2b3 seed=2 arm=intro_specter: true_success=True believed=True abstained=False tokens=(3808,951)
  real_hotpotqa_00050_5ae1452c554299422ee99654 seed=0 arm=reflexion: true_success=True believed=True abstained=None tokens=(1641,541)
  real_hotpotqa_00050_5ae1452c554299422ee99654 seed=0 arm=intro_specter: true_success=True believed=True abstained=False tokens=(4121,1464)
  real_hotpotqa_00050_5ae1452c554299422ee99654 seed=1 arm=reflexion: true_success=True believed=True abstained=None tokens=(1641,541)
  real_hotpotqa_00050_5ae1452c554299422ee99654 seed=1 arm=intro_specter: true_success=True believed=True abstained=False tokens=(4121,1464)
  real_hotpotqa_00050_5ae1452c554299422ee99654 seed=2 arm=reflexion: true_success=False believed=False abstained=None tokens=(13700,2529)
  real_hotpotqa_00050_5ae1452c554299422ee99654 seed=2 arm=intro_specter: true_success=True believed=True abstained=False tokens=(4766,2840)
  real_hotpotqa_00051_5a70f4695542994082a3e435 seed=0 arm=reflexion: true_success=True believed=True abstained=None tokens=(1478,282)
  real_hotpotqa_00051_5a70f4695542994082a3e435 seed=0 arm=intro_specter: true_success=True believed=True abstained=False tokens=(3473,755)
  real_hotpotqa_00051_5a70f4695542994082a3e435 seed=1 arm=reflexion: true_success=True believed=True abstained=None tokens=(1478,282)
  real_hotpotqa_00051_5a70f4695542994082a3e435 seed=1 arm=intro_specter: true_success=True believed=True abstained=False tokens=(3473,755)
  real_hotpotqa_00051_5a70f4695542994082a3e435 seed=2 arm=reflexion: true_success=True believed=True abstained=None tokens=(1498,375)
  real_hotpotqa_00051_5a70f4695542994082a3e435 seed=2 arm=intro_specter: true_success=True believed=True abstained=False tokens=(3608,1080)
  real_hotpotqa_00052_5ae234e85542994d89d5b395 seed=0 arm=reflexion: true_success=True believed=True abstained=None tokens=(5450,343)
  real_hotpotqa_00052_5ae234e85542994d89d5b395 seed=0 arm=intro_specter: true_success=True believed=True abstained=False tokens=(3698,528)
  real_hotpotqa_00052_5ae234e85542994d89d5b395 seed=1 arm=reflexion: true_success=True believed=True abstained=None tokens=(5450,343)
  real_hotpotqa_00052_5ae234e85542994d89d5b395 seed=1 arm=intro_specter: true_success=True believed=True abstained=False tokens=(3698,528)
  real_hotpotqa_00052_5ae234e85542994d89d5b395 seed=2 arm=reflexion: true_success=True believed=True abstained=None tokens=(1716,117)
  real_hotpotqa_00052_5ae234e85542994d89d5b395 seed=2 arm=intro_specter: true_success=True believed=True abstained=False tokens=(3701,247)
  real_hotpotqa_00053_5ae4ec1e5542990ba0bbb19b seed=0 arm=reflexion: true_success=True believed=True abstained=None tokens=(1500,248)
  real_hotpotqa_00053_5ae4ec1e5542990ba0bbb19b seed=0 arm=intro_specter: true_success=True believed=True abstained=False tokens=(3464,615)
  real_hotpotqa_00053_5ae4ec1e5542990ba0bbb19b seed=1 arm=reflexion: true_success=True believed=True abstained=None tokens=(1500,248)
  real_hotpotqa_00053_5ae4ec1e5542990ba0bbb19b seed=1 arm=intro_specter: true_success=True believed=True abstained=False tokens=(3464,615)
  real_hotpotqa_00053_5ae4ec1e5542990ba0bbb19b seed=2 arm=reflexion: true_success=True believed=True abstained=None tokens=(1520,320)
  real_hotpotqa_00053_5ae4ec1e5542990ba0bbb19b seed=2 arm=intro_specter: true_success=True believed=True abstained=False tokens=(3576,749)
  real_hotpotqa_00054_5ab7ef0f5542991d322237ca seed=0 arm=reflexion: true_success=True believed=True abstained=None tokens=(1672,261)
  real_hotpotqa_00054_5ab7ef0f5542991d322237ca seed=0 arm=intro_specter: true_success=True believed=True abstained=False tokens=(3800,679)
  real_hotpotqa_00054_5ab7ef0f5542991d322237ca seed=1 arm=reflexion: true_success=True believed=True abstained=None tokens=(1672,261)
  real_hotpotqa_00054_5ab7ef0f5542991d322237ca seed=1 arm=intro_specter: true_success=True believed=True abstained=False tokens=(3800,679)
  real_hotpotqa_00054_5ab7ef0f5542991d322237ca seed=2 arm=reflexion: true_success=True believed=True abstained=None tokens=(1652,249)
  real_hotpotqa_00054_5ab7ef0f5542991d322237ca seed=2 arm=intro_specter: true_success=True believed=True abstained=False tokens=(3768,724)
  real_hotpotqa_00055_5a8fb3af5542997ba9cb32ee seed=0 arm=reflexion: true_success=True believed=True abstained=None tokens=(1510,276)
  real_hotpotqa_00055_5a8fb3af5542997ba9cb32ee seed=0 arm=intro_specter: true_success=True believed=True abstained=False tokens=(3492,671)
  real_hotpotqa_00055_5a8fb3af5542997ba9cb32ee seed=1 arm=reflexion: true_success=True believed=True abstained=None tokens=(1510,276)
  real_hotpotqa_00055_5a8fb3af5542997ba9cb32ee seed=1 arm=intro_specter: true_success=True believed=True abstained=False tokens=(3492,671)
  real_hotpotqa_00055_5a8fb3af5542997ba9cb32ee seed=2 arm=reflexion: true_success=True believed=True abstained=None tokens=(1510,267)
  real_hotpotqa_00055_5a8fb3af5542997ba9cb32ee seed=2 arm=intro_specter: true_success=True believed=True abstained=False tokens=(3504,683)
  real_hotpotqa_00056_5a78e86f55429974737f78fb seed=0 arm=reflexion: true_success=True believed=True abstained=None tokens=(1845,142)
  real_hotpotqa_00056_5a78e86f55429974737f78fb seed=0 arm=intro_specter: true_success=True believed=True abstained=False tokens=(3949,611)
  real_hotpotqa_00056_5a78e86f55429974737f78fb seed=1 arm=reflexion: true_success=True believed=True abstained=None tokens=(1845,142)
  real_hotpotqa_00056_5a78e86f55429974737f78fb seed=1 arm=intro_specter: true_success=True believed=True abstained=False tokens=(3949,611)
  real_hotpotqa_00056_5a78e86f55429974737f78fb seed=2 arm=reflexion: true_success=True believed=True abstained=None tokens=(1809,274)
  real_hotpotqa_00056_5a78e86f55429974737f78fb seed=2 arm=intro_specter: true_success=True believed=True abstained=False tokens=(4127,571)
  real_hotpotqa_00057_5a89e2785542992e4fca843d seed=0 arm=reflexion: true_success=True believed=True abstained=None tokens=(1516,396)
  real_hotpotqa_00057_5a89e2785542992e4fca843d seed=0 arm=intro_specter: true_success=True believed=True abstained=False tokens=(3707,1167)
  real_hotpotqa_00057_5a89e2785542992e4fca843d seed=1 arm=reflexion: true_success=True believed=True abstained=None tokens=(1516,396)
  real_hotpotqa_00057_5a89e2785542992e4fca843d seed=1 arm=intro_specter: true_success=True believed=True abstained=False tokens=(3707,1167)
  real_hotpotqa_00057_5a89e2785542992e4fca843d seed=2 arm=reflexion: true_success=True believed=True abstained=None tokens=(1552,372)
  real_hotpotqa_00057_5a89e2785542992e4fca843d seed=2 arm=intro_specter: true_success=True believed=True abstained=False tokens=(3699,1039)
  real_hotpotqa_00058_5a72ac8a5542992359bc3164 seed=0 arm=reflexion: true_success=True believed=True abstained=None tokens=(1770,519)
  real_hotpotqa_00058_5a72ac8a5542992359bc3164 seed=0 arm=intro_specter: true_success=True believed=True abstained=False tokens=(4380,1313)
  real_hotpotqa_00058_5a72ac8a5542992359bc3164 seed=1 arm=reflexion: true_success=True believed=True abstained=None tokens=(1770,519)
  real_hotpotqa_00058_5a72ac8a5542992359bc3164 seed=1 arm=intro_specter: true_success=True believed=True abstained=False tokens=(4380,1313)
  real_hotpotqa_00058_5a72ac8a5542992359bc3164 seed=2 arm=reflexion: true_success=True believed=True abstained=None tokens=(1734,300)
  real_hotpotqa_00058_5a72ac8a5542992359bc3164 seed=2 arm=intro_specter: true_success=True believed=True abstained=False tokens=(4045,993)
  real_hotpotqa_00059_5a77c15f5542997042120b1c seed=0 arm=reflexion: true_success=True believed=True abstained=None tokens=(1561,261)
  real_hotpotqa_00059_5a77c15f5542997042120b1c seed=0 arm=intro_specter: true_success=True believed=True abstained=False tokens=(3618,562)
  real_hotpotqa_00059_5a77c15f5542997042120b1c seed=1 arm=reflexion: true_success=True believed=True abstained=None tokens=(1561,261)
  real_hotpotqa_00059_5a77c15f5542997042120b1c seed=1 arm=intro_specter: true_success=True believed=True abstained=False tokens=(3618,562)
  real_hotpotqa_00059_5a77c15f5542997042120b1c seed=2 arm=reflexion: true_success=True believed=True abstained=None tokens=(1560,317)
  real_hotpotqa_00059_5a77c15f5542997042120b1c seed=2 arm=intro_specter: true_success=True believed=True abstained=False tokens=(3694,732)

--- run summary ---
rows written: 72  errors: 0
total tokens_input=213787  total tokens_output=45092  grand_total=258879
