Warning: You are sending unauthenticated requests to the HF Hub. Please set a HF_TOKEN to enable higher rate limits and faster downloads.
[RETRY] prime task=real_hotpotqa_00048_5ae164685542997b2ef7d1cb seed=0 attempt 1/3 failed (OPENROUTER_API_KEY not set); retrying in 2s
[RETRY] prime task=real_hotpotqa_00048_5ae164685542997b2ef7d1cb seed=0 attempt 2/3 failed (OPENROUTER_API_KEY not set); retrying in 4s
[ERROR] prime failed task=real_hotpotqa_00048_5ae164685542997b2ef7d1cb seed=0: OPENROUTER_API_KEY not set
[RETRY] prime task=real_hotpotqa_00048_5ae164685542997b2ef7d1cb seed=1 attempt 1/3 failed (OPENROUTER_API_KEY not set); retrying in 2s
[RETRY] prime task=real_hotpotqa_00048_5ae164685542997b2ef7d1cb seed=1 attempt 2/3 failed (OPENROUTER_API_KEY not set); retrying in 4s
[ERROR] prime failed task=real_hotpotqa_00048_5ae164685542997b2ef7d1cb seed=1: OPENROUTER_API_KEY not set
[RETRY] prime task=real_hotpotqa_00048_5ae164685542997b2ef7d1cb seed=2 attempt 1/3 failed (OPENROUTER_API_KEY not set); retrying in 2s
[RETRY] prime task=real_hotpotqa_00048_5ae164685542997b2ef7d1cb seed=2 attempt 2/3 failed (OPENROUTER_API_KEY not set); retrying in 4s
[ERROR] prime failed task=real_hotpotqa_00048_5ae164685542997b2ef7d1cb seed=2: OPENROUTER_API_KEY not set
[RETRY] prime task=real_hotpotqa_00049_5ae5736e5542990ba0bbb2b3 seed=0 attempt 1/3 failed (OPENROUTER_API_KEY not set); retrying in 2s
[RETRY] prime task=real_hotpotqa_00049_5ae5736e5542990ba0bbb2b3 seed=0 attempt 2/3 failed (OPENROUTER_API_KEY not set); retrying in 4s
[ERROR] prime failed task=real_hotpotqa_00049_5ae5736e5542990ba0bbb2b3 seed=0: OPENROUTER_API_KEY not set
[RETRY] prime task=real_hotpotqa_00049_5ae5736e5542990ba0bbb2b3 seed=1 attempt 1/3 failed (OPENROUTER_API_KEY not set); retrying in 2s
[RETRY] prime task=real_hotpotqa_00049_5ae5736e5542990ba0bbb2b3 seed=1 attempt 2/3 failed (OPENROUTER_API_KEY not set); retrying in 4s
[ERROR] prime failed task=real_hotpotqa_00049_5ae5736e5542990ba0bbb2b3 seed=1: OPENROUTER_API_KEY not set
[RETRY] prime task=real_hotpotqa_00049_5ae5736e5542990ba0bbb2b3 seed=2 attempt 1/3 failed (OPENROUTER_API_KEY not set); retrying in 2s
[RETRY] prime task=real_hotpotqa_00049_5ae5736e5542990ba0bbb2b3 seed=2 attempt 2/3 failed (OPENROUTER_API_KEY not set); retrying in 4s
[ERROR] prime failed task=real_hotpotqa_00049_5ae5736e5542990ba0bbb2b3 seed=2: OPENROUTER_API_KEY not set
[RETRY] prime task=real_hotpotqa_00050_5ae1452c554299422ee99654 seed=0 attempt 1/3 failed (OPENROUTER_API_KEY not set); retrying in 2s
[RETRY] prime task=real_hotpotqa_00050_5ae1452c554299422ee99654 seed=0 attempt 2/3 failed (OPENROUTER_API_KEY not set); retrying in 4s
[ERROR] prime failed task=real_hotpotqa_00050_5ae1452c554299422ee99654 seed=0: OPENROUTER_API_KEY not set
[RETRY] prime task=real_hotpotqa_00050_5ae1452c554299422ee99654 seed=1 attempt 1/3 failed (OPENROUTER_API_KEY not set); retrying in 2s
[RETRY] prime task=real_hotpotqa_00050_5ae1452c554299422ee99654 seed=1 attempt 2/3 failed (OPENROUTER_API_KEY not set); retrying in 4s
[ERROR] prime failed task=real_hotpotqa_00050_5ae1452c554299422ee99654 seed=1: OPENROUTER_API_KEY not set
[RETRY] prime task=real_hotpotqa_00050_5ae1452c554299422ee99654 seed=2 attempt 1/3 failed (OPENROUTER_API_KEY not set); retrying in 2s
[RETRY] prime task=real_hotpotqa_00050_5ae1452c554299422ee99654 seed=2 attempt 2/3 failed (OPENROUTER_API_KEY not set); retrying in 4s
[ERROR] prime failed task=real_hotpotqa_00050_5ae1452c554299422ee99654 seed=2: OPENROUTER_API_KEY not set
[RETRY] prime task=real_hotpotqa_00051_5a70f4695542994082a3e435 seed=0 attempt 1/3 failed (OPENROUTER_API_KEY not set); retrying in 2s
[RETRY] prime task=real_hotpotqa_00051_5a70f4695542994082a3e435 seed=0 attempt 2/3 failed (OPENROUTER_API_KEY not set); retrying in 4s
[ERROR] prime failed task=real_hotpotqa_00051_5a70f4695542994082a3e435 seed=0: OPENROUTER_API_KEY not set
[RETRY] prime task=real_hotpotqa_00051_5a70f4695542994082a3e435 seed=1 attempt 1/3 failed (OPENROUTER_API_KEY not set); retrying in 2s
[RETRY] prime task=real_hotpotqa_00051_5a70f4695542994082a3e435 seed=1 attempt 2/3 failed (OPENROUTER_API_KEY not set); retrying in 4s
[ERROR] prime failed task=real_hotpotqa_00051_5a70f4695542994082a3e435 seed=1: OPENROUTER_API_KEY not set
[RETRY] prime task=real_hotpotqa_00051_5a70f4695542994082a3e435 seed=2 attempt 1/3 failed (OPENROUTER_API_KEY not set); retrying in 2s
[RETRY] prime task=real_hotpotqa_00051_5a70f4695542994082a3e435 seed=2 attempt 2/3 failed (OPENROUTER_API_KEY not set); retrying in 4s
[ERROR] prime failed task=real_hotpotqa_00051_5a70f4695542994082a3e435 seed=2: OPENROUTER_API_KEY not set
[RETRY] prime task=real_hotpotqa_00052_5ae234e85542994d89d5b395 seed=0 attempt 1/3 failed (OPENROUTER_API_KEY not set); retrying in 2s
[RETRY] prime task=real_hotpotqa_00052_5ae234e85542994d89d5b395 seed=0 attempt 2/3 failed (OPENROUTER_API_KEY not set); retrying in 4s
[ERROR] prime failed task=real_hotpotqa_00052_5ae234e85542994d89d5b395 seed=0: OPENROUTER_API_KEY not set
[RETRY] prime task=real_hotpotqa_00052_5ae234e85542994d89d5b395 seed=1 attempt 1/3 failed (OPENROUTER_API_KEY not set); retrying in 2s
[RETRY] prime task=real_hotpotqa_00052_5ae234e85542994d89d5b395 seed=1 attempt 2/3 failed (OPENROUTER_API_KEY not set); retrying in 4s
[ERROR] prime failed task=real_hotpotqa_00052_5ae234e85542994d89d5b395 seed=1: OPENROUTER_API_KEY not set
[RETRY] prime task=real_hotpotqa_00052_5ae234e85542994d89d5b395 seed=2 attempt 1/3 failed (OPENROUTER_API_KEY not set); retrying in 2s
[RETRY] prime task=real_hotpotqa_00052_5ae234e85542994d89d5b395 seed=2 attempt 2/3 failed (OPENROUTER_API_KEY not set); retrying in 4s
[ERROR] prime failed task=real_hotpotqa_00052_5ae234e85542994d89d5b395 seed=2: OPENROUTER_API_KEY not set
[RETRY] prime task=real_hotpotqa_00053_5ae4ec1e5542990ba0bbb19b seed=0 attempt 1/3 failed (OPENROUTER_API_KEY not set); retrying in 2s
[RETRY] prime task=real_hotpotqa_00053_5ae4ec1e5542990ba0bbb19b seed=0 attempt 2/3 failed (OPENROUTER_API_KEY not set); retrying in 4s
[ERROR] prime failed task=real_hotpotqa_00053_5ae4ec1e5542990ba0bbb19b seed=0: OPENROUTER_API_KEY not set
[RETRY] prime task=real_hotpotqa_00053_5ae4ec1e5542990ba0bbb19b seed=1 attempt 1/3 failed (OPENROUTER_API_KEY not set); retrying in 2s
[RETRY] prime task=real_hotpotqa_00053_5ae4ec1e5542990ba0bbb19b seed=1 attempt 2/3 failed (OPENROUTER_API_KEY not set); retrying in 4s
[ERROR] prime failed task=real_hotpotqa_00053_5ae4ec1e5542990ba0bbb19b seed=1: OPENROUTER_API_KEY not set
[RETRY] prime task=real_hotpotqa_00053_5ae4ec1e5542990ba0bbb19b seed=2 attempt 1/3 failed (OPENROUTER_API_KEY not set); retrying in 2s
[RETRY] prime task=real_hotpotqa_00053_5ae4ec1e5542990ba0bbb19b seed=2 attempt 2/3 failed (OPENROUTER_API_KEY not set); retrying in 4s
[ERROR] prime failed task=real_hotpotqa_00053_5ae4ec1e5542990ba0bbb19b seed=2: OPENROUTER_API_KEY not set
[RETRY] prime task=real_hotpotqa_00054_5ab7ef0f5542991d322237ca seed=0 attempt 1/3 failed (OPENROUTER_API_KEY not set); retrying in 2s
[RETRY] prime task=real_hotpotqa_00054_5ab7ef0f5542991d322237ca seed=0 attempt 2/3 failed (OPENROUTER_API_KEY not set); retrying in 4s
[ERROR] prime failed task=real_hotpotqa_00054_5ab7ef0f5542991d322237ca seed=0: OPENROUTER_API_KEY not set
[RETRY] prime task=real_hotpotqa_00054_5ab7ef0f5542991d322237ca seed=1 attempt 1/3 failed (OPENROUTER_API_KEY not set); retrying in 2s
[RETRY] prime task=real_hotpotqa_00054_5ab7ef0f5542991d322237ca seed=1 attempt 2/3 failed (OPENROUTER_API_KEY not set); retrying in 4s
[ERROR] prime failed task=real_hotpotqa_00054_5ab7ef0f5542991d322237ca seed=1: OPENROUTER_API_KEY not set
[RETRY] prime task=real_hotpotqa_00054_5ab7ef0f5542991d322237ca seed=2 attempt 1/3 failed (OPENROUTER_API_KEY not set); retrying in 2s
[RETRY] prime task=real_hotpotqa_00054_5ab7ef0f5542991d322237ca seed=2 attempt 2/3 failed (OPENROUTER_API_KEY not set); retrying in 4s
[ERROR] prime failed task=real_hotpotqa_00054_5ab7ef0f5542991d322237ca seed=2: OPENROUTER_API_KEY not set
[RETRY] prime task=real_hotpotqa_00055_5a8fb3af5542997ba9cb32ee seed=0 attempt 1/3 failed (OPENROUTER_API_KEY not set); retrying in 2s
[RETRY] prime task=real_hotpotqa_00055_5a8fb3af5542997ba9cb32ee seed=0 attempt 2/3 failed (OPENROUTER_API_KEY not set); retrying in 4s
[ERROR] prime failed task=real_hotpotqa_00055_5a8fb3af5542997ba9cb32ee seed=0: OPENROUTER_API_KEY not set
[RETRY] prime task=real_hotpotqa_00055_5a8fb3af5542997ba9cb32ee seed=1 attempt 1/3 failed (OPENROUTER_API_KEY not set); retrying in 2s
[RETRY] prime task=real_hotpotqa_00055_5a8fb3af5542997ba9cb32ee seed=1 attempt 2/3 failed (OPENROUTER_API_KEY not set); retrying in 4s
[ERROR] prime failed task=real_hotpotqa_00055_5a8fb3af5542997ba9cb32ee seed=1: OPENROUTER_API_KEY not set
[RETRY] prime task=real_hotpotqa_00055_5a8fb3af5542997ba9cb32ee seed=2 attempt 1/3 failed (OPENROUTER_API_KEY not set); retrying in 2s
[RETRY] prime task=real_hotpotqa_00055_5a8fb3af5542997ba9cb32ee seed=2 attempt 2/3 failed (OPENROUTER_API_KEY not set); retrying in 4s
[ERROR] prime failed task=real_hotpotqa_00055_5a8fb3af5542997ba9cb32ee seed=2: OPENROUTER_API_KEY not set
[RETRY] prime task=real_hotpotqa_00056_5a78e86f55429974737f78fb seed=0 attempt 1/3 failed (OPENROUTER_API_KEY not set); retrying in 2s
[RETRY] prime task=real_hotpotqa_00056_5a78e86f55429974737f78fb seed=0 attempt 2/3 failed (OPENROUTER_API_KEY not set); retrying in 4s
[ERROR] prime failed task=real_hotpotqa_00056_5a78e86f55429974737f78fb seed=0: OPENROUTER_API_KEY not set
[RETRY] prime task=real_hotpotqa_00056_5a78e86f55429974737f78fb seed=1 attempt 1/3 failed (OPENROUTER_API_KEY not set); retrying in 2s
[RETRY] prime task=real_hotpotqa_00056_5a78e86f55429974737f78fb seed=1 attempt 2/3 failed (OPENROUTER_API_KEY not set); retrying in 4s
[ERROR] prime failed task=real_hotpotqa_00056_5a78e86f55429974737f78fb seed=1: OPENROUTER_API_KEY not set
[RETRY] prime task=real_hotpotqa_00056_5a78e86f55429974737f78fb seed=2 attempt 1/3 failed (OPENROUTER_API_KEY not set); retrying in 2s
[RETRY] prime task=real_hotpotqa_00056_5a78e86f55429974737f78fb seed=2 attempt 2/3 failed (OPENROUTER_API_KEY not set); retrying in 4s
[ERROR] prime failed task=real_hotpotqa_00056_5a78e86f55429974737f78fb seed=2: OPENROUTER_API_KEY not set
[RETRY] prime task=real_hotpotqa_00057_5a89e2785542992e4fca843d seed=0 attempt 1/3 failed (OPENROUTER_API_KEY not set); retrying in 2s
[RETRY] prime task=real_hotpotqa_00057_5a89e2785542992e4fca843d seed=0 attempt 2/3 failed (OPENROUTER_API_KEY not set); retrying in 4s
[ERROR] prime failed task=real_hotpotqa_00057_5a89e2785542992e4fca843d seed=0: OPENROUTER_API_KEY not set
[RETRY] prime task=real_hotpotqa_00057_5a89e2785542992e4fca843d seed=1 attempt 1/3 failed (OPENROUTER_API_KEY not set); retrying in 2s
[RETRY] prime task=real_hotpotqa_00057_5a89e2785542992e4fca843d seed=1 attempt 2/3 failed (OPENROUTER_API_KEY not set); retrying in 4s
[ERROR] prime failed task=real_hotpotqa_00057_5a89e2785542992e4fca843d seed=1: OPENROUTER_API_KEY not set
[RETRY] prime task=real_hotpotqa_00057_5a89e2785542992e4fca843d seed=2 attempt 1/3 failed (OPENROUTER_API_KEY not set); retrying in 2s
[RETRY] prime task=real_hotpotqa_00057_5a89e2785542992e4fca843d seed=2 attempt 2/3 failed (OPENROUTER_API_KEY not set); retrying in 4s
[ERROR] prime failed task=real_hotpotqa_00057_5a89e2785542992e4fca843d seed=2: OPENROUTER_API_KEY not set
[RETRY] prime task=real_hotpotqa_00058_5a72ac8a5542992359bc3164 seed=0 attempt 1/3 failed (OPENROUTER_API_KEY not set); retrying in 2s
[RETRY] prime task=real_hotpotqa_00058_5a72ac8a5542992359bc3164 seed=0 attempt 2/3 failed (OPENROUTER_API_KEY not set); retrying in 4s
[ERROR] prime failed task=real_hotpotqa_00058_5a72ac8a5542992359bc3164 seed=0: OPENROUTER_API_KEY not set
[RETRY] prime task=real_hotpotqa_00058_5a72ac8a5542992359bc3164 seed=1 attempt 1/3 failed (OPENROUTER_API_KEY not set); retrying in 2s
[RETRY] prime task=real_hotpotqa_00058_5a72ac8a5542992359bc3164 seed=1 attempt 2/3 failed (OPENROUTER_API_KEY not set); retrying in 4s
[ERROR] prime failed task=real_hotpotqa_00058_5a72ac8a5542992359bc3164 seed=1: OPENROUTER_API_KEY not set
[RETRY] prime task=real_hotpotqa_00058_5a72ac8a5542992359bc3164 seed=2 attempt 1/3 failed (OPENROUTER_API_KEY not set); retrying in 2s
[RETRY] prime task=real_hotpotqa_00058_5a72ac8a5542992359bc3164 seed=2 attempt 2/3 failed (OPENROUTER_API_KEY not set); retrying in 4s
[ERROR] prime failed task=real_hotpotqa_00058_5a72ac8a5542992359bc3164 seed=2: OPENROUTER_API_KEY not set
[RETRY] prime task=real_hotpotqa_00059_5a77c15f5542997042120b1c seed=0 attempt 1/3 failed (OPENROUTER_API_KEY not set); retrying in 2s
[RETRY] prime task=real_hotpotqa_00059_5a77c15f5542997042120b1c seed=0 attempt 2/3 failed (OPENROUTER_API_KEY not set); retrying in 4s
[ERROR] prime failed task=real_hotpotqa_00059_5a77c15f5542997042120b1c seed=0: OPENROUTER_API_KEY not set
[RETRY] prime task=real_hotpotqa_00059_5a77c15f5542997042120b1c seed=1 attempt 1/3 failed (OPENROUTER_API_KEY not set); retrying in 2s
[RETRY] prime task=real_hotpotqa_00059_5a77c15f5542997042120b1c seed=1 attempt 2/3 failed (OPENROUTER_API_KEY not set); retrying in 4s
[ERROR] prime failed task=real_hotpotqa_00059_5a77c15f5542997042120b1c seed=1: OPENROUTER_API_KEY not set
[RETRY] prime task=real_hotpotqa_00059_5a77c15f5542997042120b1c seed=2 attempt 1/3 failed (OPENROUTER_API_KEY not set); retrying in 2s
[RETRY] prime task=real_hotpotqa_00059_5a77c15f5542997042120b1c seed=2 attempt 2/3 failed (OPENROUTER_API_KEY not set); retrying in 4s
[ERROR] prime failed task=real_hotpotqa_00059_5a77c15f5542997042120b1c seed=2: OPENROUTER_API_KEY not set
Loaded 12 examples for hotpotqa_real (bench_seed=42), rho=0.0, seeds=[0, 1, 2]

--- run summary ---
rows written: 0  errors: 36
total tokens_input=0  total tokens_output=0  grand_total=0
Warning: You are sending unauthenticated requests to the HF Hub. Please set a HF_TOKEN to enable higher rate limits and faster downloads.
Loaded 12 examples for hotpotqa_real (bench_seed=42), rho=0.0, seeds=[0, 1, 2]
  real_hotpotqa_00048_5ae164685542997b2ef7d1cb seed=0 arm=reflexion: true_success=True believed=True abstained=None tokens=(1642,331)
  real_hotpotqa_00048_5ae164685542997b2ef7d1cb seed=0 arm=intro_specter: true_success=True believed=True abstained=False tokens=(3885,945)
  real_hotpotqa_00048_5ae164685542997b2ef7d1cb seed=1 arm=reflexion: true_success=True believed=True abstained=None tokens=(1642,331)
  real_hotpotqa_00048_5ae164685542997b2ef7d1cb seed=1 arm=intro_specter: true_success=True believed=True abstained=False tokens=(3885,945)
  real_hotpotqa_00048_5ae164685542997b2ef7d1cb seed=2 arm=reflexion: true_success=True believed=True abstained=None tokens=(1642,213)
  real_hotpotqa_00048_5ae164685542997b2ef7d1cb seed=2 arm=intro_specter: true_success=True believed=True abstained=False tokens=(3732,481)
  real_hotpotqa_00049_5ae5736e5542990ba0bbb2b3 seed=0 arm=reflexion: true_success=True believed=True abstained=None tokens=(1673,326)
  real_hotpotqa_00049_5ae5736e5542990ba0bbb2b3 seed=0 arm=intro_specter: true_success=True believed=True abstained=False tokens=(3921,729)
  real_hotpotqa_00049_5ae5736e5542990ba0bbb2b3 seed=1 arm=reflexion: true_success=True believed=True abstained=None tokens=(1673,326)
  real_hotpotqa_00049_5ae5736e5542990ba0bbb2b3 seed=1 arm=intro_specter: true_success=True believed=True abstained=False tokens=(3921,729)
  real_hotpotqa_00049_5ae5736e5542990ba0bbb2b3 seed=2 arm=reflexion: true_success=True believed=True abstained=None tokens=(1673,344)
  real_hotpotqa_00049_5ae5736e5542990ba0bbb2b3 seed=2 arm=intro_specter: true_success=True believed=True abstained=False tokens=(3939,755)
  real_hotpotqa_00050_5ae1452c554299422ee99654 seed=0 arm=reflexion: true_success=True believed=True abstained=None tokens=(1715,381)
  real_hotpotqa_00050_5ae1452c554299422ee99654 seed=0 arm=intro_specter: true_success=True believed=True abstained=False tokens=(4081,887)
  real_hotpotqa_00050_5ae1452c554299422ee99654 seed=1 arm=reflexion: true_success=True believed=True abstained=None tokens=(1715,381)
  real_hotpotqa_00050_5ae1452c554299422ee99654 seed=1 arm=intro_specter: true_success=True believed=True abstained=False tokens=(4081,887)
  real_hotpotqa_00050_5ae1452c554299422ee99654 seed=2 arm=reflexion: true_success=True believed=True abstained=None tokens=(1715,437)
  real_hotpotqa_00050_5ae1452c554299422ee99654 seed=2 arm=intro_specter: true_success=True believed=True abstained=False tokens=(4138,955)
  real_hotpotqa_00051_5a70f4695542994082a3e435 seed=0 arm=reflexion: true_success=True believed=True abstained=None tokens=(1572,413)
  real_hotpotqa_00051_5a70f4695542994082a3e435 seed=0 arm=intro_specter: true_success=True believed=True abstained=False tokens=(3851,1032)
  real_hotpotqa_00051_5a70f4695542994082a3e435 seed=1 arm=reflexion: true_success=True believed=True abstained=None tokens=(1572,413)
  real_hotpotqa_00051_5a70f4695542994082a3e435 seed=1 arm=intro_specter: true_success=True believed=True abstained=False tokens=(3851,1032)
  real_hotpotqa_00051_5a70f4695542994082a3e435 seed=2 arm=reflexion: true_success=True believed=True abstained=None tokens=(1572,378)
  real_hotpotqa_00051_5a70f4695542994082a3e435 seed=2 arm=intro_specter: true_success=True believed=True abstained=False tokens=(3795,756)
  real_hotpotqa_00052_5ae234e85542994d89d5b395 seed=0 arm=reflexion: true_success=False believed=False abstained=None tokens=(11765,1935)
  real_hotpotqa_00052_5ae234e85542994d89d5b395 seed=0 arm=intro_specter: true_success=True believed=True abstained=False tokens=(4142,675)
  real_hotpotqa_00052_5ae234e85542994d89d5b395 seed=1 arm=reflexion: true_success=False believed=False abstained=None tokens=(11765,1935)
  real_hotpotqa_00052_5ae234e85542994d89d5b395 seed=1 arm=intro_specter: true_success=True believed=True abstained=False tokens=(4142,675)
  real_hotpotqa_00052_5ae234e85542994d89d5b395 seed=2 arm=reflexion: true_success=True believed=True abstained=None tokens=(1796,280)
  real_hotpotqa_00052_5ae234e85542994d89d5b395 seed=2 arm=intro_specter: true_success=True believed=True abstained=False tokens=(4102,639)
  real_hotpotqa_00053_5ae4ec1e5542990ba0bbb19b seed=0 arm=reflexion: true_success=True believed=True abstained=None tokens=(1600,542)
  real_hotpotqa_00053_5ae4ec1e5542990ba0bbb19b seed=0 arm=intro_specter: true_success=True believed=True abstained=False tokens=(4073,1146)
  real_hotpotqa_00053_5ae4ec1e5542990ba0bbb19b seed=1 arm=reflexion: true_success=True believed=True abstained=None tokens=(1600,542)
  real_hotpotqa_00053_5ae4ec1e5542990ba0bbb19b seed=1 arm=intro_specter: true_success=True believed=True abstained=False tokens=(4073,1146)
  real_hotpotqa_00053_5ae4ec1e5542990ba0bbb19b seed=2 arm=reflexion: true_success=True believed=True abstained=None tokens=(1600,318)
  real_hotpotqa_00053_5ae4ec1e5542990ba0bbb19b seed=2 arm=intro_specter: true_success=True believed=True abstained=False tokens=(3765,956)
  real_hotpotqa_00054_5ab7ef0f5542991d322237ca seed=0 arm=reflexion: true_success=True believed=True abstained=None tokens=(1784,353)
  real_hotpotqa_00054_5ab7ef0f5542991d322237ca seed=0 arm=intro_specter: true_success=True believed=True abstained=False tokens=(4191,935)
  real_hotpotqa_00054_5ab7ef0f5542991d322237ca seed=1 arm=reflexion: true_success=True believed=True abstained=None tokens=(1784,353)
  real_hotpotqa_00054_5ab7ef0f5542991d322237ca seed=1 arm=intro_specter: true_success=True believed=True abstained=False tokens=(4191,935)
  real_hotpotqa_00054_5ab7ef0f5542991d322237ca seed=2 arm=reflexion: true_success=True believed=True abstained=None tokens=(1784,365)
  real_hotpotqa_00054_5ab7ef0f5542991d322237ca seed=2 arm=intro_specter: true_success=True believed=True abstained=False tokens=(4203,810)
  real_hotpotqa_00055_5a8fb3af5542997ba9cb32ee seed=0 arm=reflexion: true_success=False believed=False abstained=None tokens=(10609,1722)
  real_hotpotqa_00055_5a8fb3af5542997ba9cb32ee seed=0 arm=intro_specter: true_success=True believed=True abstained=False tokens=(3834,832)
  real_hotpotqa_00055_5a8fb3af5542997ba9cb32ee seed=1 arm=reflexion: true_success=False believed=False abstained=None tokens=(10609,1722)
  real_hotpotqa_00055_5a8fb3af5542997ba9cb32ee seed=1 arm=intro_specter: true_success=True believed=True abstained=False tokens=(3834,832)
  real_hotpotqa_00055_5a8fb3af5542997ba9cb32ee seed=2 arm=reflexion: true_success=True believed=True abstained=None tokens=(1568,388)
  real_hotpotqa_00055_5a8fb3af5542997ba9cb32ee seed=2 arm=intro_specter: true_success=True believed=True abstained=False tokens=(3792,748)
  real_hotpotqa_00056_5a78e86f55429974737f78fb seed=0 arm=reflexion: true_success=True believed=True abstained=None tokens=(6618,974)
  real_hotpotqa_00056_5a78e86f55429974737f78fb seed=0 arm=intro_specter: true_success=True believed=True abstained=False tokens=(4389,591)
  real_hotpotqa_00056_5a78e86f55429974737f78fb seed=1 arm=reflexion: true_success=True believed=True abstained=None tokens=(6618,974)
  real_hotpotqa_00056_5a78e86f55429974737f78fb seed=1 arm=intro_specter: true_success=True believed=True abstained=False tokens=(4389,591)
  real_hotpotqa_00056_5a78e86f55429974737f78fb seed=2 arm=reflexion: true_success=True believed=True abstained=None tokens=(1897,304)
  real_hotpotqa_00056_5a78e86f55429974737f78fb seed=2 arm=intro_specter: true_success=True believed=True abstained=False tokens=(4348,819)
  real_hotpotqa_00057_5a89e2785542992e4fca843d seed=0 arm=reflexion: true_success=True believed=True abstained=None tokens=(1609,455)
  real_hotpotqa_00057_5a89e2785542992e4fca843d seed=0 arm=intro_specter: true_success=True believed=True abstained=False tokens=(3985,750)
  real_hotpotqa_00057_5a89e2785542992e4fca843d seed=1 arm=reflexion: true_success=True believed=True abstained=None tokens=(1609,455)
  real_hotpotqa_00057_5a89e2785542992e4fca843d seed=1 arm=intro_specter: true_success=True believed=True abstained=False tokens=(3985,750)
  real_hotpotqa_00057_5a89e2785542992e4fca843d seed=2 arm=reflexion: true_success=True believed=True abstained=None tokens=(1608,144)
  real_hotpotqa_00057_5a89e2785542992e4fca843d seed=2 arm=intro_specter: true_success=True believed=True abstained=False tokens=(3548,348)
  real_hotpotqa_00058_5a72ac8a5542992359bc3164 seed=0 arm=reflexion: true_success=True believed=True abstained=None tokens=(1815,313)
  real_hotpotqa_00058_5a72ac8a5542992359bc3164 seed=0 arm=intro_specter: true_success=True believed=True abstained=False tokens=(4193,731)
  real_hotpotqa_00058_5a72ac8a5542992359bc3164 seed=1 arm=reflexion: true_success=True believed=True abstained=None tokens=(1815,313)
  real_hotpotqa_00058_5a72ac8a5542992359bc3164 seed=1 arm=intro_specter: true_success=True believed=True abstained=False tokens=(4193,731)
  real_hotpotqa_00058_5a72ac8a5542992359bc3164 seed=2 arm=reflexion: true_success=True believed=True abstained=None tokens=(1815,313)
  real_hotpotqa_00058_5a72ac8a5542992359bc3164 seed=2 arm=intro_specter: true_success=True believed=True abstained=False tokens=(4192,706)
  real_hotpotqa_00059_5a77c15f5542997042120b1c seed=0 arm=reflexion: true_success=True believed=True abstained=None tokens=(1633,320)
  real_hotpotqa_00059_5a77c15f5542997042120b1c seed=0 arm=intro_specter: true_success=True believed=True abstained=False tokens=(3838,877)
  real_hotpotqa_00059_5a77c15f5542997042120b1c seed=1 arm=reflexion: true_success=True believed=True abstained=None tokens=(1633,320)
  real_hotpotqa_00059_5a77c15f5542997042120b1c seed=1 arm=intro_specter: true_success=True believed=True abstained=False tokens=(3838,877)
  real_hotpotqa_00059_5a77c15f5542997042120b1c seed=2 arm=reflexion: true_success=True believed=True abstained=None tokens=(1633,332)
  real_hotpotqa_00059_5a77c15f5542997042120b1c seed=2 arm=intro_specter: true_success=True believed=True abstained=False tokens=(3848,834)

--- run summary ---
rows written: 72  errors: 0
total tokens_input=252541  total tokens_output=49013  grand_total=301554
