[RETRY] intro_specter task=real_musique_00048_3hop2__89048_228_66294 seed=0 attempt 1/3 failed (Connection error.); retrying in 2s
[RETRY] intro_specter task=real_musique_00048_3hop2__89048_228_66294 seed=0 attempt 2/3 failed (Connection error.); retrying in 4s
[ERROR] intro_specter failed task=real_musique_00048_3hop2__89048_228_66294 seed=0: Connection error.
[RETRY] prime task=real_musique_00049_3hop1__86965_488922_4093 seed=0 attempt 1/3 failed (Connection error.); retrying in 2s
[RETRY] prime task=real_musique_00049_3hop1__86965_488922_4093 seed=0 attempt 2/3 failed (Connection error.); retrying in 4s
[ERROR] prime failed task=real_musique_00049_3hop1__86965_488922_4093 seed=0: Connection error.
[RETRY] prime task=real_musique_00050_3hop1__92251_34179_23375 seed=0 attempt 1/3 failed (Connection error.); retrying in 2s
[RETRY] prime task=real_musique_00050_3hop1__92251_34179_23375 seed=0 attempt 2/3 failed (Connection error.); retrying in 4s
[ERROR] prime failed task=real_musique_00050_3hop1__92251_34179_23375 seed=0: Connection error.
[RETRY] prime task=real_musique_00051_3hop2__132957_133264_40768 seed=0 attempt 1/3 failed (Connection error.); retrying in 2s
[RETRY] prime task=real_musique_00051_3hop2__132957_133264_40768 seed=0 attempt 2/3 failed (Connection error.); retrying in 4s
[ERROR] prime failed task=real_musique_00051_3hop2__132957_133264_40768 seed=0: Connection error.
[RETRY] prime task=real_musique_00052_3hop1__641921_42197_18397 seed=0 attempt 1/3 failed (Connection error.); retrying in 2s
[RETRY] prime task=real_musique_00052_3hop1__641921_42197_18397 seed=0 attempt 2/3 failed (Connection error.); retrying in 4s
[ERROR] prime failed task=real_musique_00052_3hop1__641921_42197_18397 seed=0: Connection error.
[RETRY] prime task=real_musique_00053_3hop1__142044_538202_84283 seed=0 attempt 1/3 failed (Connection error.); retrying in 2s
[RETRY] prime task=real_musique_00053_3hop1__142044_538202_84283 seed=0 attempt 2/3 failed (Connection error.); retrying in 4s
[ERROR] prime failed task=real_musique_00053_3hop1__142044_538202_84283 seed=0: Connection error.
[RETRY] prime task=real_musique_00054_3hop1__409517_547811_80702 seed=0 attempt 1/3 failed (Connection error.); retrying in 2s
[RETRY] prime task=real_musique_00054_3hop1__409517_547811_80702 seed=0 attempt 2/3 failed (Connection error.); retrying in 4s
[ERROR] prime failed task=real_musique_00054_3hop1__409517_547811_80702 seed=0: Connection error.
[RETRY] prime task=real_musique_00055_3hop1__106042_64399_59680 seed=0 attempt 1/3 failed (Connection error.); retrying in 2s
[RETRY] prime task=real_musique_00055_3hop1__106042_64399_59680 seed=0 attempt 2/3 failed (Connection error.); retrying in 4s
Resuming: 33 reflexion rows, 33 intro_specter rows already present, will be skipped.
Loaded 60 examples for musique_real (bench_seed=42), rho=0.0, seeds=[0]
  real_musique_00033_3hop1__768500_730460_78782 seed=0 arm=reflexion: true_success=True believed=True abstained=None tokens=(1545,533)
  real_musique_00033_3hop1__768500_730460_78782 seed=0 arm=intro_specter: true_success=True believed=True abstained=False tokens=(3958,829)
  real_musique_00034_3hop2__855821_467331_162182 seed=0 arm=reflexion: true_success=True believed=True abstained=None tokens=(1975,337)
  real_musique_00034_3hop2__855821_467331_162182 seed=0 arm=intro_specter: true_success=True believed=True abstained=False tokens=(4539,880)
  real_musique_00035_3hop2__30152_105395_20999 seed=0 arm=reflexion: true_success=False believed=False abstained=None tokens=(12500,2065)
  real_musique_00035_3hop2__30152_105395_20999 seed=0 arm=intro_specter: true_success=False believed=False abstained=False tokens=(4457,785)
  real_musique_00036_3hop1__847420_720378_15538 seed=0 arm=reflexion: true_success=False believed=False abstained=None tokens=(11217,1692)
  real_musique_00036_3hop1__847420_720378_15538 seed=0 arm=intro_specter: true_success=False believed=False abstained=False tokens=(3998,875)
  real_musique_00037_3hop1__662618_339990_54675 seed=0 arm=reflexion: true_success=True believed=True abstained=None tokens=(1822,405)
  real_musique_00037_3hop1__662618_339990_54675 seed=0 arm=intro_specter: true_success=True believed=True abstained=False tokens=(4321,706)
  real_musique_00038_3hop1__747772_514761_594810 seed=0 arm=reflexion: true_success=True believed=True abstained=None tokens=(1872,300)
  real_musique_00038_3hop1__747772_514761_594810 seed=0 arm=intro_specter: true_success=True believed=True abstained=False tokens=(4295,702)
  real_musique_00039_3hop1__131783_131926_90707 seed=0 arm=reflexion: true_success=True believed=True abstained=None tokens=(1817,297)
  real_musique_00039_3hop1__131783_131926_90707 seed=0 arm=intro_specter: true_success=True believed=True abstained=False tokens=(4161,716)
  real_musique_00040_3hop2__326964_263934_7713 seed=0 arm=reflexion: true_success=False believed=False abstained=None tokens=(12702,2209)
  real_musique_00040_3hop2__326964_263934_7713 seed=0 arm=intro_specter: true_success=False believed=False abstained=False tokens=(4457,817)
  real_musique_00041_3hop1__635099_131926_89261 seed=0 arm=reflexion: true_success=True believed=True abstained=None tokens=(1835,251)
  real_musique_00041_3hop1__635099_131926_89261 seed=0 arm=intro_specter: true_success=True believed=True abstained=False tokens=(4158,682)
  real_musique_00042_3hop1__109422_720914_41132 seed=0 arm=reflexion: true_success=True believed=True abstained=None tokens=(1890,356)
  real_musique_00042_3hop1__109422_720914_41132 seed=0 arm=intro_specter: true_success=True believed=True abstained=False tokens=(4387,640)
  real_musique_00043_3hop2__79512_16214_84681 seed=0 arm=reflexion: true_success=True believed=True abstained=None tokens=(12101,2270)
  real_musique_00043_3hop2__79512_16214_84681 seed=0 arm=intro_specter: true_success=False believed=False abstained=False tokens=(4244,598)
  real_musique_00044_3hop2__809962_89048_66294 seed=0 arm=reflexion: true_success=True believed=True abstained=None tokens=(6259,1213)
  real_musique_00044_3hop2__809962_89048_66294 seed=0 arm=intro_specter: true_success=True believed=True abstained=False tokens=(4079,932)
  real_musique_00045_3hop1__489567_443779_52195 seed=0 arm=reflexion: true_success=True believed=True abstained=None tokens=(1626,373)
  real_musique_00045_3hop1__489567_443779_52195 seed=0 arm=intro_specter: true_success=True believed=True abstained=False tokens=(3876,581)
  real_musique_00046_3hop1__401538_132457_47686 seed=0 arm=reflexion: true_success=True believed=True abstained=None tokens=(1674,306)
  real_musique_00046_3hop1__401538_132457_47686 seed=0 arm=intro_specter: true_success=True believed=True abstained=False tokens=(3905,689)
  real_musique_00047_3hop1__639955_834494_33939 seed=0 arm=reflexion: true_success=True believed=True abstained=None tokens=(1883,399)
  real_musique_00047_3hop1__639955_834494_33939 seed=0 arm=intro_specter: true_success=True believed=True abstained=False tokens=(4417,866)
  real_musique_00048_3hop2__89048_228_66294 seed=0 arm=reflexion: true_success=False believed=False abstained=None tokens=(11988,1479)
  real_musique_00055_3hop1__106042_64399_59680 seed=0 arm=reflexion: true_success=True believed=True abstained=None tokens=(1737,338)
  real_musique_00055_3hop1__106042_64399_59680 seed=0 arm=intro_specter: true_success=True believed=True abstained=False tokens=(4062,756)
  real_musique_00056_3hop1__742464_15840_36002 seed=0 arm=reflexion: true_success=True believed=True abstained=None tokens=(1810,380)
  real_musique_00056_3hop1__742464_15840_36002 seed=0 arm=intro_specter: true_success=True believed=True abstained=False tokens=(4250,595)
  real_musique_00057_3hop1__131783_131926_90707 seed=0 arm=reflexion: true_success=True believed=True abstained=None tokens=(1712,353)
  real_musique_00057_3hop1__131783_131926_90707 seed=0 arm=intro_specter: true_success=True believed=True abstained=False tokens=(4049,677)
  real_musique_00058_3hop1__465684_160545_34751 seed=0 arm=reflexion: true_success=True believed=True abstained=None tokens=(1696,346)
  real_musique_00058_3hop1__465684_160545_34751 seed=0 arm=intro_specter: true_success=True believed=True abstained=False tokens=(3989,831)
  real_musique_00059_3hop1__315504_629431_64412 seed=0 arm=reflexion: true_success=True believed=True abstained=None tokens=(7606,1241)
  real_musique_00059_3hop1__315504_629431_64412 seed=0 arm=intro_specter: true_success=True believed=True abstained=False tokens=(5004,1070)

--- run summary ---
rows written: 41  errors: 7
total tokens_input=183873  total tokens_output=32370  grand_total=216243
Resuming: 52 reflexion rows, 51 intro_specter rows already present, will be skipped.
Loaded 60 examples for musique_real (bench_seed=42), rho=0.1, seeds=[0]
  real_musique_00051_3hop2__132957_133264_40768 seed=0 arm=intro_specter: true_success=True believed=True abstained=False tokens=(4502,837)
  real_musique_00052_3hop1__641921_42197_18397 seed=0 arm=reflexion: true_success=True believed=True abstained=None tokens=(1826,336)
  real_musique_00052_3hop1__641921_42197_18397 seed=0 arm=intro_specter: true_success=True believed=True abstained=False tokens=(4238,650)
  real_musique_00053_3hop1__142044_538202_84283 seed=0 arm=reflexion: true_success=True believed=True abstained=None tokens=(1794,531)
  real_musique_00053_3hop1__142044_538202_84283 seed=0 arm=intro_specter: true_success=True believed=True abstained=False tokens=(4433,853)
  real_musique_00054_3hop1__409517_547811_80702 seed=0 arm=reflexion: true_success=True believed=True abstained=None tokens=(1950,225)
  real_musique_00054_3hop1__409517_547811_80702 seed=0 arm=intro_specter: true_success=True believed=True abstained=False tokens=(4355,630)
  real_musique_00055_3hop1__106042_64399_59680 seed=0 arm=reflexion: true_success=True believed=True abstained=None tokens=(1741,249)
  real_musique_00055_3hop1__106042_64399_59680 seed=0 arm=intro_specter: true_success=True believed=True abstained=False tokens=(3960,631)
  real_musique_00056_3hop1__742464_15840_36002 seed=0 arm=reflexion: true_success=True believed=True abstained=None tokens=(1802,504)
  real_musique_00056_3hop1__742464_15840_36002 seed=0 arm=intro_specter: true_success=True believed=True abstained=False tokens=(4470,1089)
  real_musique_00057_3hop1__131783_131926_90707 seed=0 arm=reflexion: true_success=True believed=True abstained=None tokens=(1706,299)
  real_musique_00057_3hop1__131783_131926_90707 seed=0 arm=intro_specter: true_success=True believed=True abstained=False tokens=(3940,604)
  real_musique_00058_3hop1__465684_160545_34751 seed=0 arm=reflexion: true_success=True believed=True abstained=None tokens=(1762,398)
  real_musique_00058_3hop1__465684_160545_34751 seed=0 arm=intro_specter: true_success=True believed=True abstained=False tokens=(4215,858)
  real_musique_00059_3hop1__315504_629431_64412 seed=0 arm=reflexion: true_success=False believed=False abstained=None tokens=(14481,2119)
  real_musique_00059_3hop1__315504_629431_64412 seed=0 arm=intro_specter: true_success=True believed=True abstained=False tokens=(5168,1276)

--- run summary ---
rows written: 17  errors: 0
total tokens_input=66343  total tokens_output=12089  grand_total=78432
Loaded 60 examples for musique_real (bench_seed=42), rho=0.3, seeds=[0]
  real_musique_00000_3hop1__617062_127905_80487 seed=0 arm=reflexion: true_success=True believed=True abstained=None tokens=(2040,285)
  real_musique_00000_3hop1__617062_127905_80487 seed=0 arm=intro_specter: true_success=True believed=True abstained=False tokens=(4596,689)
  real_musique_00001_3hop1__132968_40769_64047 seed=0 arm=reflexion: true_success=False believed=False abstained=None tokens=(10984,1883)
  real_musique_00001_3hop1__132968_40769_64047 seed=0 arm=intro_specter: true_success=True believed=True abstained=False tokens=(3930,886)
  real_musique_00002_3hop2__36852_326964_7713 seed=0 arm=reflexion: true_success=True believed=True abstained=None tokens=(1677,362)
  real_musique_00002_3hop2__36852_326964_7713 seed=0 arm=intro_specter: true_success=True believed=True abstained=False tokens=(3965,716)
  real_musique_00003_3hop1__813285_774554_64412 seed=0 arm=reflexion: true_success=True believed=True abstained=None tokens=(1971,249)
  real_musique_00003_3hop1__813285_774554_64412 seed=0 arm=intro_specter: true_success=True believed=True abstained=False tokens=(4428,700)
  real_musique_00004_3hop2__92991_28727_76291 seed=0 arm=reflexion: true_success=True believed=True abstained=None tokens=(1565,440)
  real_musique_00004_3hop2__92991_28727_76291 seed=0 arm=intro_specter: true_success=True believed=True abstained=False tokens=(3861,875)
  real_musique_00005_3hop1__446612_160545_60577 seed=0 arm=reflexion: true_success=True believed=True abstained=None tokens=(1783,209)
  real_musique_00005_3hop1__446612_160545_60577 seed=0 arm=intro_specter: true_success=True believed=True abstained=False tokens=(3984,512)
  real_musique_00006_3hop2__57233_106716_56883 seed=0 arm=reflexion: true_success=True believed=True abstained=None tokens=(1748,373)
  real_musique_00006_3hop2__57233_106716_56883 seed=0 arm=intro_specter: true_success=True believed=True abstained=False tokens=(4118,598)
  real_musique_00007_3hop1__313670_42197_18397 seed=0 arm=reflexion: true_success=False believed=False abstained=None tokens=(11226,1678)
  real_musique_00007_3hop1__313670_42197_18397 seed=0 arm=intro_specter: true_success=False believed=False abstained=False tokens=(4079,781)
  real_musique_00008_3hop1__639955_834494_34109 seed=0 arm=reflexion: true_success=True believed=True abstained=None tokens=(1955,311)
  real_musique_00008_3hop1__639955_834494_34109 seed=0 arm=intro_specter: true_success=True believed=True abstained=False tokens=(4472,780)
  real_musique_00009_3hop1__312146_720914_27537 seed=0 arm=reflexion: true_success=True believed=True abstained=None tokens=(1799,571)
  real_musique_00009_3hop1__312146_720914_27537 seed=0 arm=intro_specter: true_success=True believed=True abstained=False tokens=(4505,959)
  real_musique_00010_3hop1__24980_42197_18397 seed=0 arm=reflexion: true_success=True believed=True abstained=None tokens=(1725,507)
  real_musique_00010_3hop1__24980_42197_18397 seed=0 arm=intro_specter: true_success=True believed=True abstained=False tokens=(4268,992)
  real_musique_00011_3hop2__88342_93066_47738 seed=0 arm=reflexion: true_success=False believed=False abstained=None tokens=(13555,2474)
  real_musique_00011_3hop2__88342_93066_47738 seed=0 arm=intro_specter: true_success=True believed=True abstained=False tokens=(4704,1294)
  real_musique_00012_3hop1__567955_503371_21711 seed=0 arm=reflexion: true_success=True believed=True abstained=None tokens=(1662,377)
  real_musique_00012_3hop1__567955_503371_21711 seed=0 arm=intro_specter: true_success=True believed=True abstained=False tokens=(3972,659)
  real_musique_00013_3hop1__662618_339990_54675 seed=0 arm=reflexion: true_success=True believed=True abstained=None tokens=(1748,367)
  real_musique_00013_3hop1__662618_339990_54675 seed=0 arm=intro_specter: true_success=True believed=True abstained=False tokens=(4135,874)
  real_musique_00014_3hop1__145212_443779_52195 seed=0 arm=reflexion: true_success=True believed=True abstained=None tokens=(1990,559)
  real_musique_00014_3hop1__145212_443779_52195 seed=0 arm=intro_specter: true_success=True believed=True abstained=False tokens=(4873,1096)
  real_musique_00015_3hop1__337705_132457_47686 seed=0 arm=reflexion: true_success=True believed=True abstained=None tokens=(1571,541)
  real_musique_00015_3hop1__337705_132457_47686 seed=0 arm=intro_specter: true_success=True believed=True abstained=False tokens=(4018,761)
  real_musique_00016_3hop1__545624_2053_52946 seed=0 arm=reflexion: true_success=True believed=True abstained=None tokens=(1927,300)
  real_musique_00016_3hop1__545624_2053_52946 seed=0 arm=intro_specter: true_success=True believed=True abstained=False tokens=(4468,727)
  real_musique_00017_3hop1__108833_720914_27537 seed=0 arm=reflexion: true_success=True believed=True abstained=None tokens=(1673,214)
  real_musique_00017_3hop1__108833_720914_27537 seed=0 arm=intro_specter: true_success=True believed=True abstained=False tokens=(3768,589)
  real_musique_00018_3hop1__527372_339990_54675 seed=0 arm=reflexion: true_success=True believed=True abstained=None tokens=(1674,306)
  real_musique_00018_3hop1__527372_339990_54675 seed=0 arm=intro_specter: true_success=True believed=True abstained=False tokens=(3905,509)
  real_musique_00019_3hop1__365934_87694_64412 seed=0 arm=reflexion: true_success=True believed=True abstained=None tokens=(2180,253)
  real_musique_00019_3hop1__365934_87694_64412 seed=0 arm=intro_specter: true_success=True believed=True abstained=False tokens=(4898,577)
  real_musique_00020_3hop2__132957_379231_40768 seed=0 arm=reflexion: true_success=True believed=True abstained=None tokens=(12385,1841)
  real_musique_00020_3hop2__132957_379231_40768 seed=0 arm=intro_specter: true_success=False believed=False abstained=False tokens=(4405,705)
  real_musique_00021_3hop1__438364_443779_52195 seed=0 arm=reflexion: true_success=False believed=False abstained=None tokens=(10379,1479)
  real_musique_00021_3hop1__438364_443779_52195 seed=0 arm=intro_specter: true_success=True believed=True abstained=False tokens=(3752,650)
  real_musique_00022_3hop1__539312_744503_34754 seed=0 arm=reflexion: true_success=True believed=True abstained=None tokens=(1724,236)
  real_musique_00022_3hop1__539312_744503_34754 seed=0 arm=intro_specter: true_success=True believed=True abstained=False tokens=(3971,628)
  real_musique_00023_3hop1__133292_40769_64047 seed=0 arm=reflexion: true_success=True believed=True abstained=None tokens=(2148,345)
  real_musique_00023_3hop1__133292_40769_64047 seed=0 arm=intro_specter: true_success=True believed=True abstained=False tokens=(4892,851)
  real_musique_00024_3hop1__79039_131926_90707 seed=0 arm=reflexion: true_success=False believed=False abstained=None tokens=(10722,1574)
  real_musique_00024_3hop1__79039_131926_90707 seed=0 arm=intro_specter: true_success=True believed=True abstained=False tokens=(3893,824)
  real_musique_00025_3hop1__813285_774554_124169 seed=0 arm=reflexion: true_success=True believed=True abstained=None tokens=(1763,430)
  real_musique_00025_3hop1__813285_774554_124169 seed=0 arm=intro_specter: true_success=True believed=True abstained=False tokens=(4271,1070)
  real_musique_00026_3hop2__304722_796034_63959 seed=0 arm=reflexion: true_success=True believed=True abstained=None tokens=(1844,514)
  real_musique_00026_3hop2__304722_796034_63959 seed=0 arm=intro_specter: true_success=True believed=True abstained=False tokens=(4516,1127)
  real_musique_00027_3hop1__857_846_7798 seed=0 arm=reflexion: true_success=True believed=True abstained=None tokens=(1877,213)
  real_musique_00027_3hop1__857_846_7798 seed=0 arm=intro_specter: true_success=True believed=True abstained=False tokens=(4169,525)
  real_musique_00028_3hop2__304722_330033_63959 seed=0 arm=reflexion: true_success=False believed=False abstained=None tokens=(12094,1902)
  real_musique_00028_3hop2__304722_330033_63959 seed=0 arm=intro_specter: true_success=True believed=True abstained=False tokens=(4309,737)
  real_musique_00029_3hop1__136129_87694_64412 seed=0 arm=reflexion: true_success=True believed=True abstained=None tokens=(1876,292)
  real_musique_00029_3hop1__136129_87694_64412 seed=0 arm=intro_specter: true_success=True believed=True abstained=False tokens=(4273,621)
  real_musique_00030_3hop1__305282_282081_10972 seed=0 arm=reflexion: true_success=True believed=True abstained=None tokens=(6701,985)
  real_musique_00030_3hop1__305282_282081_10972 seed=0 arm=intro_specter: true_success=False believed=False abstained=False tokens=(4393,753)
  real_musique_00031_3hop2__6989_37759_74563 seed=0 arm=reflexion: true_success=True believed=True abstained=None tokens=(1698,350)
  real_musique_00031_3hop2__6989_37759_74563 seed=0 arm=intro_specter: true_success=True believed=True abstained=False tokens=(3994,814)
  real_musique_00032_3hop1__131783_131926_90707 seed=0 arm=reflexion: true_success=True believed=True abstained=None tokens=(1631,207)
  real_musique_00032_3hop1__131783_131926_90707 seed=0 arm=intro_specter: true_success=True believed=True abstained=False tokens=(3678,461)
  real_musique_00033_3hop1__768500_730460_78782 seed=0 arm=reflexion: true_success=True believed=True abstained=None tokens=(1609,290)
  real_musique_00033_3hop1__768500_730460_78782 seed=0 arm=intro_specter: true_success=True believed=True abstained=False tokens=(3761,709)
  real_musique_00034_3hop2__855821_467331_162182 seed=0 arm=reflexion: true_success=True believed=True abstained=None tokens=(1977,328)
  real_musique_00034_3hop2__855821_467331_162182 seed=0 arm=intro_specter: true_success=True believed=True abstained=False tokens=(4534,930)
  real_musique_00035_3hop2__30152_105395_20999 seed=0 arm=reflexion: true_success=False believed=False abstained=None tokens=(13094,2421)
  real_musique_00035_3hop2__30152_105395_20999 seed=0 arm=intro_specter: true_success=False believed=False abstained=False tokens=(4543,845)
  real_musique_00036_3hop1__847420_720378_15538 seed=0 arm=reflexion: true_success=False believed=False abstained=None tokens=(12100,2448)
  real_musique_00036_3hop1__847420_720378_15538 seed=0 arm=intro_specter: true_success=False believed=False abstained=False tokens=(4025,1197)
  real_musique_00037_3hop1__662618_339990_54675 seed=0 arm=reflexion: true_success=True believed=True abstained=None tokens=(1816,468)
  real_musique_00037_3hop1__662618_339990_54675 seed=0 arm=intro_specter: true_success=True believed=True abstained=False tokens=(4394,944)
  real_musique_00038_3hop1__747772_514761_594810 seed=0 arm=reflexion: true_success=True believed=True abstained=None tokens=(6667,930)
  real_musique_00038_3hop1__747772_514761_594810 seed=0 arm=intro_specter: true_success=True believed=True abstained=False tokens=(4437,755)
  real_musique_00039_3hop1__131783_131926_90707 seed=0 arm=reflexion: true_success=True believed=True abstained=None tokens=(1820,197)
  real_musique_00039_3hop1__131783_131926_90707 seed=0 arm=intro_specter: true_success=True believed=True abstained=False tokens=(4047,442)
  real_musique_00040_3hop2__326964_263934_7713 seed=0 arm=reflexion: true_success=False believed=False abstained=None tokens=(12394,1688)
  real_musique_00040_3hop2__326964_263934_7713 seed=0 arm=intro_specter: true_success=False believed=False abstained=False tokens=(4519,901)
  real_musique_00041_3hop1__635099_131926_89261 seed=0 arm=reflexion: true_success=True believed=True abstained=None tokens=(1835,358)
  real_musique_00041_3hop1__635099_131926_89261 seed=0 arm=intro_specter: true_success=True believed=True abstained=False tokens=(4279,878)
  real_musique_00042_3hop1__109422_720914_41132 seed=0 arm=reflexion: true_success=True believed=True abstained=None tokens=(1872,290)
  real_musique_00042_3hop1__109422_720914_41132 seed=0 arm=intro_specter: true_success=True believed=True abstained=False tokens=(4248,593)
  real_musique_00043_3hop2__79512_16214_84681 seed=0 arm=reflexion: true_success=False believed=False abstained=None tokens=(12544,2541)
  real_musique_00043_3hop2__79512_16214_84681 seed=0 arm=intro_specter: true_success=False believed=False abstained=False tokens=(4227,1229)
  real_musique_00044_3hop2__809962_89048_66294 seed=0 arm=reflexion: true_success=True believed=True abstained=None tokens=(10834,1416)
  real_musique_00044_3hop2__809962_89048_66294 seed=0 arm=intro_specter: true_success=True believed=True abstained=False tokens=(3984,742)
  real_musique_00045_3hop1__489567_443779_52195 seed=0 arm=reflexion: true_success=True believed=True abstained=None tokens=(1621,336)
  real_musique_00045_3hop1__489567_443779_52195 seed=0 arm=intro_specter: true_success=True believed=True abstained=False tokens=(3829,768)
  real_musique_00046_3hop1__401538_132457_47686 seed=0 arm=reflexion: true_success=True believed=True abstained=None tokens=(1679,365)
  real_musique_00046_3hop1__401538_132457_47686 seed=0 arm=intro_specter: true_success=True believed=True abstained=False tokens=(3995,976)
  real_musique_00047_3hop1__639955_834494_33939 seed=0 arm=reflexion: true_success=True believed=True abstained=None tokens=(1944,465)
  real_musique_00047_3hop1__639955_834494_33939 seed=0 arm=intro_specter: true_success=True believed=True abstained=False tokens=(4646,867)
  real_musique_00048_3hop2__89048_228_66294 seed=0 arm=reflexion: true_success=False believed=False abstained=None tokens=(12451,1709)
  real_musique_00048_3hop2__89048_228_66294 seed=0 arm=intro_specter: true_success=False believed=False abstained=False tokens=(4516,761)
  real_musique_00049_3hop1__86965_488922_4093 seed=0 arm=reflexion: true_success=True believed=True abstained=None tokens=(1657,380)
  real_musique_00049_3hop1__86965_488922_4093 seed=0 arm=intro_specter: true_success=True believed=True abstained=False tokens=(3943,698)
  real_musique_00050_3hop1__92251_34179_23375 seed=0 arm=reflexion: true_success=True believed=True abstained=None tokens=(1552,460)
  real_musique_00050_3hop1__92251_34179_23375 seed=0 arm=intro_specter: true_success=True believed=True abstained=False tokens=(3876,921)
  real_musique_00051_3hop2__132957_133264_40768 seed=0 arm=reflexion: true_success=True believed=True abstained=None tokens=(2108,294)
  real_musique_00051_3hop2__132957_133264_40768 seed=0 arm=intro_specter: true_success=True believed=True abstained=False tokens=(4740,843)
  real_musique_00052_3hop1__641921_42197_18397 seed=0 arm=reflexion: true_success=True believed=True abstained=None tokens=(1706,483)
  real_musique_00052_3hop1__641921_42197_18397 seed=0 arm=intro_specter: true_success=True believed=True abstained=False tokens=(4187,1001)
  real_musique_00053_3hop1__142044_538202_84283 seed=0 arm=reflexion: true_success=True believed=True abstained=None tokens=(1793,571)
  real_musique_00053_3hop1__142044_538202_84283 seed=0 arm=intro_specter: true_success=True believed=True abstained=False tokens=(4513,1025)
  real_musique_00054_3hop1__409517_547811_80702 seed=0 arm=reflexion: true_success=False believed=False abstained=None tokens=(11571,1336)
  real_musique_00054_3hop1__409517_547811_80702 seed=0 arm=intro_specter: true_success=True believed=True abstained=False tokens=(4299,573)
  real_musique_00055_3hop1__106042_64399_59680 seed=0 arm=reflexion: true_success=True believed=True abstained=None tokens=(1740,412)
  real_musique_00055_3hop1__106042_64399_59680 seed=0 arm=intro_specter: true_success=True believed=True abstained=False tokens=(4164,1113)
  real_musique_00056_3hop1__742464_15840_36002 seed=0 arm=reflexion: true_success=True believed=True abstained=None tokens=(1757,352)
  real_musique_00056_3hop1__742464_15840_36002 seed=0 arm=intro_specter: true_success=True believed=True abstained=False tokens=(4116,564)
  real_musique_00057_3hop1__131783_131926_90707 seed=0 arm=reflexion: true_success=True believed=True abstained=None tokens=(1772,287)
  real_musique_00057_3hop1__131783_131926_90707 seed=0 arm=intro_specter: true_success=True believed=True abstained=False tokens=(4061,564)
  real_musique_00058_3hop1__465684_160545_34751 seed=0 arm=reflexion: true_success=True believed=True abstained=None tokens=(1691,335)
  real_musique_00058_3hop1__465684_160545_34751 seed=0 arm=intro_specter: true_success=True believed=True abstained=False tokens=(3968,840)
  real_musique_00059_3hop1__315504_629431_64412 seed=0 arm=reflexion: true_success=False believed=False abstained=None tokens=(13248,1912)
  real_musique_00059_3hop1__315504_629431_64412 seed=0 arm=intro_specter: true_success=False believed=False abstained=False tokens=(4790,882)

--- run summary ---
rows written: 120  errors: 0
total tokens_input=524251  total tokens_output=93600  grand_total=617851
