Resuming: 32 reflexion rows, 31 intro_specter rows already present, will be skipped.
Loaded 60 examples for longmemeval_real (bench_seed=42), rho=0.0, seeds=[0]
  real_lme_00031_8ebdbe50 seed=0 arm=intro_specter: true_success=True believed=True abstained=False tokens=(4056,1201)
  real_lme_00032_22d2cb42 seed=0 arm=reflexion: true_success=True believed=True abstained=None tokens=(1867,236)
  real_lme_00032_22d2cb42 seed=0 arm=intro_specter: true_success=True believed=True abstained=False tokens=(4156,666)
  real_lme_00033_gpt4_385a5000 seed=0 arm=reflexion: true_success=True believed=True abstained=None tokens=(6268,295)
  real_lme_00033_gpt4_385a5000 seed=0 arm=intro_specter: true_success=False believed=False abstained=False tokens=(4318,321)
  real_lme_00034_95bcc1c8 seed=0 arm=reflexion: true_success=True believed=True abstained=None tokens=(1833,336)
  real_lme_00034_95bcc1c8 seed=0 arm=intro_specter: true_success=True believed=True abstained=False tokens=(4229,844)
  real_lme_00035_gpt4_2312f94c seed=0 arm=reflexion: true_success=True believed=True abstained=None tokens=(1860,260)
  real_lme_00035_gpt4_2312f94c seed=0 arm=intro_specter: true_success=True believed=True abstained=False tokens=(4209,687)
  real_lme_00036_gpt4_468eb063 seed=0 arm=reflexion: true_success=False believed=False abstained=None tokens=(11293,1310)
  real_lme_00036_gpt4_468eb063 seed=0 arm=intro_specter: true_success=False believed=False abstained=False tokens=(4197,673)
  real_lme_00037_faba32e5 seed=0 arm=reflexion: true_success=True believed=True abstained=None tokens=(1858,263)
  real_lme_00037_faba32e5 seed=0 arm=intro_specter: true_success=True believed=True abstained=False tokens=(4220,576)
  real_lme_00038_b86304ba seed=0 arm=reflexion: true_success=True believed=True abstained=None tokens=(11647,1452)
  real_lme_00038_b86304ba seed=0 arm=intro_specter: true_success=True believed=True abstained=False tokens=(4308,816)
  real_lme_00039_gpt4_d6585ce8 seed=0 arm=reflexion: true_success=True believed=True abstained=None tokens=(1945,700)
  real_lme_00039_gpt4_d6585ce8 seed=0 arm=intro_specter: true_success=True believed=True abstained=False tokens=(4946,1794)
  real_lme_00040_gpt4_0b2f1d21 seed=0 arm=reflexion: true_success=True believed=True abstained=None tokens=(1824,334)
  real_lme_00040_gpt4_0b2f1d21 seed=0 arm=intro_specter: true_success=True believed=True abstained=False tokens=(4234,840)
  real_lme_00041_5809eb10 seed=0 arm=reflexion: true_success=True believed=True abstained=None tokens=(1835,243)
  real_lme_00041_5809eb10 seed=0 arm=intro_specter: true_success=True believed=True abstained=False tokens=(4118,653)
  real_lme_00042_gpt4_5501fe77 seed=0 arm=reflexion: true_success=True believed=True abstained=None tokens=(1905,729)
  real_lme_00042_gpt4_5501fe77 seed=0 arm=intro_specter: true_success=True believed=True abstained=False tokens=(4957,2091)
  real_lme_00043_c2ac3c61 seed=0 arm=reflexion: true_success=True believed=True abstained=None tokens=(1912,192)
  real_lme_00043_c2ac3c61 seed=0 arm=intro_specter: true_success=True believed=True abstained=False tokens=(4201,532)
  real_lme_00044_gpt4_ec93e27f seed=0 arm=reflexion: true_success=True believed=True abstained=None tokens=(1971,379)
  real_lme_00044_gpt4_ec93e27f seed=0 arm=intro_specter: true_success=True believed=True abstained=False tokens=(4515,932)
  real_lme_00045_06db6396 seed=0 arm=reflexion: true_success=True believed=True abstained=None tokens=(1892,159)
  real_lme_00045_06db6396 seed=0 arm=intro_specter: true_success=True believed=True abstained=False tokens=(4106,592)
  real_lme_00046_dc439ea3 seed=0 arm=reflexion: true_success=True believed=True abstained=None tokens=(2009,106)
  real_lme_00046_dc439ea3 seed=0 arm=intro_specter: true_success=True believed=True abstained=False tokens=(4266,327)
  real_lme_00047_f685340e seed=0 arm=reflexion: true_success=False believed=False abstained=None tokens=(10239,596)
  real_lme_00047_f685340e seed=0 arm=intro_specter: true_success=False believed=False abstained=False tokens=(3995,461)
  real_lme_00048_dccbc061 seed=0 arm=reflexion: true_success=True believed=True abstained=None tokens=(1711,75)
  real_lme_00048_dccbc061 seed=0 arm=intro_specter: true_success=True believed=True abstained=False tokens=(3638,375)
  real_lme_00049_0862e8bf_abs seed=0 arm=reflexion: true_success=False believed=False abstained=None tokens=(11064,548)
  real_lme_00049_0862e8bf_abs seed=0 arm=intro_specter: true_success=True believed=True abstained=False tokens=(4347,408)
  real_lme_00050_0862e8bf seed=0 arm=reflexion: true_success=True believed=True abstained=None tokens=(1932,327)
  real_lme_00050_0862e8bf seed=0 arm=intro_specter: true_success=True believed=True abstained=False tokens=(4398,816)
  real_lme_00051_2ebe6c90 seed=0 arm=reflexion: true_success=True believed=True abstained=None tokens=(6476,992)
  real_lme_00051_2ebe6c90 seed=0 arm=intro_specter: true_success=False believed=False abstained=False tokens=(4284,1002)
  real_lme_00052_1faac195 seed=0 arm=reflexion: true_success=True believed=True abstained=None tokens=(1932,434)
  real_lme_00052_1faac195 seed=0 arm=intro_specter: true_success=True believed=True abstained=False tokens=(4566,1112)
  real_lme_00053_21d02d0d seed=0 arm=reflexion: true_success=False believed=False abstained=None tokens=(13008,1506)
  real_lme_00053_21d02d0d seed=0 arm=intro_specter: true_success=True believed=True abstained=False tokens=(4768,867)
  real_lme_00054_603deb26 seed=0 arm=reflexion: true_success=True believed=True abstained=None tokens=(7057,947)
  real_lme_00054_603deb26 seed=0 arm=intro_specter: true_success=True believed=True abstained=False tokens=(4664,834)
  real_lme_00055_7e974930 seed=0 arm=reflexion: true_success=True believed=True abstained=None tokens=(6987,1057)
  real_lme_00055_7e974930 seed=0 arm=intro_specter: true_success=True believed=True abstained=False tokens=(4607,921)
  real_lme_00056_27016adc seed=0 arm=reflexion: true_success=False believed=False abstained=None tokens=(11171,1353)
  real_lme_00056_27016adc seed=0 arm=intro_specter: true_success=True believed=True abstained=False tokens=(4194,1042)
  real_lme_00057_dd2973ad seed=0 arm=reflexion: true_success=True believed=True abstained=None tokens=(1991,197)
  real_lme_00057_dd2973ad seed=0 arm=intro_specter: true_success=True believed=True abstained=False tokens=(4362,510)
  real_lme_00058_b320f3f8 seed=0 arm=reflexion: true_success=True believed=True abstained=None tokens=(6003,838)
  real_lme_00058_b320f3f8 seed=0 arm=intro_specter: true_success=True believed=True abstained=False tokens=(3961,838)
  real_lme_00059_2ebe6c90 seed=0 arm=reflexion: true_success=True believed=True abstained=None tokens=(6514,1013)
  real_lme_00059_2ebe6c90 seed=0 arm=intro_specter: true_success=False believed=False abstained=False tokens=(4353,888)

--- run summary ---
rows written: 57  errors: 0
total tokens_input=263177  total tokens_output=40496  grand_total=303673
Loaded 60 examples for longmemeval_real (bench_seed=42), rho=0.1, seeds=[0]
  real_lme_00000_gpt4_2ba83207 seed=0 arm=reflexion: true_success=True believed=True abstained=None tokens=(6879,681)
  real_lme_00000_gpt4_2ba83207 seed=0 arm=intro_specter: true_success=True believed=True abstained=False tokens=(4595,550)
  real_lme_00001_603deb26 seed=0 arm=reflexion: true_success=True believed=True abstained=None tokens=(2239,397)
  real_lme_00001_603deb26 seed=0 arm=intro_specter: true_success=True believed=True abstained=False tokens=(5121,1005)
  real_lme_00002_51c32626 seed=0 arm=reflexion: true_success=True believed=True abstained=None tokens=(1914,78)
  real_lme_00002_51c32626 seed=0 arm=intro_specter: true_success=True believed=True abstained=False tokens=(4028,572)
  real_lme_00003_8550ddae seed=0 arm=reflexion: true_success=True believed=True abstained=None tokens=(1950,284)
  real_lme_00003_8550ddae seed=0 arm=intro_specter: true_success=True believed=True abstained=False tokens=(4389,785)
  real_lme_00004_gpt4_2655b836 seed=0 arm=reflexion: true_success=True believed=True abstained=None tokens=(1919,280)
  real_lme_00004_gpt4_2655b836 seed=0 arm=intro_specter: true_success=True believed=True abstained=False tokens=(4361,692)
  real_lme_00005_2698e78f_abs seed=0 arm=reflexion: true_success=False believed=False abstained=None tokens=(11942,1632)
  real_lme_00005_2698e78f_abs seed=0 arm=intro_specter: true_success=True believed=True abstained=False tokens=(4356,832)
  real_lme_00006_gpt4_1d80365e seed=0 arm=reflexion: true_success=False believed=False abstained=None tokens=(12227,2927)
  real_lme_00006_gpt4_1d80365e seed=0 arm=intro_specter: true_success=False believed=False abstained=False tokens=(4580,849)
  real_lme_00007_5025383b seed=0 arm=reflexion: true_success=True believed=True abstained=None tokens=(1663,74)
  real_lme_00007_5025383b seed=0 arm=intro_specter: true_success=True believed=True abstained=False tokens=(3542,205)
  real_lme_00008_gpt4_cd90e484 seed=0 arm=reflexion: true_success=True believed=True abstained=None tokens=(1805,75)
  real_lme_00008_gpt4_cd90e484 seed=0 arm=intro_specter: true_success=True believed=True abstained=False tokens=(3829,609)
  real_lme_00009_c19f7a0b seed=0 arm=reflexion: true_success=True believed=True abstained=None tokens=(6715,758)
  real_lme_00009_c19f7a0b seed=0 arm=intro_specter: true_success=True believed=True abstained=False tokens=(4469,689)
  real_lme_00010_0a34ad58 seed=0 arm=reflexion: true_success=False believed=False abstained=None tokens=(12870,1699)
  real_lme_00010_0a34ad58 seed=0 arm=intro_specter: true_success=False believed=False abstained=False tokens=(4680,783)
  real_lme_00011_gpt4_65aabe59 seed=0 arm=reflexion: true_success=True believed=True abstained=None tokens=(1999,338)
  real_lme_00011_gpt4_65aabe59 seed=0 arm=intro_specter: true_success=True believed=True abstained=False tokens=(4587,1025)
  real_lme_00012_d6233ab6 seed=0 arm=reflexion: true_success=False believed=False abstained=None tokens=(12986,2535)
  real_lme_00012_d6233ab6 seed=0 arm=intro_specter: true_success=False believed=False abstained=False tokens=(4335,1181)
  real_lme_00013_7024f17c seed=0 arm=reflexion: true_success=True believed=True abstained=None tokens=(1802,292)
  real_lme_00013_7024f17c seed=0 arm=intro_specter: true_success=True believed=True abstained=False tokens=(4123,813)
  real_lme_00014_gpt4_c27434e8_abs seed=0 arm=reflexion: true_success=False believed=False abstained=None tokens=(10940,1408)
  real_lme_00014_gpt4_c27434e8_abs seed=0 arm=intro_specter: true_success=True believed=True abstained=False tokens=(4011,774)
  real_lme_00015_6456829e seed=0 arm=reflexion: true_success=True believed=True abstained=None tokens=(2015,473)
  real_lme_00015_6456829e seed=0 arm=intro_specter: true_success=True believed=True abstained=False tokens=(4752,1306)
  real_lme_00016_f8c5f88b seed=0 arm=reflexion: true_success=True believed=True abstained=None tokens=(1939,266)
  real_lme_00016_f8c5f88b seed=0 arm=intro_specter: true_success=True believed=True abstained=False tokens=(4316,686)
  real_lme_00017_ba358f49_abs seed=0 arm=reflexion: true_success=False believed=False abstained=None tokens=(10975,663)
  real_lme_00017_ba358f49_abs seed=0 arm=intro_specter: true_success=True believed=True abstained=False tokens=(4322,237)
  real_lme_00018_gpt4_d31cdae3 seed=0 arm=reflexion: true_success=True believed=True abstained=None tokens=(2145,267)
  real_lme_00018_gpt4_d31cdae3 seed=0 arm=intro_specter: true_success=True believed=True abstained=False tokens=(4786,848)
  real_lme_00019_gpt4_e414231f seed=0 arm=reflexion: true_success=True believed=True abstained=None tokens=(1958,356)
  real_lme_00019_gpt4_e414231f seed=0 arm=intro_specter: true_success=True believed=True abstained=False tokens=(4459,795)
  real_lme_00020_2698e78f seed=0 arm=reflexion: true_success=True believed=True abstained=None tokens=(1702,282)
  real_lme_00020_2698e78f seed=0 arm=intro_specter: true_success=True believed=True abstained=False tokens=(3912,693)
  real_lme_00021_e56a43b9 seed=0 arm=reflexion: true_success=True believed=True abstained=None tokens=(2223,347)
  real_lme_00021_e56a43b9 seed=0 arm=intro_specter: true_success=True believed=True abstained=False tokens=(5040,766)
  real_lme_00022_6cb6f249 seed=0 arm=reflexion: true_success=True believed=True abstained=None tokens=(1868,352)
  real_lme_00022_6cb6f249 seed=0 arm=intro_specter: true_success=True believed=True abstained=False tokens=(4294,762)
  real_lme_00023_e48988bc seed=0 arm=reflexion: true_success=True believed=True abstained=None tokens=(1562,309)
  real_lme_00023_e48988bc seed=0 arm=intro_specter: true_success=True believed=True abstained=False tokens=(3617,721)
  real_lme_00024_gpt4_4ef30696 seed=0 arm=reflexion: true_success=True believed=True abstained=None tokens=(1935,361)
  real_lme_00024_gpt4_4ef30696 seed=0 arm=intro_specter: true_success=True believed=True abstained=False tokens=(4440,891)
  real_lme_00025_gpt4_4929293b seed=0 arm=reflexion: true_success=True believed=True abstained=None tokens=(6381,2156)
  real_lme_00025_gpt4_4929293b seed=0 arm=intro_specter: true_success=True believed=True abstained=False tokens=(4260,677)
  real_lme_00026_e6041065 seed=0 arm=reflexion: true_success=True believed=True abstained=None tokens=(6266,1173)
  real_lme_00026_e6041065 seed=0 arm=intro_specter: true_success=True believed=True abstained=False tokens=(4119,955)
  real_lme_00027_21d02d0d seed=0 arm=reflexion: true_success=True believed=True abstained=None tokens=(2151,813)
  real_lme_00027_21d02d0d seed=0 arm=intro_specter: true_success=True believed=True abstained=False tokens=(5511,1941)
  real_lme_00028_1f2b8d4f seed=0 arm=reflexion: true_success=True believed=True abstained=None tokens=(1931,226)
  real_lme_00028_1f2b8d4f seed=0 arm=intro_specter: true_success=True believed=True abstained=False tokens=(4297,716)
  real_lme_00029_a11281a2 seed=0 arm=reflexion: true_success=True believed=True abstained=None tokens=(1995,398)
  real_lme_00029_a11281a2 seed=0 arm=intro_specter: true_success=True believed=True abstained=False tokens=(4615,991)
  real_lme_00030_1de5cff2 seed=0 arm=reflexion: true_success=True believed=True abstained=None tokens=(1649,256)
  real_lme_00030_1de5cff2 seed=0 arm=intro_specter: true_success=True believed=True abstained=False tokens=(3725,764)
  real_lme_00031_8ebdbe50 seed=0 arm=reflexion: true_success=True believed=True abstained=None tokens=(1656,827)
  real_lme_00031_8ebdbe50 seed=0 arm=intro_specter: true_success=True believed=True abstained=False tokens=(4574,2265)
  real_lme_00032_22d2cb42 seed=0 arm=reflexion: true_success=True believed=True abstained=None tokens=(1860,81)
  real_lme_00032_22d2cb42 seed=0 arm=intro_specter: true_success=True believed=True abstained=False tokens=(3924,298)
  real_lme_00033_gpt4_385a5000 seed=0 arm=reflexion: true_success=True believed=True abstained=None tokens=(6271,294)
  real_lme_00033_gpt4_385a5000 seed=0 arm=intro_specter: true_success=True believed=True abstained=False tokens=(4290,472)
  real_lme_00034_95bcc1c8 seed=0 arm=reflexion: true_success=True believed=True abstained=None tokens=(6441,873)
  real_lme_00034_95bcc1c8 seed=0 arm=intro_specter: true_success=True believed=True abstained=False tokens=(4242,814)
  real_lme_00035_gpt4_2312f94c seed=0 arm=reflexion: true_success=True believed=True abstained=None tokens=(1808,255)
  real_lme_00035_gpt4_2312f94c seed=0 arm=intro_specter: true_success=True believed=True abstained=False tokens=(4080,726)
  real_lme_00036_gpt4_468eb063 seed=0 arm=reflexion: true_success=False believed=False abstained=None tokens=(10830,621)
  real_lme_00036_gpt4_468eb063 seed=0 arm=intro_specter: true_success=False believed=False abstained=False tokens=(4287,640)
  real_lme_00037_faba32e5 seed=0 arm=reflexion: true_success=True believed=True abstained=None tokens=(1878,253)
  real_lme_00037_faba32e5 seed=0 arm=intro_specter: true_success=True believed=True abstained=False tokens=(4194,650)
  real_lme_00038_b86304ba seed=0 arm=reflexion: true_success=False believed=False abstained=None tokens=(11362,2801)
  real_lme_00038_b86304ba seed=0 arm=intro_specter: true_success=True believed=True abstained=False tokens=(4227,690)
  real_lme_00039_gpt4_d6585ce8 seed=0 arm=reflexion: true_success=True believed=True abstained=None tokens=(1929,436)
  real_lme_00039_gpt4_d6585ce8 seed=0 arm=intro_specter: true_success=True believed=True abstained=False tokens=(4523,747)
  real_lme_00040_gpt4_0b2f1d21 seed=0 arm=reflexion: true_success=True believed=True abstained=None tokens=(1776,337)
  real_lme_00040_gpt4_0b2f1d21 seed=0 arm=intro_specter: true_success=True believed=True abstained=False tokens=(4141,842)
  real_lme_00041_5809eb10 seed=0 arm=reflexion: true_success=True believed=True abstained=None tokens=(1878,366)
  real_lme_00041_5809eb10 seed=0 arm=intro_specter: true_success=True believed=True abstained=False tokens=(4431,875)
  real_lme_00042_gpt4_5501fe77 seed=0 arm=reflexion: true_success=True believed=True abstained=None tokens=(1853,508)
  real_lme_00042_gpt4_5501fe77 seed=0 arm=intro_specter: true_success=True believed=True abstained=False tokens=(4548,1528)
  real_lme_00043_c2ac3c61 seed=0 arm=reflexion: true_success=True believed=True abstained=None tokens=(1990,179)
  real_lme_00043_c2ac3c61 seed=0 arm=intro_specter: true_success=True believed=True abstained=False tokens=(4324,489)
  real_lme_00044_gpt4_ec93e27f seed=0 arm=reflexion: true_success=True believed=True abstained=None tokens=(2017,285)
  real_lme_00044_gpt4_ec93e27f seed=0 arm=intro_specter: true_success=True believed=True abstained=False tokens=(4527,732)
  real_lme_00045_06db6396 seed=0 arm=reflexion: true_success=True believed=True abstained=None tokens=(1872,370)
  real_lme_00045_06db6396 seed=0 arm=intro_specter: true_success=True believed=True abstained=False tokens=(4340,947)
  real_lme_00046_dc439ea3 seed=0 arm=reflexion: true_success=True believed=True abstained=None tokens=(1992,114)
  real_lme_00046_dc439ea3 seed=0 arm=intro_specter: true_success=True believed=True abstained=False tokens=(4239,444)
  real_lme_00047_f685340e seed=0 arm=reflexion: true_success=False believed=False abstained=None tokens=(11662,1314)
  real_lme_00047_f685340e seed=0 arm=intro_specter: true_success=True believed=True abstained=False tokens=(4349,695)
  real_lme_00048_dccbc061 seed=0 arm=reflexion: true_success=True believed=True abstained=None tokens=(10596,2790)
  real_lme_00048_dccbc061 seed=0 arm=intro_specter: true_success=True believed=True abstained=False tokens=(3948,769)
  real_lme_00049_0862e8bf_abs seed=0 arm=reflexion: true_success=True believed=True abstained=None tokens=(2051,265)
  real_lme_00049_0862e8bf_abs seed=0 arm=intro_specter: true_success=True believed=True abstained=False tokens=(4594,567)
  real_lme_00050_0862e8bf seed=0 arm=reflexion: true_success=True believed=True abstained=None tokens=(1990,72)
  real_lme_00050_0862e8bf seed=0 arm=intro_specter: true_success=True believed=True abstained=False tokens=(4175,366)
  real_lme_00051_2ebe6c90 seed=0 arm=reflexion: true_success=False believed=False abstained=None tokens=(10153,551)
  real_lme_00051_2ebe6c90 seed=0 arm=intro_specter: true_success=False believed=False abstained=False tokens=(3998,423)
  real_lme_00052_1faac195 seed=0 arm=reflexion: true_success=True believed=True abstained=None tokens=(1927,246)
  real_lme_00052_1faac195 seed=0 arm=intro_specter: true_success=True believed=True abstained=False tokens=(4325,539)
  real_lme_00053_21d02d0d seed=0 arm=reflexion: true_success=True believed=True abstained=None tokens=(2130,307)
  real_lme_00053_21d02d0d seed=0 arm=intro_specter: true_success=True believed=True abstained=False tokens=(4780,848)
  real_lme_00054_603deb26 seed=0 arm=reflexion: true_success=True believed=True abstained=None tokens=(7005,1015)
  real_lme_00054_603deb26 seed=0 arm=intro_specter: true_success=True believed=True abstained=False tokens=(4693,880)
  real_lme_00055_7e974930 seed=0 arm=reflexion: true_success=True believed=True abstained=None tokens=(12514,1584)
  real_lme_00055_7e974930 seed=0 arm=intro_specter: true_success=True believed=True abstained=False tokens=(4618,749)
  real_lme_00056_27016adc seed=0 arm=reflexion: true_success=True believed=True abstained=None tokens=(1740,502)
  real_lme_00056_27016adc seed=0 arm=intro_specter: true_success=True believed=True abstained=False tokens=(4208,1137)
  real_lme_00057_dd2973ad seed=0 arm=reflexion: true_success=True believed=True abstained=None tokens=(2071,267)
  real_lme_00057_dd2973ad seed=0 arm=intro_specter: true_success=True believed=True abstained=False tokens=(4614,762)
  real_lme_00058_b320f3f8 seed=0 arm=reflexion: true_success=True believed=True abstained=None tokens=(1724,93)
  real_lme_00058_b320f3f8 seed=0 arm=intro_specter: true_success=True believed=True abstained=False tokens=(3684,224)
  real_lme_00059_2ebe6c90 seed=0 arm=reflexion: true_success=False believed=False abstained=None tokens=(12659,2073)
  real_lme_00059_2ebe6c90 seed=0 arm=intro_specter: true_success=False believed=False abstained=False tokens=(4505,1145)

--- run summary ---
rows written: 120  errors: 0
total tokens_input=535033  total tokens_output=89211  grand_total=624244
Loaded 60 examples for longmemeval_real (bench_seed=42), rho=0.3, seeds=[0]
  real_lme_00000_gpt4_2ba83207 seed=0 arm=reflexion: true_success=True believed=True abstained=None tokens=(2067,272)
  real_lme_00000_gpt4_2ba83207 seed=0 arm=intro_specter: true_success=True believed=True abstained=False tokens=(4676,851)
  real_lme_00001_603deb26 seed=0 arm=reflexion: true_success=True believed=True abstained=None tokens=(2125,552)
  real_lme_00001_603deb26 seed=0 arm=intro_specter: true_success=True believed=True abstained=False tokens=(5090,1397)
  real_lme_00002_51c32626 seed=0 arm=reflexion: true_success=True believed=True abstained=None tokens=(1802,78)
  real_lme_00002_51c32626 seed=0 arm=intro_specter: true_success=True believed=True abstained=False tokens=(3804,382)
  real_lme_00003_8550ddae seed=0 arm=reflexion: true_success=True believed=True abstained=None tokens=(1860,472)
  real_lme_00003_8550ddae seed=0 arm=intro_specter: true_success=True believed=True abstained=False tokens=(4440,1271)
  real_lme_00004_gpt4_2655b836 seed=0 arm=reflexion: true_success=True believed=True abstained=None tokens=(1886,235)
  real_lme_00004_gpt4_2655b836 seed=0 arm=intro_specter: true_success=True believed=True abstained=False tokens=(4215,632)
  real_lme_00005_2698e78f_abs seed=0 arm=reflexion: true_success=False believed=False abstained=None tokens=(11508,1238)
  real_lme_00005_2698e78f_abs seed=0 arm=intro_specter: true_success=True believed=True abstained=False tokens=(4273,679)
  real_lme_00006_gpt4_1d80365e seed=0 arm=reflexion: true_success=False believed=False abstained=None tokens=(13570,1812)
  real_lme_00006_gpt4_1d80365e seed=0 arm=intro_specter: true_success=False believed=False abstained=False tokens=(4835,1233)
  real_lme_00007_5025383b seed=0 arm=reflexion: true_success=True believed=True abstained=None tokens=(1663,74)
  real_lme_00007_5025383b seed=0 arm=intro_specter: true_success=True believed=True abstained=False tokens=(3542,205)
  real_lme_00008_gpt4_cd90e484 seed=0 arm=reflexion: true_success=True believed=True abstained=None tokens=(1898,243)
  real_lme_00008_gpt4_cd90e484 seed=0 arm=intro_specter: true_success=True believed=True abstained=False tokens=(4225,571)
  real_lme_00009_c19f7a0b seed=0 arm=reflexion: true_success=True believed=True abstained=None tokens=(1887,312)
  real_lme_00009_c19f7a0b seed=0 arm=intro_specter: true_success=True believed=True abstained=False tokens=(4314,883)
  real_lme_00010_0a34ad58 seed=0 arm=reflexion: true_success=False believed=False abstained=None tokens=(11315,623)
  real_lme_00010_0a34ad58 seed=0 arm=intro_specter: true_success=False believed=False abstained=False tokens=(4451,499)
  real_lme_00011_gpt4_65aabe59 seed=0 arm=reflexion: true_success=True believed=True abstained=None tokens=(2030,291)
  real_lme_00011_gpt4_65aabe59 seed=0 arm=intro_specter: true_success=True believed=True abstained=False tokens=(4580,783)
  real_lme_00012_d6233ab6 seed=0 arm=reflexion: true_success=False believed=False abstained=None tokens=(11405,1497)
  real_lme_00012_d6233ab6 seed=0 arm=intro_specter: true_success=False believed=False abstained=False tokens=(4095,757)
  real_lme_00013_7024f17c seed=0 arm=reflexion: true_success=True believed=True abstained=None tokens=(13068,2384)
  real_lme_00013_7024f17c seed=0 arm=intro_specter: true_success=True believed=True abstained=False tokens=(4548,1214)
  real_lme_00014_gpt4_c27434e8_abs seed=0 arm=reflexion: true_success=False believed=False abstained=None tokens=(11099,1522)
  real_lme_00014_gpt4_c27434e8_abs seed=0 arm=intro_specter: true_success=True believed=True abstained=False tokens=(4011,899)
  real_lme_00015_6456829e seed=0 arm=reflexion: true_success=True believed=True abstained=None tokens=(2015,84)
  real_lme_00015_6456829e seed=0 arm=intro_specter: true_success=True believed=True abstained=False tokens=(4256,284)
  real_lme_00016_f8c5f88b seed=0 arm=reflexion: true_success=True believed=True abstained=None tokens=(1981,80)
  real_lme_00016_f8c5f88b seed=0 arm=intro_specter: true_success=True believed=True abstained=False tokens=(4186,474)
  real_lme_00017_ba358f49_abs seed=0 arm=reflexion: true_success=False believed=False abstained=None tokens=(10668,563)
  real_lme_00017_ba358f49_abs seed=0 arm=intro_specter: true_success=True believed=True abstained=False tokens=(4216,237)
  real_lme_00018_gpt4_d31cdae3 seed=0 arm=reflexion: true_success=True believed=True abstained=None tokens=(2234,93)
  real_lme_00018_gpt4_d31cdae3 seed=0 arm=intro_specter: true_success=True believed=True abstained=False tokens=(4706,297)
  real_lme_00019_gpt4_e414231f seed=0 arm=reflexion: true_success=True believed=True abstained=None tokens=(1959,424)
  real_lme_00019_gpt4_e414231f seed=0 arm=intro_specter: true_success=True believed=True abstained=False tokens=(4551,752)
  real_lme_00020_2698e78f seed=0 arm=reflexion: true_success=True believed=True abstained=None tokens=(1702,313)
  real_lme_00020_2698e78f seed=0 arm=intro_specter: true_success=True believed=True abstained=False tokens=(3943,615)
  real_lme_00021_e56a43b9 seed=0 arm=reflexion: true_success=True believed=True abstained=None tokens=(2243,228)
  real_lme_00021_e56a43b9 seed=0 arm=intro_specter: true_success=True believed=True abstained=False tokens=(4879,568)
  real_lme_00022_6cb6f249 seed=0 arm=reflexion: true_success=True believed=True abstained=None tokens=(1754,329)
  real_lme_00022_6cb6f249 seed=0 arm=intro_specter: true_success=True believed=True abstained=False tokens=(4100,848)
  real_lme_00023_e48988bc seed=0 arm=reflexion: true_success=True believed=True abstained=None tokens=(1492,366)
  real_lme_00023_e48988bc seed=0 arm=intro_specter: true_success=True believed=True abstained=False tokens=(3575,781)
  real_lme_00024_gpt4_4ef30696 seed=0 arm=reflexion: true_success=True believed=True abstained=None tokens=(13641,2115)
  real_lme_00024_gpt4_4ef30696 seed=0 arm=intro_specter: true_success=True believed=True abstained=False tokens=(4863,1098)
  real_lme_00025_gpt4_4929293b seed=0 arm=reflexion: true_success=False believed=False abstained=None tokens=(11927,2926)
  real_lme_00025_gpt4_4929293b seed=0 arm=intro_specter: true_success=True believed=True abstained=False tokens=(4418,824)
  real_lme_00026_e6041065 seed=0 arm=reflexion: true_success=True believed=True abstained=None tokens=(1758,539)
  real_lme_00026_e6041065 seed=0 arm=intro_specter: true_success=True believed=True abstained=False tokens=(4323,1417)
  real_lme_00027_21d02d0d seed=0 arm=reflexion: true_success=True believed=True abstained=None tokens=(2071,329)
  real_lme_00027_21d02d0d seed=0 arm=intro_specter: true_success=True believed=True abstained=False tokens=(4719,843)
  real_lme_00028_1f2b8d4f seed=0 arm=reflexion: true_success=True believed=True abstained=None tokens=(6772,756)
  real_lme_00028_1f2b8d4f seed=0 arm=intro_specter: true_success=True believed=True abstained=False tokens=(4522,801)
  real_lme_00029_a11281a2 seed=0 arm=reflexion: true_success=True believed=True abstained=None tokens=(1916,476)
  real_lme_00029_a11281a2 seed=0 arm=intro_specter: true_success=True believed=True abstained=False tokens=(4618,1168)
  real_lme_00030_1de5cff2 seed=0 arm=reflexion: true_success=True believed=True abstained=None tokens=(1617,325)
  real_lme_00030_1de5cff2 seed=0 arm=intro_specter: true_success=True believed=True abstained=False tokens=(3806,834)
  real_lme_00031_8ebdbe50 seed=0 arm=reflexion: true_success=True believed=True abstained=None tokens=(6008,819)
  real_lme_00031_8ebdbe50 seed=0 arm=intro_specter: true_success=True believed=True abstained=False tokens=(4001,1055)
  real_lme_00032_22d2cb42 seed=0 arm=reflexion: true_success=True believed=True abstained=None tokens=(6552,988)
  real_lme_00032_22d2cb42 seed=0 arm=intro_specter: true_success=True believed=True abstained=False tokens=(4334,819)
  real_lme_00033_gpt4_385a5000 seed=0 arm=reflexion: true_success=True believed=True abstained=None tokens=(6316,309)
  real_lme_00033_gpt4_385a5000 seed=0 arm=intro_specter: true_success=True believed=True abstained=False tokens=(4298,301)
  real_lme_00034_95bcc1c8 seed=0 arm=reflexion: true_success=True believed=True abstained=None tokens=(1926,76)
  real_lme_00034_95bcc1c8 seed=0 arm=intro_specter: true_success=True believed=True abstained=False tokens=(4056,581)
  real_lme_00035_gpt4_2312f94c seed=0 arm=reflexion: true_success=True believed=True abstained=None tokens=(1941,92)
  real_lme_00035_gpt4_2312f94c seed=0 arm=intro_specter: true_success=True believed=True abstained=False tokens=(4120,295)
  real_lme_00036_gpt4_468eb063 seed=0 arm=reflexion: true_success=True believed=True abstained=None tokens=(10959,1267)
  real_lme_00036_gpt4_468eb063 seed=0 arm=intro_specter: true_success=False believed=False abstained=False tokens=(4113,794)
  real_lme_00037_faba32e5 seed=0 arm=reflexion: true_success=True believed=True abstained=None tokens=(1830,334)
  real_lme_00037_faba32e5 seed=0 arm=intro_specter: true_success=True believed=True abstained=False tokens=(4241,959)
  real_lme_00038_b86304ba seed=0 arm=reflexion: true_success=True believed=True abstained=None tokens=(6137,421)
  real_lme_00038_b86304ba seed=0 arm=intro_specter: true_success=True believed=True abstained=False tokens=(4159,472)
  real_lme_00039_gpt4_d6585ce8 seed=0 arm=reflexion: true_success=True believed=True abstained=None tokens=(1897,631)
  real_lme_00039_gpt4_d6585ce8 seed=0 arm=intro_specter: true_success=True believed=True abstained=False tokens=(4718,1447)
  real_lme_00040_gpt4_0b2f1d21 seed=0 arm=reflexion: true_success=True believed=True abstained=None tokens=(6811,1076)
  real_lme_00040_gpt4_0b2f1d21 seed=0 arm=intro_specter: true_success=True believed=True abstained=False tokens=(4454,996)
  real_lme_00041_5809eb10 seed=0 arm=reflexion: true_success=True believed=True abstained=None tokens=(1763,297)
  real_lme_00041_5809eb10 seed=0 arm=intro_specter: true_success=True believed=True abstained=False tokens=(4069,686)
  real_lme_00042_gpt4_5501fe77 seed=0 arm=reflexion: true_success=True believed=True abstained=None tokens=(1968,331)
  real_lme_00042_gpt4_5501fe77 seed=0 arm=intro_specter: true_success=True believed=True abstained=False tokens=(4517,1027)
  real_lme_00043_c2ac3c61 seed=0 arm=reflexion: true_success=True believed=True abstained=None tokens=(1991,179)
  real_lme_00043_c2ac3c61 seed=0 arm=intro_specter: true_success=True believed=True abstained=False tokens=(4326,473)
  real_lme_00044_gpt4_ec93e27f seed=0 arm=reflexion: true_success=True believed=True abstained=None tokens=(1936,224)
  real_lme_00044_gpt4_ec93e27f seed=0 arm=intro_specter: true_success=True believed=True abstained=False tokens=(4324,629)
  real_lme_00045_06db6396 seed=0 arm=reflexion: true_success=True believed=True abstained=None tokens=(1954,155)
  real_lme_00045_06db6396 seed=0 arm=intro_specter: true_success=True believed=True abstained=False tokens=(4226,363)
  real_lme_00046_dc439ea3 seed=0 arm=reflexion: true_success=True believed=True abstained=None tokens=(6587,1077)
  real_lme_00046_dc439ea3 seed=0 arm=intro_specter: true_success=True believed=True abstained=False tokens=(4374,664)
  real_lme_00047_f685340e seed=0 arm=reflexion: true_success=False believed=False abstained=None tokens=(11524,1671)
  real_lme_00047_f685340e seed=0 arm=intro_specter: true_success=True believed=True abstained=False tokens=(4195,776)
  real_lme_00048_dccbc061 seed=0 arm=reflexion: true_success=True believed=True abstained=None tokens=(1715,87)
  real_lme_00048_dccbc061 seed=0 arm=intro_specter: true_success=True believed=True abstained=False tokens=(3638,356)
  real_lme_00049_0862e8bf_abs seed=0 arm=reflexion: true_success=False believed=False abstained=None tokens=(10693,2167)
  real_lme_00049_0862e8bf_abs seed=0 arm=intro_specter: true_success=False believed=False abstained=False tokens=(4249,197)
  real_lme_00050_0862e8bf seed=0 arm=reflexion: true_success=True believed=True abstained=None tokens=(1912,258)
  real_lme_00050_0862e8bf seed=0 arm=intro_specter: true_success=True believed=True abstained=False tokens=(4324,674)
  real_lme_00051_2ebe6c90 seed=0 arm=reflexion: true_success=False believed=False abstained=None tokens=(11522,1698)
  real_lme_00051_2ebe6c90 seed=0 arm=intro_specter: true_success=False believed=False abstained=False tokens=(4176,870)
  real_lme_00052_1faac195 seed=0 arm=reflexion: true_success=True believed=True abstained=None tokens=(1994,146)
  real_lme_00052_1faac195 seed=0 arm=intro_specter: true_success=True believed=True abstained=False tokens=(4317,448)
  real_lme_00053_21d02d0d seed=0 arm=reflexion: true_success=True believed=True abstained=None tokens=(7222,905)
  real_lme_00053_21d02d0d seed=0 arm=intro_specter: true_success=True believed=True abstained=False tokens=(4789,911)
  real_lme_00054_603deb26 seed=0 arm=reflexion: true_success=True believed=True abstained=None tokens=(7009,1180)
  real_lme_00054_603deb26 seed=0 arm=intro_specter: true_success=True believed=True abstained=False tokens=(4659,881)
  real_lme_00055_7e974930 seed=0 arm=reflexion: true_success=True believed=True abstained=None tokens=(2070,317)
  real_lme_00055_7e974930 seed=0 arm=intro_specter: true_success=True believed=True abstained=False tokens=(4642,754)
  real_lme_00056_27016adc seed=0 arm=reflexion: true_success=True believed=True abstained=None tokens=(8358,1807)
  real_lme_00056_27016adc seed=0 arm=intro_specter: true_success=True believed=True abstained=False tokens=(5178,3036)
  real_lme_00057_dd2973ad seed=0 arm=reflexion: true_success=True believed=True abstained=None tokens=(2085,266)
  real_lme_00057_dd2973ad seed=0 arm=intro_specter: true_success=True believed=True abstained=False tokens=(4642,695)
  real_lme_00058_b320f3f8 seed=0 arm=reflexion: true_success=True believed=True abstained=None tokens=(1672,89)
  real_lme_00058_b320f3f8 seed=0 arm=intro_specter: true_success=True believed=True abstained=False tokens=(3576,225)
  real_lme_00059_2ebe6c90 seed=0 arm=reflexion: true_success=True believed=True abstained=None tokens=(11631,1208)
  real_lme_00059_2ebe6c90 seed=0 arm=intro_specter: true_success=False believed=False abstained=False tokens=(4354,662)

--- run summary ---
rows written: 120  errors: 0
total tokens_input=560765  total tokens_output=87769  grand_total=648534
