Resuming: 44 reflexion rows, 44 intro_specter rows already present, will be skipped.
Loaded 60 examples for musique_real (bench_seed=42), rho=0.0, seeds=[0]
  real_musique_00044_3hop2__809962_89048_66294 seed=0 arm=reflexion: true_success=True believed=True abstained=None tokens=(13078,2964)
  real_musique_00044_3hop2__809962_89048_66294 seed=0 arm=intro_specter: true_success=True believed=True abstained=False tokens=(4119,1233)
  real_musique_00045_3hop1__489567_443779_52195 seed=0 arm=reflexion: true_success=True believed=True abstained=None tokens=(1526,366)
  real_musique_00045_3hop1__489567_443779_52195 seed=0 arm=intro_specter: true_success=True believed=True abstained=False tokens=(3653,894)
  real_musique_00046_3hop1__401538_132457_47686 seed=0 arm=reflexion: true_success=True believed=True abstained=None tokens=(1577,594)
  real_musique_00046_3hop1__401538_132457_47686 seed=0 arm=intro_specter: true_success=True believed=True abstained=False tokens=(4088,1599)
  real_musique_00047_3hop1__639955_834494_33939 seed=0 arm=reflexion: true_success=True believed=True abstained=None tokens=(1791,291)
  real_musique_00047_3hop1__639955_834494_33939 seed=0 arm=intro_specter: true_success=True believed=True abstained=False tokens=(4108,862)
  real_musique_00048_3hop2__89048_228_66294 seed=0 arm=reflexion: true_success=True believed=True abstained=None tokens=(1776,351)
  real_musique_00048_3hop2__89048_228_66294 seed=0 arm=intro_specter: true_success=True believed=True abstained=False tokens=(4173,890)
  real_musique_00049_3hop1__86965_488922_4093 seed=0 arm=reflexion: true_success=True believed=True abstained=None tokens=(1509,638)
  real_musique_00049_3hop1__86965_488922_4093 seed=0 arm=intro_specter: true_success=True believed=True abstained=False tokens=(3954,1521)
  real_musique_00050_3hop1__92251_34179_23375 seed=0 arm=reflexion: true_success=True believed=True abstained=None tokens=(4752,412)
  real_musique_00050_3hop1__92251_34179_23375 seed=0 arm=intro_specter: true_success=True believed=True abstained=False tokens=(3237,512)
  real_musique_00051_3hop2__132957_133264_40768 seed=0 arm=reflexion: true_success=True believed=True abstained=None tokens=(1910,415)
  real_musique_00051_3hop2__132957_133264_40768 seed=0 arm=intro_specter: true_success=True believed=True abstained=False tokens=(4513,1279)
  real_musique_00052_3hop1__641921_42197_18397 seed=0 arm=reflexion: true_success=True believed=True abstained=None tokens=(1693,302)
  real_musique_00052_3hop1__641921_42197_18397 seed=0 arm=intro_specter: true_success=True believed=True abstained=False tokens=(3943,849)
  real_musique_00053_3hop1__142044_538202_84283 seed=0 arm=reflexion: true_success=True believed=True abstained=None tokens=(1735,295)
  real_musique_00053_3hop1__142044_538202_84283 seed=0 arm=intro_specter: true_success=True believed=True abstained=False tokens=(4000,747)
  real_musique_00054_3hop1__409517_547811_80702 seed=0 arm=reflexion: true_success=True believed=True abstained=None tokens=(1790,289)
  real_musique_00054_3hop1__409517_547811_80702 seed=0 arm=intro_specter: true_success=True believed=True abstained=False tokens=(4104,794)
  real_musique_00055_3hop1__106042_64399_59680 seed=0 arm=reflexion: true_success=True believed=True abstained=None tokens=(1720,69)
  real_musique_00055_3hop1__106042_64399_59680 seed=0 arm=intro_specter: true_success=True believed=True abstained=False tokens=(3645,201)
  real_musique_00056_3hop1__742464_15840_36002 seed=0 arm=reflexion: true_success=True believed=True abstained=None tokens=(1728,267)
  real_musique_00056_3hop1__742464_15840_36002 seed=0 arm=intro_specter: true_success=True believed=True abstained=False tokens=(3917,767)
  real_musique_00057_3hop1__131783_131926_90707 seed=0 arm=reflexion: true_success=True believed=True abstained=None tokens=(1658,274)
  real_musique_00057_3hop1__131783_131926_90707 seed=0 arm=intro_specter: true_success=True believed=True abstained=False tokens=(3824,605)
  real_musique_00058_3hop1__465684_160545_34751 seed=0 arm=reflexion: true_success=True believed=True abstained=None tokens=(1621,333)
  real_musique_00058_3hop1__465684_160545_34751 seed=0 arm=intro_specter: true_success=True believed=True abstained=False tokens=(3810,840)
  real_musique_00059_3hop1__315504_629431_64412 seed=0 arm=reflexion: true_success=True believed=True abstained=None tokens=(2005,585)
  real_musique_00059_3hop1__315504_629431_64412 seed=0 arm=intro_specter: true_success=True believed=True abstained=False tokens=(4956,1450)

--- run summary ---
rows written: 32  errors: 0
total tokens_input=105913  total tokens_output=23488  grand_total=129401
[RETRY] intro_specter task=real_musique_00015_3hop1__337705_132457_47686 seed=0 attempt 1/3 failed (Connection error.); retrying in 2s
[RETRY] intro_specter task=real_musique_00015_3hop1__337705_132457_47686 seed=0 attempt 2/3 failed (Connection error.); retrying in 4s
[ERROR] intro_specter failed task=real_musique_00015_3hop1__337705_132457_47686 seed=0: Connection error.
[RETRY] prime task=real_musique_00016_3hop1__545624_2053_52946 seed=0 attempt 1/3 failed (Connection error.); retrying in 2s
[RETRY] prime task=real_musique_00016_3hop1__545624_2053_52946 seed=0 attempt 2/3 failed (Connection error.); retrying in 4s
[ERROR] prime failed task=real_musique_00016_3hop1__545624_2053_52946 seed=0: Connection error.
[RETRY] prime task=real_musique_00017_3hop1__108833_720914_27537 seed=0 attempt 1/3 failed (Connection error.); retrying in 2s
[RETRY] prime task=real_musique_00017_3hop1__108833_720914_27537 seed=0 attempt 2/3 failed (Connection error.); retrying in 4s
[ERROR] prime failed task=real_musique_00017_3hop1__108833_720914_27537 seed=0: Connection error.
[RETRY] prime task=real_musique_00018_3hop1__527372_339990_54675 seed=0 attempt 1/3 failed (Connection error.); retrying in 2s
[RETRY] prime task=real_musique_00018_3hop1__527372_339990_54675 seed=0 attempt 2/3 failed (Connection error.); retrying in 4s
[ERROR] prime failed task=real_musique_00018_3hop1__527372_339990_54675 seed=0: Connection error.
[RETRY] prime task=real_musique_00019_3hop1__365934_87694_64412 seed=0 attempt 1/3 failed (Connection error.); retrying in 2s
[RETRY] prime task=real_musique_00019_3hop1__365934_87694_64412 seed=0 attempt 2/3 failed (Connection error.); retrying in 4s
[ERROR] prime failed task=real_musique_00019_3hop1__365934_87694_64412 seed=0: Connection error.
[RETRY] prime task=real_musique_00020_3hop2__132957_379231_40768 seed=0 attempt 1/3 failed (Connection error.); retrying in 2s
[RETRY] prime task=real_musique_00020_3hop2__132957_379231_40768 seed=0 attempt 2/3 failed (Connection error.); retrying in 4s
[ERROR] prime failed task=real_musique_00020_3hop2__132957_379231_40768 seed=0: Connection error.
[RETRY] prime task=real_musique_00021_3hop1__438364_443779_52195 seed=0 attempt 1/3 failed (Connection error.); retrying in 2s
[RETRY] prime task=real_musique_00021_3hop1__438364_443779_52195 seed=0 attempt 2/3 failed (Connection error.); retrying in 4s
[ERROR] prime failed task=real_musique_00021_3hop1__438364_443779_52195 seed=0: Connection error.
[RETRY] prime task=real_musique_00022_3hop1__539312_744503_34754 seed=0 attempt 1/3 failed (Connection error.); retrying in 2s
[RETRY] prime task=real_musique_00022_3hop1__539312_744503_34754 seed=0 attempt 2/3 failed (Connection error.); retrying in 4s
[ERROR] prime failed task=real_musique_00022_3hop1__539312_744503_34754 seed=0: Connection error.
[RETRY] prime task=real_musique_00023_3hop1__133292_40769_64047 seed=0 attempt 1/3 failed (Connection error.); retrying in 2s
[RETRY] prime task=real_musique_00023_3hop1__133292_40769_64047 seed=0 attempt 2/3 failed (Connection error.); retrying in 4s
[ERROR] prime failed task=real_musique_00023_3hop1__133292_40769_64047 seed=0: Connection error.
[RETRY] prime task=real_musique_00024_3hop1__79039_131926_90707 seed=0 attempt 1/3 failed (Connection error.); retrying in 2s
[RETRY] prime task=real_musique_00024_3hop1__79039_131926_90707 seed=0 attempt 2/3 failed (Connection error.); retrying in 4s
[ERROR] prime failed task=real_musique_00024_3hop1__79039_131926_90707 seed=0: Connection error.
[RETRY] prime task=real_musique_00025_3hop1__813285_774554_124169 seed=0 attempt 1/3 failed (Connection error.); retrying in 2s
Loaded 60 examples for musique_real (bench_seed=42), rho=0.1, seeds=[0]
  real_musique_00000_3hop1__617062_127905_80487 seed=0 arm=reflexion: true_success=True believed=True abstained=None tokens=(1863,822)
  real_musique_00000_3hop1__617062_127905_80487 seed=0 arm=intro_specter: true_success=True believed=True abstained=False tokens=(4951,2144)
  real_musique_00001_3hop1__132968_40769_64047 seed=0 arm=reflexion: true_success=False believed=False abstained=None tokens=(11115,1656)
  real_musique_00001_3hop1__132968_40769_64047 seed=0 arm=intro_specter: true_success=True believed=True abstained=False tokens=(3982,987)
  real_musique_00002_3hop2__36852_326964_7713 seed=0 arm=reflexion: true_success=True believed=True abstained=None tokens=(1690,572)
  real_musique_00002_3hop2__36852_326964_7713 seed=0 arm=intro_specter: true_success=True believed=True abstained=False tokens=(4251,1545)
  real_musique_00003_3hop1__813285_774554_64412 seed=0 arm=reflexion: true_success=True believed=True abstained=None tokens=(1776,847)
  real_musique_00003_3hop1__813285_774554_64412 seed=0 arm=intro_specter: true_success=True believed=True abstained=False tokens=(4803,1561)
  real_musique_00004_3hop2__92991_28727_76291 seed=0 arm=reflexion: true_success=True believed=True abstained=None tokens=(1446,322)
  real_musique_00004_3hop2__92991_28727_76291 seed=0 arm=intro_specter: true_success=True believed=True abstained=False tokens=(3449,844)
  real_musique_00005_3hop1__446612_160545_60577 seed=0 arm=reflexion: true_success=False believed=False abstained=None tokens=(16741,4763)
  real_musique_00005_3hop1__446612_160545_60577 seed=0 arm=intro_specter: true_success=False believed=False abstained=False tokens=(5073,1621)
  real_musique_00006_3hop2__57233_106716_56883 seed=0 arm=reflexion: true_success=True believed=True abstained=None tokens=(1662,309)
  real_musique_00006_3hop2__57233_106716_56883 seed=0 arm=intro_specter: true_success=True believed=True abstained=False tokens=(3868,890)
  real_musique_00007_3hop1__313670_42197_18397 seed=0 arm=reflexion: true_success=True believed=True abstained=None tokens=(1750,699)
  real_musique_00007_3hop1__313670_42197_18397 seed=0 arm=intro_specter: true_success=True believed=True abstained=False tokens=(4602,2029)
  real_musique_00008_3hop1__639955_834494_34109 seed=0 arm=reflexion: true_success=True believed=True abstained=None tokens=(1868,327)
  real_musique_00008_3hop1__639955_834494_34109 seed=0 arm=intro_specter: true_success=True believed=True abstained=False tokens=(4298,840)
  real_musique_00009_3hop1__312146_720914_27537 seed=0 arm=reflexion: true_success=True believed=True abstained=None tokens=(11183,1579)
  real_musique_00009_3hop1__312146_720914_27537 seed=0 arm=intro_specter: true_success=True believed=True abstained=False tokens=(4087,785)
  real_musique_00010_3hop1__24980_42197_18397 seed=0 arm=reflexion: true_success=True believed=True abstained=None tokens=(1659,334)
  real_musique_00010_3hop1__24980_42197_18397 seed=0 arm=intro_specter: true_success=True believed=True abstained=False tokens=(3907,852)
  real_musique_00011_3hop2__88342_93066_47738 seed=0 arm=reflexion: true_success=True believed=True abstained=None tokens=(1861,552)
  real_musique_00011_3hop2__88342_93066_47738 seed=0 arm=intro_specter: true_success=True believed=True abstained=False tokens=(4615,1090)
  real_musique_00012_3hop1__567955_503371_21711 seed=0 arm=reflexion: true_success=True believed=True abstained=None tokens=(1681,275)
  real_musique_00012_3hop1__567955_503371_21711 seed=0 arm=intro_specter: true_success=True believed=True abstained=False tokens=(3872,771)
  real_musique_00013_3hop1__662618_339990_54675 seed=0 arm=reflexion: true_success=True believed=True abstained=None tokens=(1694,520)
  real_musique_00013_3hop1__662618_339990_54675 seed=0 arm=intro_specter: true_success=True believed=True abstained=False tokens=(4234,1609)
  real_musique_00014_3hop1__145212_443779_52195 seed=0 arm=reflexion: true_success=True believed=True abstained=None tokens=(1802,295)
  real_musique_00014_3hop1__145212_443779_52195 seed=0 arm=intro_specter: true_success=True believed=True abstained=False tokens=(4134,815)
  real_musique_00015_3hop1__337705_132457_47686 seed=0 arm=reflexion: true_success=True believed=True abstained=None tokens=(5441,774)
  real_musique_00025_3hop1__813285_774554_124169 seed=0 arm=reflexion: true_success=True believed=True abstained=None tokens=(1704,384)
  real_musique_00025_3hop1__813285_774554_124169 seed=0 arm=intro_specter: true_success=True believed=True abstained=False tokens=(4049,887)
  real_musique_00026_3hop2__304722_796034_63959 seed=0 arm=reflexion: true_success=True believed=True abstained=None tokens=(1731,660)
  real_musique_00026_3hop2__304722_796034_63959 seed=0 arm=intro_specter: true_success=True believed=True abstained=False tokens=(4503,1782)
  real_musique_00027_3hop1__857_846_7798 seed=0 arm=reflexion: true_success=True believed=True abstained=None tokens=(1778,1146)
  real_musique_00027_3hop1__857_846_7798 seed=0 arm=intro_specter: true_success=True believed=True abstained=False tokens=(4955,1662)
  real_musique_00028_3hop2__304722_330033_63959 seed=0 arm=reflexion: true_success=True believed=True abstained=None tokens=(1745,313)
  real_musique_00028_3hop2__304722_330033_63959 seed=0 arm=intro_specter: true_success=True believed=True abstained=False tokens=(4038,829)
  real_musique_00029_3hop1__136129_87694_64412 seed=0 arm=reflexion: true_success=True believed=True abstained=None tokens=(1799,825)
  real_musique_00029_3hop1__136129_87694_64412 seed=0 arm=intro_specter: true_success=True believed=True abstained=False tokens=(4826,1431)
  real_musique_00030_3hop1__305282_282081_10972 seed=0 arm=reflexion: true_success=True believed=True abstained=None tokens=(1677,626)
  real_musique_00030_3hop1__305282_282081_10972 seed=0 arm=intro_specter: true_success=True believed=True abstained=False tokens=(4280,836)
  real_musique_00031_3hop2__6989_37759_74563 seed=0 arm=reflexion: true_success=True believed=True abstained=None tokens=(1528,393)
  real_musique_00031_3hop2__6989_37759_74563 seed=0 arm=intro_specter: true_success=True believed=True abstained=False tokens=(3684,916)
  real_musique_00032_3hop1__131783_131926_90707 seed=0 arm=reflexion: true_success=True believed=True abstained=None tokens=(6175,1255)
  real_musique_00032_3hop1__131783_131926_90707 seed=0 arm=intro_specter: true_success=True believed=True abstained=False tokens=(4020,1232)
  real_musique_00033_3hop1__768500_730460_78782 seed=0 arm=reflexion: true_success=True believed=True abstained=None tokens=(5912,2479)
  real_musique_00033_3hop1__768500_730460_78782 seed=0 arm=intro_specter: true_success=True believed=True abstained=False tokens=(3816,1265)
  real_musique_00034_3hop2__855821_467331_162182 seed=0 arm=reflexion: true_success=True believed=True abstained=None tokens=(1937,630)
  real_musique_00034_3hop2__855821_467331_162182 seed=0 arm=intro_specter: true_success=True believed=True abstained=False tokens=(4865,1504)
  real_musique_00035_3hop2__30152_105395_20999 seed=0 arm=reflexion: true_success=False believed=False abstained=None tokens=(12202,1982)
  real_musique_00035_3hop2__30152_105395_20999 seed=0 arm=intro_specter: true_success=True believed=True abstained=False tokens=(4269,735)
  real_musique_00036_3hop1__847420_720378_15538 seed=0 arm=reflexion: true_success=True believed=True abstained=None tokens=(1700,100)
  real_musique_00036_3hop1__847420_720378_15538 seed=0 arm=intro_specter: true_success=True believed=True abstained=False tokens=(3616,535)
  real_musique_00037_3hop1__662618_339990_54675 seed=0 arm=reflexion: true_success=True believed=True abstained=None tokens=(1789,294)
  real_musique_00037_3hop1__662618_339990_54675 seed=0 arm=intro_specter: true_success=True believed=True abstained=False tokens=(4143,700)
  real_musique_00038_3hop1__747772_514761_594810 seed=0 arm=reflexion: true_success=True believed=True abstained=None tokens=(1791,847)
  real_musique_00038_3hop1__747772_514761_594810 seed=0 arm=intro_specter: true_success=True believed=True abstained=False tokens=(4832,1536)
  real_musique_00039_3hop1__131783_131926_90707 seed=0 arm=reflexion: true_success=True believed=True abstained=None tokens=(1844,526)
  real_musique_00039_3hop1__131783_131926_90707 seed=0 arm=intro_specter: true_success=True believed=True abstained=False tokens=(4533,1388)
  real_musique_00040_3hop2__326964_263934_7713 seed=0 arm=reflexion: true_success=True believed=True abstained=None tokens=(1712,434)
  real_musique_00040_3hop2__326964_263934_7713 seed=0 arm=intro_specter: true_success=True believed=True abstained=False tokens=(4113,775)
  real_musique_00041_3hop1__635099_131926_89261 seed=0 arm=reflexion: true_success=True believed=True abstained=None tokens=(1711,473)
  real_musique_00041_3hop1__635099_131926_89261 seed=0 arm=intro_specter: true_success=True believed=True abstained=False tokens=(4173,857)
  real_musique_00042_3hop1__109422_720914_41132 seed=0 arm=reflexion: true_success=True believed=True abstained=None tokens=(7533,2478)
  real_musique_00042_3hop1__109422_720914_41132 seed=0 arm=intro_specter: true_success=False believed=False abstained=False tokens=(4813,1991)
  real_musique_00043_3hop2__79512_16214_84681 seed=0 arm=reflexion: true_success=True believed=True abstained=None tokens=(1627,1627)
  real_musique_00043_3hop2__79512_16214_84681 seed=0 arm=intro_specter: true_success=True believed=True abstained=False tokens=(5411,2583)
  real_musique_00044_3hop2__809962_89048_66294 seed=0 arm=reflexion: true_success=True believed=True abstained=None tokens=(1647,508)
  real_musique_00044_3hop2__809962_89048_66294 seed=0 arm=intro_specter: true_success=True believed=True abstained=False tokens=(4058,1108)
  real_musique_00045_3hop1__489567_443779_52195 seed=0 arm=reflexion: true_success=True believed=True abstained=None tokens=(1604,562)
  real_musique_00045_3hop1__489567_443779_52195 seed=0 arm=intro_specter: true_success=True believed=True abstained=False tokens=(4089,1522)
  real_musique_00046_3hop1__401538_132457_47686 seed=0 arm=reflexion: true_success=True believed=True abstained=None tokens=(5651,747)
  real_musique_00046_3hop1__401538_132457_47686 seed=0 arm=intro_specter: true_success=True believed=True abstained=False tokens=(3770,740)
  real_musique_00047_3hop1__639955_834494_33939 seed=0 arm=reflexion: true_success=True believed=True abstained=None tokens=(1760,465)
  real_musique_00047_3hop1__639955_834494_33939 seed=0 arm=intro_specter: true_success=True believed=True abstained=False tokens=(4263,1358)
  real_musique_00048_3hop2__89048_228_66294 seed=0 arm=reflexion: true_success=False believed=False abstained=None tokens=(14951,2854)
  real_musique_00048_3hop2__89048_228_66294 seed=0 arm=intro_specter: true_success=False believed=False abstained=False tokens=(5152,2325)
  real_musique_00049_3hop1__86965_488922_4093 seed=0 arm=reflexion: true_success=True believed=True abstained=None tokens=(1566,365)
  real_musique_00049_3hop1__86965_488922_4093 seed=0 arm=intro_specter: true_success=True believed=True abstained=False tokens=(3752,702)
  real_musique_00050_3hop1__92251_34179_23375 seed=0 arm=reflexion: true_success=True believed=True abstained=None tokens=(1472,438)
  real_musique_00050_3hop1__92251_34179_23375 seed=0 arm=intro_specter: true_success=True believed=True abstained=False tokens=(3659,1110)
  real_musique_00051_3hop2__132957_133264_40768 seed=0 arm=reflexion: true_success=True believed=True abstained=None tokens=(1838,302)
  real_musique_00051_3hop2__132957_133264_40768 seed=0 arm=intro_specter: true_success=True believed=True abstained=False tokens=(4213,776)
  real_musique_00052_3hop1__641921_42197_18397 seed=0 arm=reflexion: true_success=True believed=True abstained=None tokens=(1755,267)
  real_musique_00052_3hop1__641921_42197_18397 seed=0 arm=intro_specter: true_success=True believed=True abstained=False tokens=(4012,765)
  real_musique_00053_3hop1__142044_538202_84283 seed=0 arm=reflexion: true_success=True believed=True abstained=None tokens=(1683,382)
  real_musique_00053_3hop1__142044_538202_84283 seed=0 arm=intro_specter: true_success=True believed=True abstained=False tokens=(3983,1012)
  real_musique_00054_3hop1__409517_547811_80702 seed=0 arm=reflexion: true_success=True believed=True abstained=None tokens=(1868,584)
  real_musique_00054_3hop1__409517_547811_80702 seed=0 arm=intro_specter: true_success=True believed=True abstained=False tokens=(4639,1037)
  real_musique_00055_3hop1__106042_64399_59680 seed=0 arm=reflexion: true_success=True believed=True abstained=None tokens=(1708,333)
  real_musique_00055_3hop1__106042_64399_59680 seed=0 arm=intro_specter: true_success=True believed=True abstained=False tokens=(3964,877)
  real_musique_00056_3hop1__742464_15840_36002 seed=0 arm=reflexion: true_success=True believed=True abstained=None tokens=(1699,805)
  real_musique_00056_3hop1__742464_15840_36002 seed=0 arm=intro_specter: true_success=True believed=True abstained=False tokens=(4689,1458)
  real_musique_00057_3hop1__131783_131926_90707 seed=0 arm=reflexion: true_success=True believed=True abstained=None tokens=(1652,418)
  real_musique_00057_3hop1__131783_131926_90707 seed=0 arm=intro_specter: true_success=True believed=True abstained=False tokens=(3957,953)
  real_musique_00058_3hop1__465684_160545_34751 seed=0 arm=reflexion: true_success=True believed=True abstained=None tokens=(1720,475)
  real_musique_00058_3hop1__465684_160545_34751 seed=0 arm=intro_specter: true_success=True believed=True abstained=False tokens=(4199,1413)
  real_musique_00059_3hop1__315504_629431_64412 seed=0 arm=reflexion: true_success=True believed=True abstained=None tokens=(2063,473)
  real_musique_00059_3hop1__315504_629431_64412 seed=0 arm=intro_specter: true_success=True believed=True abstained=False tokens=(4877,1138)

--- run summary ---
rows written: 101  errors: 10
total tokens_input=382105  total tokens_output=102217  grand_total=484322
Loaded 60 examples for musique_real (bench_seed=42), rho=0.3, seeds=[0]
  real_musique_00000_3hop1__617062_127905_80487 seed=0 arm=reflexion: true_success=True believed=True abstained=None tokens=(1906,542)
  real_musique_00000_3hop1__617062_127905_80487 seed=0 arm=intro_specter: true_success=True believed=True abstained=False tokens=(4673,1266)
  real_musique_00001_3hop1__132968_40769_64047 seed=0 arm=reflexion: true_success=False believed=False abstained=None tokens=(11239,2016)
  real_musique_00001_3hop1__132968_40769_64047 seed=0 arm=intro_specter: true_success=True believed=True abstained=False tokens=(3935,1164)
  real_musique_00002_3hop2__36852_326964_7713 seed=0 arm=reflexion: true_success=True believed=True abstained=None tokens=(1614,405)
  real_musique_00002_3hop2__36852_326964_7713 seed=0 arm=intro_specter: true_success=True believed=True abstained=False tokens=(3931,1131)
  real_musique_00003_3hop1__813285_774554_64412 seed=0 arm=reflexion: true_success=True believed=True abstained=None tokens=(1891,910)
  real_musique_00003_3hop1__813285_774554_64412 seed=0 arm=intro_specter: true_success=True believed=True abstained=False tokens=(5096,2478)
  real_musique_00004_3hop2__92991_28727_76291 seed=0 arm=reflexion: true_success=True believed=True abstained=None tokens=(1522,338)
  real_musique_00004_3hop2__92991_28727_76291 seed=0 arm=intro_specter: true_success=True believed=True abstained=False tokens=(3617,850)
  real_musique_00005_3hop1__446612_160545_60577 seed=0 arm=reflexion: true_success=True believed=True abstained=None tokens=(1695,274)
  real_musique_00005_3hop1__446612_160545_60577 seed=0 arm=intro_specter: true_success=True believed=True abstained=False tokens=(3899,758)
  real_musique_00006_3hop2__57233_106716_56883 seed=0 arm=reflexion: true_success=True believed=True abstained=None tokens=(1662,324)
  real_musique_00006_3hop2__57233_106716_56883 seed=0 arm=intro_specter: true_success=True believed=True abstained=False tokens=(3919,847)
  real_musique_00007_3hop1__313670_42197_18397 seed=0 arm=reflexion: true_success=True believed=True abstained=None tokens=(6083,1592)
  real_musique_00007_3hop1__313670_42197_18397 seed=0 arm=intro_specter: true_success=True believed=True abstained=False tokens=(3985,843)
  real_musique_00008_3hop1__639955_834494_34109 seed=0 arm=reflexion: true_success=True believed=True abstained=None tokens=(1895,538)
  real_musique_00008_3hop1__639955_834494_34109 seed=0 arm=intro_specter: true_success=True believed=True abstained=False tokens=(4648,1422)
  real_musique_00009_3hop1__312146_720914_27537 seed=0 arm=reflexion: true_success=True believed=True abstained=None tokens=(1757,357)
  real_musique_00009_3hop1__312146_720914_27537 seed=0 arm=intro_specter: true_success=True believed=True abstained=False tokens=(4113,1033)
  real_musique_00010_3hop1__24980_42197_18397 seed=0 arm=reflexion: true_success=True believed=True abstained=None tokens=(1680,603)
  real_musique_00010_3hop1__24980_42197_18397 seed=0 arm=intro_specter: true_success=True believed=True abstained=False tokens=(4345,1689)
  real_musique_00011_3hop2__88342_93066_47738 seed=0 arm=reflexion: true_success=True believed=True abstained=None tokens=(1784,462)
  real_musique_00011_3hop2__88342_93066_47738 seed=0 arm=intro_specter: true_success=True believed=True abstained=False tokens=(4307,1048)
  real_musique_00012_3hop1__567955_503371_21711 seed=0 arm=reflexion: true_success=True believed=True abstained=None tokens=(1629,325)
  real_musique_00012_3hop1__567955_503371_21711 seed=0 arm=intro_specter: true_success=True believed=True abstained=False tokens=(3859,929)
  real_musique_00013_3hop1__662618_339990_54675 seed=0 arm=reflexion: true_success=True believed=True abstained=None tokens=(1678,373)
  real_musique_00013_3hop1__662618_339990_54675 seed=0 arm=intro_specter: true_success=True believed=True abstained=False tokens=(3964,784)
  real_musique_00014_3hop1__145212_443779_52195 seed=0 arm=reflexion: true_success=True believed=True abstained=None tokens=(1803,277)
  real_musique_00014_3hop1__145212_443779_52195 seed=0 arm=intro_specter: true_success=True believed=True abstained=False tokens=(4138,787)
  real_musique_00015_3hop1__337705_132457_47686 seed=0 arm=reflexion: true_success=True believed=True abstained=None tokens=(1509,1361)
  real_musique_00015_3hop1__337705_132457_47686 seed=0 arm=intro_specter: true_success=True believed=True abstained=False tokens=(4888,3320)
  real_musique_00016_3hop1__545624_2053_52946 seed=0 arm=reflexion: true_success=True believed=True abstained=None tokens=(1834,1022)
  real_musique_00016_3hop1__545624_2053_52946 seed=0 arm=intro_specter: true_success=True believed=True abstained=False tokens=(5136,1543)
  real_musique_00017_3hop1__108833_720914_27537 seed=0 arm=reflexion: true_success=True believed=True abstained=None tokens=(1628,831)
  real_musique_00017_3hop1__108833_720914_27537 seed=0 arm=intro_specter: true_success=True believed=True abstained=False tokens=(4490,1644)
  real_musique_00018_3hop1__527372_339990_54675 seed=0 arm=reflexion: true_success=True believed=True abstained=None tokens=(1591,237)
  real_musique_00018_3hop1__527372_339990_54675 seed=0 arm=intro_specter: true_success=True believed=True abstained=False tokens=(3653,634)
  real_musique_00019_3hop1__365934_87694_64412 seed=0 arm=reflexion: true_success=True believed=True abstained=None tokens=(2044,341)
  real_musique_00019_3hop1__365934_87694_64412 seed=0 arm=intro_specter: true_success=True believed=True abstained=False tokens=(4664,770)
  real_musique_00020_3hop2__132957_379231_40768 seed=0 arm=reflexion: true_success=True believed=True abstained=None tokens=(1775,403)
  real_musique_00020_3hop2__132957_379231_40768 seed=0 arm=intro_specter: true_success=True believed=True abstained=False tokens=(4209,1035)
  real_musique_00021_3hop1__438364_443779_52195 seed=0 arm=reflexion: true_success=True believed=True abstained=None tokens=(1510,641)
  real_musique_00021_3hop1__438364_443779_52195 seed=0 arm=intro_specter: true_success=True believed=True abstained=False tokens=(3959,1128)
  real_musique_00022_3hop1__539312_744503_34754 seed=0 arm=reflexion: true_success=True believed=True abstained=None tokens=(1638,360)
  real_musique_00022_3hop1__539312_744503_34754 seed=0 arm=intro_specter: true_success=True believed=True abstained=False tokens=(3871,891)
  real_musique_00023_3hop1__133292_40769_64047 seed=0 arm=reflexion: true_success=True believed=True abstained=None tokens=(12450,1645)
  real_musique_00023_3hop1__133292_40769_64047 seed=0 arm=intro_specter: true_success=True believed=True abstained=False tokens=(4520,828)
  real_musique_00024_3hop1__79039_131926_90707 seed=0 arm=reflexion: true_success=True believed=True abstained=None tokens=(1598,321)
  real_musique_00024_3hop1__79039_131926_90707 seed=0 arm=intro_specter: true_success=True believed=True abstained=False tokens=(3772,834)
  real_musique_00025_3hop1__813285_774554_124169 seed=0 arm=reflexion: true_success=True believed=True abstained=None tokens=(1720,424)
  real_musique_00025_3hop1__813285_774554_124169 seed=0 arm=intro_specter: true_success=True believed=True abstained=False tokens=(4127,1300)
  real_musique_00026_3hop2__304722_796034_63959 seed=0 arm=reflexion: true_success=True believed=True abstained=None tokens=(1731,334)
  real_musique_00026_3hop2__304722_796034_63959 seed=0 arm=intro_specter: true_success=True believed=True abstained=False tokens=(4051,1110)
  real_musique_00027_3hop1__857_846_7798 seed=0 arm=reflexion: true_success=True believed=True abstained=None tokens=(1778,339)
  real_musique_00027_3hop1__857_846_7798 seed=0 arm=intro_specter: true_success=True believed=True abstained=False tokens=(4148,759)
  real_musique_00028_3hop2__304722_330033_63959 seed=0 arm=reflexion: true_success=True believed=True abstained=None tokens=(1683,387)
  real_musique_00028_3hop2__304722_330033_63959 seed=0 arm=intro_specter: true_success=True believed=True abstained=False tokens=(4066,1008)
  real_musique_00029_3hop1__136129_87694_64412 seed=0 arm=reflexion: true_success=True believed=True abstained=None tokens=(6284,780)
  real_musique_00029_3hop1__136129_87694_64412 seed=0 arm=intro_specter: true_success=True believed=True abstained=False tokens=(4154,841)
  real_musique_00030_3hop1__305282_282081_10972 seed=0 arm=reflexion: true_success=True believed=True abstained=None tokens=(1729,810)
  real_musique_00030_3hop1__305282_282081_10972 seed=0 arm=intro_specter: true_success=True believed=True abstained=False tokens=(4588,1866)
  real_musique_00031_3hop2__6989_37759_74563 seed=0 arm=reflexion: true_success=True believed=True abstained=None tokens=(1613,508)
  real_musique_00031_3hop2__6989_37759_74563 seed=0 arm=intro_specter: true_success=True believed=True abstained=False tokens=(4011,1250)
  real_musique_00032_3hop1__131783_131926_90707 seed=0 arm=reflexion: true_success=True believed=True abstained=None tokens=(1578,304)
  real_musique_00032_3hop1__131783_131926_90707 seed=0 arm=intro_specter: true_success=True believed=True abstained=False tokens=(3736,876)
  real_musique_00033_3hop1__768500_730460_78782 seed=0 arm=reflexion: true_success=False believed=False abstained=None tokens=(11473,2353)
  real_musique_00033_3hop1__768500_730460_78782 seed=0 arm=intro_specter: true_success=True believed=True abstained=False tokens=(4010,1377)
  real_musique_00034_3hop2__855821_467331_162182 seed=0 arm=reflexion: true_success=True believed=True abstained=None tokens=(1858,313)
  real_musique_00034_3hop2__855821_467331_162182 seed=0 arm=intro_specter: true_success=True believed=True abstained=False tokens=(4284,516)
  real_musique_00035_3hop2__30152_105395_20999 seed=0 arm=reflexion: true_success=False believed=False abstained=None tokens=(11159,1323)
  real_musique_00035_3hop2__30152_105395_20999 seed=0 arm=intro_specter: true_success=True believed=True abstained=False tokens=(4149,734)
  real_musique_00036_3hop1__847420_720378_15538 seed=0 arm=reflexion: true_success=True believed=True abstained=None tokens=(1574,677)
  real_musique_00036_3hop1__847420_720378_15538 seed=0 arm=intro_specter: true_success=True believed=True abstained=False tokens=(4166,1648)
  real_musique_00037_3hop1__662618_339990_54675 seed=0 arm=reflexion: true_success=True believed=True abstained=None tokens=(1727,847)
  real_musique_00037_3hop1__662618_339990_54675 seed=0 arm=intro_specter: true_success=True believed=True abstained=False tokens=(4766,2715)
  real_musique_00038_3hop1__747772_514761_594810 seed=0 arm=reflexion: true_success=True believed=True abstained=None tokens=(1871,441)
  real_musique_00038_3hop1__747772_514761_594810 seed=0 arm=intro_specter: true_success=True believed=True abstained=False tokens=(4446,988)
  real_musique_00039_3hop1__131783_131926_90707 seed=0 arm=reflexion: true_success=True believed=True abstained=None tokens=(1761,413)
  real_musique_00039_3hop1__131783_131926_90707 seed=0 arm=intro_specter: true_success=True believed=True abstained=False tokens=(4253,1130)
  real_musique_00040_3hop2__326964_263934_7713 seed=0 arm=reflexion: true_success=True believed=True abstained=None tokens=(1830,352)
  real_musique_00040_3hop2__326964_263934_7713 seed=0 arm=intro_specter: true_success=True believed=True abstained=False tokens=(4267,769)
  real_musique_00041_3hop1__635099_131926_89261 seed=0 arm=reflexion: true_success=True believed=True abstained=None tokens=(1764,613)
  real_musique_00041_3hop1__635099_131926_89261 seed=0 arm=intro_specter: true_success=True believed=True abstained=False tokens=(4482,1728)
  real_musique_00042_3hop1__109422_720914_41132 seed=0 arm=reflexion: true_success=False believed=False abstained=None tokens=(15227,4073)
  real_musique_00042_3hop1__109422_720914_41132 seed=0 arm=intro_specter: true_success=False believed=False abstained=False tokens=(4793,1517)
  real_musique_00043_3hop2__79512_16214_84681 seed=0 arm=reflexion: true_success=False believed=False abstained=None tokens=(10804,1566)
  real_musique_00043_3hop2__79512_16214_84681 seed=0 arm=intro_specter: true_success=True believed=True abstained=False tokens=(3863,807)
  real_musique_00044_3hop2__809962_89048_66294 seed=0 arm=reflexion: true_success=True believed=True abstained=None tokens=(1623,333)
  real_musique_00044_3hop2__809962_89048_66294 seed=0 arm=intro_specter: true_success=True believed=True abstained=False tokens=(3834,763)
  real_musique_00045_3hop1__489567_443779_52195 seed=0 arm=reflexion: true_success=True believed=True abstained=None tokens=(1522,536)
  real_musique_00045_3hop1__489567_443779_52195 seed=0 arm=intro_specter: true_success=True believed=True abstained=False tokens=(3898,1471)
  real_musique_00046_3hop1__401538_132457_47686 seed=0 arm=reflexion: true_success=True believed=True abstained=None tokens=(1601,554)
  real_musique_00046_3hop1__401538_132457_47686 seed=0 arm=intro_specter: true_success=True believed=True abstained=False tokens=(4055,1398)
  real_musique_00047_3hop1__639955_834494_33939 seed=0 arm=reflexion: true_success=True believed=True abstained=None tokens=(1848,386)
  real_musique_00047_3hop1__639955_834494_33939 seed=0 arm=intro_specter: true_success=True believed=True abstained=False tokens=(4337,919)
  real_musique_00048_3hop2__89048_228_66294 seed=0 arm=reflexion: true_success=False believed=False abstained=None tokens=(13139,2351)
  real_musique_00048_3hop2__89048_228_66294 seed=0 arm=intro_specter: true_success=True believed=True abstained=False tokens=(4614,1298)
  real_musique_00049_3hop1__86965_488922_4093 seed=0 arm=reflexion: true_success=True believed=True abstained=None tokens=(1591,353)
  real_musique_00049_3hop1__86965_488922_4093 seed=0 arm=intro_specter: true_success=True believed=True abstained=False tokens=(3791,970)
  real_musique_00050_3hop1__92251_34179_23375 seed=0 arm=reflexion: true_success=True believed=True abstained=None tokens=(1492,419)
  real_musique_00050_3hop1__92251_34179_23375 seed=0 arm=intro_specter: true_success=True believed=True abstained=False tokens=(3681,1234)
  real_musique_00051_3hop2__132957_133264_40768 seed=0 arm=reflexion: true_success=True believed=True abstained=None tokens=(1952,314)
  real_musique_00051_3hop2__132957_133264_40768 seed=0 arm=intro_specter: true_success=True believed=True abstained=False tokens=(4489,621)
  real_musique_00052_3hop1__641921_42197_18397 seed=0 arm=reflexion: true_success=True believed=True abstained=None tokens=(1660,153)
  real_musique_00052_3hop1__641921_42197_18397 seed=0 arm=intro_specter: true_success=True believed=True abstained=False tokens=(3640,363)
  real_musique_00053_3hop1__142044_538202_84283 seed=0 arm=reflexion: true_success=True believed=True abstained=None tokens=(1682,321)
  real_musique_00053_3hop1__142044_538202_84283 seed=0 arm=intro_specter: true_success=True believed=True abstained=False tokens=(3940,828)
  real_musique_00054_3hop1__409517_547811_80702 seed=0 arm=reflexion: true_success=True believed=True abstained=None tokens=(1790,355)
  real_musique_00054_3hop1__409517_547811_80702 seed=0 arm=intro_specter: true_success=True believed=True abstained=False tokens=(4170,661)
  real_musique_00055_3hop1__106042_64399_59680 seed=0 arm=reflexion: true_success=True believed=True abstained=None tokens=(1688,210)
  real_musique_00055_3hop1__106042_64399_59680 seed=0 arm=intro_specter: true_success=True believed=True abstained=False tokens=(3800,665)
  real_musique_00056_3hop1__742464_15840_36002 seed=0 arm=reflexion: true_success=True believed=True abstained=None tokens=(1657,400)
  real_musique_00056_3hop1__742464_15840_36002 seed=0 arm=intro_specter: true_success=True believed=True abstained=False tokens=(3990,847)
  real_musique_00057_3hop1__131783_131926_90707 seed=0 arm=reflexion: true_success=True believed=True abstained=None tokens=(6979,1671)
  real_musique_00057_3hop1__131783_131926_90707 seed=0 arm=intro_specter: true_success=True believed=True abstained=False tokens=(4421,1177)
  real_musique_00058_3hop1__465684_160545_34751 seed=0 arm=reflexion: true_success=True believed=True abstained=None tokens=(1636,665)
  real_musique_00058_3hop1__465684_160545_34751 seed=0 arm=intro_specter: true_success=True believed=True abstained=False tokens=(4277,1647)
  real_musique_00059_3hop1__315504_629431_64412 seed=0 arm=reflexion: true_success=True believed=True abstained=None tokens=(1952,596)
  real_musique_00059_3hop1__315504_629431_64412 seed=0 arm=intro_specter: true_success=True believed=True abstained=False tokens=(4841,1395)

--- run summary ---
rows written: 120  errors: 0
total tokens_input=442120  total tokens_output=111824  grand_total=553944
