Resuming: 37 reflexion rows, 36 intro_specter rows already present, will be skipped.
Loaded 60 examples for twowiki_real (bench_seed=42), rho=0.0, seeds=[0]
  real_2wiki_00036_32fe2e3c08c111ebbd8bac1f6bf848b6 seed=0 arm=intro_specter: true_success=True believed=True abstained=False tokens=(3267,1023)
  real_2wiki_00037_44953da6087a11ebbd67ac1f6bf848b6 seed=0 arm=reflexion: true_success=True believed=True abstained=None tokens=(1775,291)
  real_2wiki_00037_44953da6087a11ebbd67ac1f6bf848b6 seed=0 arm=intro_specter: true_success=True believed=True abstained=False tokens=(4082,863)
  real_2wiki_00038_99abc1cc085511ebbd59ac1f6bf848b6 seed=0 arm=reflexion: true_success=True believed=True abstained=None tokens=(1516,335)
  real_2wiki_00038_99abc1cc085511ebbd59ac1f6bf848b6 seed=0 arm=intro_specter: true_success=True believed=True abstained=False tokens=(3607,880)
  real_2wiki_00039_bd036cfc088811ebbd6eac1f6bf848b6 seed=0 arm=reflexion: true_success=True believed=True abstained=None tokens=(1556,276)
  real_2wiki_00039_bd036cfc088811ebbd6eac1f6bf848b6 seed=0 arm=intro_specter: true_success=True believed=True abstained=False tokens=(3608,783)
  real_2wiki_00040_2ccc68a108fe11ebbdadac1f6bf848b6 seed=0 arm=reflexion: true_success=True believed=True abstained=None tokens=(1781,687)
  real_2wiki_00040_2ccc68a108fe11ebbdadac1f6bf848b6 seed=0 arm=intro_specter: true_success=True believed=True abstained=False tokens=(4595,1732)
  real_2wiki_00041_3f51ca660bdc11eba7f7acde48001122 seed=0 arm=reflexion: true_success=True believed=True abstained=None tokens=(1685,268)
  real_2wiki_00041_3f51ca660bdc11eba7f7acde48001122 seed=0 arm=intro_specter: true_success=True believed=True abstained=False tokens=(3878,842)
  real_2wiki_00042_b6adcb55094811ebbdaeac1f6bf848b6 seed=0 arm=reflexion: true_success=True believed=True abstained=None tokens=(1175,445)
  real_2wiki_00042_b6adcb55094811ebbdaeac1f6bf848b6 seed=0 arm=intro_specter: true_success=True believed=True abstained=False tokens=(3113,1305)
  real_2wiki_00043_357b09be0bda11eba7f7acde48001122 seed=0 arm=reflexion: true_success=True believed=True abstained=None tokens=(5850,1194)
  real_2wiki_00043_357b09be0bda11eba7f7acde48001122 seed=0 arm=intro_specter: true_success=True believed=True abstained=False tokens=(3808,1163)
  real_2wiki_00044_65645b8c0bb011ebab90acde48001122 seed=0 arm=reflexion: true_success=True believed=True abstained=None tokens=(1552,358)
  real_2wiki_00044_65645b8c0bb011ebab90acde48001122 seed=0 arm=intro_specter: true_success=True believed=True abstained=False tokens=(3701,964)
  real_2wiki_00045_cf34e0600bdb11eba7f7acde48001122 seed=0 arm=reflexion: true_success=True believed=True abstained=None tokens=(1924,274)
  real_2wiki_00045_cf34e0600bdb11eba7f7acde48001122 seed=0 arm=intro_specter: true_success=True believed=True abstained=False tokens=(4339,678)
  real_2wiki_00046_eea5851e088c11ebbd70ac1f6bf848b6 seed=0 arm=reflexion: true_success=True believed=True abstained=None tokens=(1819,455)
  real_2wiki_00046_eea5851e088c11ebbd70ac1f6bf848b6 seed=0 arm=intro_specter: true_success=True believed=True abstained=False tokens=(4376,1153)
  real_2wiki_00047_3139e3880bdb11eba7f7acde48001122 seed=0 arm=reflexion: true_success=True believed=True abstained=None tokens=(1580,267)
  real_2wiki_00047_3139e3880bdb11eba7f7acde48001122 seed=0 arm=intro_specter: true_success=True believed=True abstained=False tokens=(3686,737)
  real_2wiki_00048_e8d92a1a0bdd11eba7f7acde48001122 seed=0 arm=reflexion: true_success=True believed=True abstained=None tokens=(1595,491)
  real_2wiki_00048_e8d92a1a0bdd11eba7f7acde48001122 seed=0 arm=intro_specter: true_success=True believed=True abstained=False tokens=(3965,1265)
  real_2wiki_00049_f04a80e20bdc11eba7f7acde48001122 seed=0 arm=reflexion: true_success=True believed=True abstained=None tokens=(1528,399)
  real_2wiki_00049_f04a80e20bdc11eba7f7acde48001122 seed=0 arm=intro_specter: true_success=True believed=True abstained=False tokens=(3737,1108)
  real_2wiki_00050_36a793e40bde11eba7f7acde48001122 seed=0 arm=reflexion: true_success=True believed=True abstained=None tokens=(5972,1229)
  real_2wiki_00050_36a793e40bde11eba7f7acde48001122 seed=0 arm=intro_specter: true_success=False believed=False abstained=False tokens=(3875,836)
  real_2wiki_00051_0dc9691b087911ebbd67ac1f6bf848b6 seed=0 arm=reflexion: true_success=True believed=True abstained=None tokens=(1313,610)
  real_2wiki_00051_0dc9691b087911ebbd67ac1f6bf848b6 seed=0 arm=intro_specter: true_success=True believed=True abstained=False tokens=(3562,1584)
  real_2wiki_00052_5b60c0f80bb011ebab90acde48001122 seed=0 arm=reflexion: true_success=True believed=True abstained=None tokens=(2083,386)
  real_2wiki_00052_5b60c0f80bb011ebab90acde48001122 seed=0 arm=intro_specter: true_success=True believed=True abstained=False tokens=(4812,953)
  real_2wiki_00053_8d07caac0bdd11eba7f7acde48001122 seed=0 arm=reflexion: true_success=True believed=True abstained=None tokens=(1884,286)
  real_2wiki_00053_8d07caac0bdd11eba7f7acde48001122 seed=0 arm=intro_specter: true_success=True believed=True abstained=False tokens=(4253,717)
  real_2wiki_00054_f76adbb40bdd11eba7f7acde48001122 seed=0 arm=reflexion: true_success=True believed=True abstained=None tokens=(1493,342)
  real_2wiki_00054_f76adbb40bdd11eba7f7acde48001122 seed=0 arm=intro_specter: true_success=True believed=True abstained=False tokens=(3566,865)
  real_2wiki_00055_a6202170089911ebbd77ac1f6bf848b6 seed=0 arm=reflexion: true_success=True believed=True abstained=None tokens=(1481,682)
  real_2wiki_00055_a6202170089911ebbd77ac1f6bf848b6 seed=0 arm=intro_specter: true_success=True believed=True abstained=False tokens=(4031,1733)
  real_2wiki_00056_a88b9f8e08bc11ebbd89ac1f6bf848b6 seed=0 arm=reflexion: true_success=True believed=True abstained=None tokens=(11298,1658)
  real_2wiki_00056_a88b9f8e08bc11ebbd89ac1f6bf848b6 seed=0 arm=intro_specter: true_success=False believed=False abstained=False tokens=(4052,826)
  real_2wiki_00057_21eb30140bde11eba7f7acde48001122 seed=0 arm=reflexion: true_success=True believed=True abstained=None tokens=(1602,339)
  real_2wiki_00057_21eb30140bde11eba7f7acde48001122 seed=0 arm=intro_specter: true_success=True believed=True abstained=False tokens=(3802,834)
  real_2wiki_00058_150df73c086411ebbd5eac1f6bf848b6 seed=0 arm=reflexion: true_success=True believed=True abstained=None tokens=(1534,589)
  real_2wiki_00058_150df73c086411ebbd5eac1f6bf848b6 seed=0 arm=intro_specter: true_success=True believed=True abstained=False tokens=(3983,1560)
  real_2wiki_00059_87d1e62a08c511ebbd8eac1f6bf848b6 seed=0 arm=reflexion: true_success=True believed=True abstained=None tokens=(1387,657)
  real_2wiki_00059_87d1e62a08c511ebbd8eac1f6bf848b6 seed=0 arm=intro_specter: true_success=True believed=True abstained=False tokens=(3822,1058)

--- run summary ---
rows written: 47  errors: 0
total tokens_input=148903  total tokens_output=37980  grand_total=186883
[RETRY] prime task=real_2wiki_00021_4110745e0bde11eba7f7acde48001122 seed=0 attempt 1/3 failed (Connection error.); retrying in 2s
[RETRY] prime task=real_2wiki_00021_4110745e0bde11eba7f7acde48001122 seed=0 attempt 2/3 failed (Connection error.); retrying in 4s
[ERROR] prime failed task=real_2wiki_00021_4110745e0bde11eba7f7acde48001122 seed=0: Connection error.
[RETRY] prime task=real_2wiki_00022_0963c8b80bdd11eba7f7acde48001122 seed=0 attempt 1/3 failed (Connection error.); retrying in 2s
[RETRY] prime task=real_2wiki_00022_0963c8b80bdd11eba7f7acde48001122 seed=0 attempt 2/3 failed (Connection error.); retrying in 4s
[ERROR] prime failed task=real_2wiki_00022_0963c8b80bdd11eba7f7acde48001122 seed=0: Connection error.
[RETRY] prime task=real_2wiki_00023_7ee9577e088611ebbd6dac1f6bf848b6 seed=0 attempt 1/3 failed (Connection error.); retrying in 2s
[RETRY] prime task=real_2wiki_00023_7ee9577e088611ebbd6dac1f6bf848b6 seed=0 attempt 2/3 failed (Connection error.); retrying in 4s
[ERROR] prime failed task=real_2wiki_00023_7ee9577e088611ebbd6dac1f6bf848b6 seed=0: Connection error.
[RETRY] prime task=real_2wiki_00024_1fa46e26084911ebbd55ac1f6bf848b6 seed=0 attempt 1/3 failed (Connection error.); retrying in 2s
[RETRY] prime task=real_2wiki_00024_1fa46e26084911ebbd55ac1f6bf848b6 seed=0 attempt 2/3 failed (Connection error.); retrying in 4s
[ERROR] prime failed task=real_2wiki_00024_1fa46e26084911ebbd55ac1f6bf848b6 seed=0: Connection error.
[RETRY] prime task=real_2wiki_00025_2ef233a40baf11ebab90acde48001122 seed=0 attempt 1/3 failed (Connection error.); retrying in 2s
[RETRY] prime task=real_2wiki_00025_2ef233a40baf11ebab90acde48001122 seed=0 attempt 2/3 failed (Connection error.); retrying in 4s
[ERROR] prime failed task=real_2wiki_00025_2ef233a40baf11ebab90acde48001122 seed=0: Connection error.
[RETRY] prime task=real_2wiki_00026_357b09be0bda11eba7f7acde48001122 seed=0 attempt 1/3 failed (Connection error.); retrying in 2s
[RETRY] prime task=real_2wiki_00026_357b09be0bda11eba7f7acde48001122 seed=0 attempt 2/3 failed (Connection error.); retrying in 4s
[ERROR] prime failed task=real_2wiki_00026_357b09be0bda11eba7f7acde48001122 seed=0: Connection error.
[RETRY] prime task=real_2wiki_00027_7f6e237109c411ebbdb0ac1f6bf848b6 seed=0 attempt 1/3 failed (Connection error.); retrying in 2s
[RETRY] prime task=real_2wiki_00027_7f6e237109c411ebbdb0ac1f6bf848b6 seed=0 attempt 2/3 failed (Connection error.); retrying in 4s
[ERROR] prime failed task=real_2wiki_00027_7f6e237109c411ebbdb0ac1f6bf848b6 seed=0: Connection error.
[RETRY] prime task=real_2wiki_00028_cc2516f80bd911eba7f7acde48001122 seed=0 attempt 1/3 failed (Connection error.); retrying in 2s
[RETRY] prime task=real_2wiki_00028_cc2516f80bd911eba7f7acde48001122 seed=0 attempt 2/3 failed (Connection error.); retrying in 4s
[ERROR] prime failed task=real_2wiki_00028_cc2516f80bd911eba7f7acde48001122 seed=0: Connection error.
[RETRY] prime task=real_2wiki_00029_ce3a708808bd11ebbd8aac1f6bf848b6 seed=0 attempt 1/3 failed (Connection error.); retrying in 2s
[RETRY] prime task=real_2wiki_00029_ce3a708808bd11ebbd8aac1f6bf848b6 seed=0 attempt 2/3 failed (Connection error.); retrying in 4s
[ERROR] prime failed task=real_2wiki_00029_ce3a708808bd11ebbd8aac1f6bf848b6 seed=0: Connection error.
[RETRY] prime task=real_2wiki_00030_505170320bdc11eba7f7acde48001122 seed=0 attempt 1/3 failed (Connection error.); retrying in 2s
[RETRY] prime task=real_2wiki_00030_505170320bdc11eba7f7acde48001122 seed=0 attempt 2/3 failed (Connection error.); retrying in 4s
[ERROR] prime failed task=real_2wiki_00030_505170320bdc11eba7f7acde48001122 seed=0: Connection error.
[RETRY] prime task=real_2wiki_00031_f3fa308308af11ebbd84ac1f6bf848b6 seed=0 attempt 1/3 failed (Connection error.); retrying in 2s
[RETRY] prime task=real_2wiki_00031_f3fa308308af11ebbd84ac1f6bf848b6 seed=0 attempt 2/3 failed (Connection error.); retrying in 4s
Loaded 60 examples for twowiki_real (bench_seed=42), rho=0.1, seeds=[0]
  real_2wiki_00000_18b63dd208a911ebbd7fac1f6bf848b6 seed=0 arm=reflexion: true_success=True believed=True abstained=None tokens=(1629,349)
  real_2wiki_00000_18b63dd208a911ebbd7fac1f6bf848b6 seed=0 arm=intro_specter: true_success=True believed=True abstained=False tokens=(3890,1045)
  real_2wiki_00001_c3b8a8a4086b11ebbd60ac1f6bf848b6 seed=0 arm=reflexion: true_success=True believed=True abstained=None tokens=(1537,545)
  real_2wiki_00001_c3b8a8a4086b11ebbd60ac1f6bf848b6 seed=0 arm=intro_specter: true_success=True believed=True abstained=False tokens=(3947,1511)
  real_2wiki_00002_a9f16baa0bdd11eba7f7acde48001122 seed=0 arm=reflexion: true_success=True believed=True abstained=None tokens=(6306,1041)
  real_2wiki_00002_a9f16baa0bdd11eba7f7acde48001122 seed=0 arm=intro_specter: true_success=False believed=False abstained=False tokens=(4177,926)
  real_2wiki_00003_578ac41e0bde11eba7f7acde48001122 seed=0 arm=reflexion: true_success=True believed=True abstained=None tokens=(1758,709)
  real_2wiki_00003_578ac41e0bde11eba7f7acde48001122 seed=0 arm=intro_specter: true_success=True believed=True abstained=False tokens=(4550,1131)
  real_2wiki_00004_86806877099411ebbdb0ac1f6bf848b6 seed=0 arm=reflexion: true_success=True believed=True abstained=None tokens=(1652,368)
  real_2wiki_00004_86806877099411ebbdb0ac1f6bf848b6 seed=0 arm=intro_specter: true_success=True believed=True abstained=False tokens=(3897,998)
  real_2wiki_00005_072f19a00bdb11eba7f7acde48001122 seed=0 arm=reflexion: true_success=True believed=True abstained=None tokens=(1529,315)
  real_2wiki_00005_072f19a00bdb11eba7f7acde48001122 seed=0 arm=intro_specter: true_success=True believed=True abstained=False tokens=(3612,805)
  real_2wiki_00006_990341840bdc11eba7f7acde48001122 seed=0 arm=reflexion: true_success=True believed=True abstained=None tokens=(1435,523)
  real_2wiki_00006_990341840bdc11eba7f7acde48001122 seed=0 arm=intro_specter: true_success=True believed=True abstained=False tokens=(3736,1453)
  real_2wiki_00007_7eeb32f4089211ebbd73ac1f6bf848b6 seed=0 arm=reflexion: true_success=True believed=True abstained=None tokens=(1615,334)
  real_2wiki_00007_7eeb32f4089211ebbd73ac1f6bf848b6 seed=0 arm=intro_specter: true_success=True believed=True abstained=False tokens=(3806,846)
  real_2wiki_00008_b729a3c80bdd11eba7f7acde48001122 seed=0 arm=reflexion: true_success=True believed=True abstained=None tokens=(1202,278)
  real_2wiki_00008_b729a3c80bdd11eba7f7acde48001122 seed=0 arm=intro_specter: true_success=True believed=True abstained=False tokens=(2921,746)
  real_2wiki_00009_a83d0a42087e11ebbd6bac1f6bf848b6 seed=0 arm=reflexion: true_success=True believed=True abstained=None tokens=(1833,605)
  real_2wiki_00009_a83d0a42087e11ebbd6bac1f6bf848b6 seed=0 arm=intro_specter: true_success=True believed=True abstained=False tokens=(4597,1245)
  real_2wiki_00010_9dde4d9f089811ebbd77ac1f6bf848b6 seed=0 arm=reflexion: true_success=True believed=True abstained=None tokens=(1656,593)
  real_2wiki_00010_9dde4d9f089811ebbd77ac1f6bf848b6 seed=0 arm=intro_specter: true_success=True believed=True abstained=False tokens=(4252,1385)
  real_2wiki_00011_bb275b6808a011ebbd78ac1f6bf848b6 seed=0 arm=reflexion: true_success=True believed=True abstained=None tokens=(1760,427)
  real_2wiki_00011_bb275b6808a011ebbd78ac1f6bf848b6 seed=0 arm=intro_specter: true_success=True believed=True abstained=False tokens=(4193,908)
  real_2wiki_00012_2d72c18c0bb011ebab90acde48001122 seed=0 arm=reflexion: true_success=True believed=True abstained=None tokens=(1482,363)
  real_2wiki_00012_2d72c18c0bb011ebab90acde48001122 seed=0 arm=intro_specter: true_success=True believed=True abstained=False tokens=(3588,987)
  real_2wiki_00013_dd8d20e40bdd11eba7f7acde48001122 seed=0 arm=reflexion: true_success=True believed=True abstained=None tokens=(1557,829)
  real_2wiki_00013_dd8d20e40bdd11eba7f7acde48001122 seed=0 arm=intro_specter: true_success=True believed=True abstained=False tokens=(4391,1328)
  real_2wiki_00014_4c17bba60bb011ebab90acde48001122 seed=0 arm=reflexion: true_success=True believed=True abstained=None tokens=(1739,339)
  real_2wiki_00014_4c17bba60bb011ebab90acde48001122 seed=0 arm=intro_specter: true_success=True believed=True abstained=False tokens=(4092,749)
  real_2wiki_00015_eb7ece320bdd11eba7f7acde48001122 seed=0 arm=reflexion: true_success=True believed=True abstained=None tokens=(1863,311)
  real_2wiki_00015_eb7ece320bdd11eba7f7acde48001122 seed=0 arm=intro_specter: true_success=True believed=True abstained=False tokens=(4275,829)
  real_2wiki_00016_94911d640bdd11eba7f7acde48001122 seed=0 arm=reflexion: true_success=True believed=True abstained=None tokens=(1764,461)
  real_2wiki_00016_94911d640bdd11eba7f7acde48001122 seed=0 arm=intro_specter: true_success=True believed=True abstained=False tokens=(4269,1174)
  real_2wiki_00017_1f38945c0bb011ebab90acde48001122 seed=0 arm=reflexion: true_success=True believed=True abstained=None tokens=(2027,711)
  real_2wiki_00017_1f38945c0bb011ebab90acde48001122 seed=0 arm=intro_specter: true_success=True believed=True abstained=False tokens=(5110,1790)
  real_2wiki_00018_31611fcc08cd11ebbd93ac1f6bf848b6 seed=0 arm=reflexion: true_success=True believed=True abstained=None tokens=(1525,350)
  real_2wiki_00018_31611fcc08cd11ebbd93ac1f6bf848b6 seed=0 arm=intro_specter: true_success=True believed=True abstained=False tokens=(3661,886)
  real_2wiki_00019_80cea3ec0baf11ebab90acde48001122 seed=0 arm=reflexion: true_success=True believed=True abstained=None tokens=(6527,1586)
  real_2wiki_00019_80cea3ec0baf11ebab90acde48001122 seed=0 arm=intro_specter: true_success=True believed=True abstained=False tokens=(4199,1092)
  real_2wiki_00020_5eb8315a089011ebbd72ac1f6bf848b6 seed=0 arm=reflexion: true_success=True believed=True abstained=None tokens=(1903,588)
  real_2wiki_00020_5eb8315a089011ebbd72ac1f6bf848b6 seed=0 arm=intro_specter: true_success=True believed=True abstained=False tokens=(4699,1539)
  real_2wiki_00031_f3fa308308af11ebbd84ac1f6bf848b6 seed=0 arm=reflexion: true_success=True believed=True abstained=None tokens=(1401,733)
  real_2wiki_00031_f3fa308308af11ebbd84ac1f6bf848b6 seed=0 arm=intro_specter: true_success=True believed=True abstained=False tokens=(3902,1695)
  real_2wiki_00032_e9784b6c091f11ebbdaeac1f6bf848b6 seed=0 arm=reflexion: true_success=True believed=True abstained=None tokens=(1696,570)
  real_2wiki_00032_e9784b6c091f11ebbdaeac1f6bf848b6 seed=0 arm=intro_specter: true_success=True believed=True abstained=False tokens=(4273,1488)
  real_2wiki_00033_b7c97390089e11ebbd78ac1f6bf848b6 seed=0 arm=reflexion: true_success=True believed=True abstained=None tokens=(1650,336)
  real_2wiki_00033_b7c97390089e11ebbd78ac1f6bf848b6 seed=0 arm=intro_specter: true_success=True believed=True abstained=False tokens=(3878,921)
  real_2wiki_00034_c581990a0bdb11eba7f7acde48001122 seed=0 arm=reflexion: true_success=True believed=True abstained=None tokens=(1818,358)
  real_2wiki_00034_c581990a0bdb11eba7f7acde48001122 seed=0 arm=intro_specter: true_success=True believed=True abstained=False tokens=(4274,898)
  real_2wiki_00035_ec9f5b89092d11ebbdaeac1f6bf848b6 seed=0 arm=reflexion: true_success=True believed=True abstained=None tokens=(7486,1893)
  real_2wiki_00035_ec9f5b89092d11ebbdaeac1f6bf848b6 seed=0 arm=intro_specter: true_success=False believed=False abstained=False tokens=(4808,1393)
  real_2wiki_00036_32fe2e3c08c111ebbd8bac1f6bf848b6 seed=0 arm=reflexion: true_success=True believed=True abstained=None tokens=(1298,488)
  real_2wiki_00036_32fe2e3c08c111ebbd8bac1f6bf848b6 seed=0 arm=intro_specter: true_success=True believed=True abstained=False tokens=(3370,1276)
  real_2wiki_00037_44953da6087a11ebbd67ac1f6bf848b6 seed=0 arm=reflexion: true_success=True believed=True abstained=None tokens=(1777,300)
  real_2wiki_00037_44953da6087a11ebbd67ac1f6bf848b6 seed=0 arm=intro_specter: true_success=True believed=True abstained=False tokens=(4115,819)
  real_2wiki_00038_99abc1cc085511ebbd59ac1f6bf848b6 seed=0 arm=reflexion: true_success=True believed=True abstained=None tokens=(1485,514)
  real_2wiki_00038_99abc1cc085511ebbd59ac1f6bf848b6 seed=0 arm=intro_specter: true_success=True believed=True abstained=False tokens=(3788,1410)
  real_2wiki_00039_bd036cfc088811ebbd6eac1f6bf848b6 seed=0 arm=reflexion: true_success=True believed=True abstained=None tokens=(5214,705)
  real_2wiki_00039_bd036cfc088811ebbd6eac1f6bf848b6 seed=0 arm=intro_specter: true_success=True believed=True abstained=False tokens=(3475,904)
  real_2wiki_00040_2ccc68a108fe11ebbdadac1f6bf848b6 seed=0 arm=reflexion: true_success=True believed=True abstained=None tokens=(1784,663)
  real_2wiki_00040_2ccc68a108fe11ebbdadac1f6bf848b6 seed=0 arm=intro_specter: true_success=True believed=True abstained=False tokens=(4557,1653)
  real_2wiki_00041_3f51ca660bdc11eba7f7acde48001122 seed=0 arm=reflexion: true_success=True believed=True abstained=None tokens=(1657,512)
  real_2wiki_00041_3f51ca660bdc11eba7f7acde48001122 seed=0 arm=intro_specter: true_success=True believed=True abstained=False tokens=(4166,1263)
  real_2wiki_00042_b6adcb55094811ebbdaeac1f6bf848b6 seed=0 arm=reflexion: true_success=True believed=True abstained=None tokens=(1103,300)
  real_2wiki_00042_b6adcb55094811ebbdaeac1f6bf848b6 seed=0 arm=intro_specter: true_success=True believed=True abstained=False tokens=(2745,789)
  real_2wiki_00043_357b09be0bda11eba7f7acde48001122 seed=0 arm=reflexion: true_success=True believed=True abstained=None tokens=(1462,217)
  real_2wiki_00043_357b09be0bda11eba7f7acde48001122 seed=0 arm=intro_specter: true_success=True believed=True abstained=False tokens=(3360,623)
  real_2wiki_00044_65645b8c0bb011ebab90acde48001122 seed=0 arm=reflexion: true_success=True believed=True abstained=None tokens=(1555,439)
  real_2wiki_00044_65645b8c0bb011ebab90acde48001122 seed=0 arm=intro_specter: true_success=True believed=True abstained=False tokens=(3788,1019)
  real_2wiki_00045_cf34e0600bdb11eba7f7acde48001122 seed=0 arm=reflexion: true_success=True believed=True abstained=None tokens=(1924,322)
  real_2wiki_00045_cf34e0600bdb11eba7f7acde48001122 seed=0 arm=intro_specter: true_success=True believed=True abstained=False tokens=(4428,850)
  real_2wiki_00046_eea5851e088c11ebbd70ac1f6bf848b6 seed=0 arm=reflexion: true_success=True believed=True abstained=None tokens=(1786,880)
  real_2wiki_00046_eea5851e088c11ebbd70ac1f6bf848b6 seed=0 arm=intro_specter: true_success=True believed=True abstained=False tokens=(4946,2456)
  real_2wiki_00047_3139e3880bdb11eba7f7acde48001122 seed=0 arm=reflexion: true_success=True believed=True abstained=None tokens=(1575,327)
  real_2wiki_00047_3139e3880bdb11eba7f7acde48001122 seed=0 arm=intro_specter: true_success=True believed=True abstained=False tokens=(3716,871)
  real_2wiki_00048_e8d92a1a0bdd11eba7f7acde48001122 seed=0 arm=reflexion: true_success=True believed=True abstained=None tokens=(1633,1806)
  real_2wiki_00048_e8d92a1a0bdd11eba7f7acde48001122 seed=0 arm=intro_specter: true_success=True believed=True abstained=False tokens=(5943,2326)
  real_2wiki_00049_f04a80e20bdc11eba7f7acde48001122 seed=0 arm=reflexion: true_success=True believed=True abstained=None tokens=(1476,393)
  real_2wiki_00049_f04a80e20bdc11eba7f7acde48001122 seed=0 arm=intro_specter: true_success=True believed=True abstained=False tokens=(3586,1024)
  real_2wiki_00050_36a793e40bde11eba7f7acde48001122 seed=0 arm=reflexion: true_success=True believed=True abstained=None tokens=(1486,359)
  real_2wiki_00050_36a793e40bde11eba7f7acde48001122 seed=0 arm=intro_specter: true_success=True believed=True abstained=False tokens=(3571,955)
  real_2wiki_00051_0dc9691b087911ebbd67ac1f6bf848b6 seed=0 arm=reflexion: true_success=True believed=True abstained=None tokens=(1376,738)
  real_2wiki_00051_0dc9691b087911ebbd67ac1f6bf848b6 seed=0 arm=intro_specter: true_success=True believed=True abstained=False tokens=(3857,1773)
  real_2wiki_00052_5b60c0f80bb011ebab90acde48001122 seed=0 arm=reflexion: true_success=True believed=True abstained=None tokens=(2030,372)
  real_2wiki_00052_5b60c0f80bb011ebab90acde48001122 seed=0 arm=intro_specter: true_success=True believed=True abstained=False tokens=(4692,932)
  real_2wiki_00053_8d07caac0bdd11eba7f7acde48001122 seed=0 arm=reflexion: true_success=True believed=True abstained=None tokens=(1926,380)
  real_2wiki_00053_8d07caac0bdd11eba7f7acde48001122 seed=0 arm=intro_specter: true_success=True believed=True abstained=False tokens=(4493,654)
  real_2wiki_00054_f76adbb40bdd11eba7f7acde48001122 seed=0 arm=reflexion: true_success=True believed=True abstained=None tokens=(1575,406)
  real_2wiki_00054_f76adbb40bdd11eba7f7acde48001122 seed=0 arm=intro_specter: true_success=True believed=True abstained=False tokens=(3831,821)
  real_2wiki_00055_a6202170089911ebbd77ac1f6bf848b6 seed=0 arm=reflexion: true_success=True believed=True abstained=None tokens=(1523,484)
  real_2wiki_00055_a6202170089911ebbd77ac1f6bf848b6 seed=0 arm=intro_specter: true_success=True believed=True abstained=False tokens=(3852,1306)
  real_2wiki_00056_a88b9f8e08bc11ebbd89ac1f6bf848b6 seed=0 arm=reflexion: true_success=True believed=True abstained=None tokens=(6722,1309)
  real_2wiki_00056_a88b9f8e08bc11ebbd89ac1f6bf848b6 seed=0 arm=intro_specter: true_success=True believed=True abstained=False tokens=(4344,1676)
  real_2wiki_00057_21eb30140bde11eba7f7acde48001122 seed=0 arm=reflexion: true_success=True believed=True abstained=None tokens=(1602,260)
  real_2wiki_00057_21eb30140bde11eba7f7acde48001122 seed=0 arm=intro_specter: true_success=True believed=True abstained=False tokens=(3703,660)
  real_2wiki_00058_150df73c086411ebbd5eac1f6bf848b6 seed=0 arm=reflexion: true_success=True believed=True abstained=None tokens=(1533,619)
  real_2wiki_00058_150df73c086411ebbd5eac1f6bf848b6 seed=0 arm=intro_specter: true_success=True believed=True abstained=False tokens=(4073,1486)
  real_2wiki_00059_87d1e62a08c511ebbd8eac1f6bf848b6 seed=0 arm=reflexion: true_success=True believed=True abstained=None tokens=(1319,319)
  real_2wiki_00059_87d1e62a08c511ebbd8eac1f6bf848b6 seed=0 arm=intro_specter: true_success=True believed=True abstained=False tokens=(3201,666)

--- run summary ---
rows written: 100  errors: 10
total tokens_input=307768  total tokens_output=86607  grand_total=394375
Loaded 60 examples for twowiki_real (bench_seed=42), rho=0.3, seeds=[0]
  real_2wiki_00000_18b63dd208a911ebbd7fac1f6bf848b6 seed=0 arm=reflexion: true_success=True believed=True abstained=None tokens=(1629,413)
  real_2wiki_00000_18b63dd208a911ebbd7fac1f6bf848b6 seed=0 arm=intro_specter: true_success=True believed=True abstained=False tokens=(3975,1226)
  real_2wiki_00001_c3b8a8a4086b11ebbd60ac1f6bf848b6 seed=0 arm=reflexion: true_success=True believed=True abstained=None tokens=(1469,264)
  real_2wiki_00001_c3b8a8a4086b11ebbd60ac1f6bf848b6 seed=0 arm=intro_specter: true_success=True believed=True abstained=False tokens=(3466,657)
  real_2wiki_00002_a9f16baa0bdd11eba7f7acde48001122 seed=0 arm=reflexion: true_success=True believed=True abstained=None tokens=(5999,1171)
  real_2wiki_00002_a9f16baa0bdd11eba7f7acde48001122 seed=0 arm=intro_specter: true_success=True believed=True abstained=False tokens=(3930,1118)
  real_2wiki_00003_578ac41e0bde11eba7f7acde48001122 seed=0 arm=reflexion: true_success=True believed=True abstained=None tokens=(1738,401)
  real_2wiki_00003_578ac41e0bde11eba7f7acde48001122 seed=0 arm=intro_specter: true_success=True believed=True abstained=False tokens=(4138,1031)
  real_2wiki_00004_86806877099411ebbdb0ac1f6bf848b6 seed=0 arm=reflexion: true_success=True believed=True abstained=None tokens=(1695,496)
  real_2wiki_00004_86806877099411ebbdb0ac1f6bf848b6 seed=0 arm=intro_specter: true_success=True believed=True abstained=False tokens=(4230,1407)
  real_2wiki_00005_072f19a00bdb11eba7f7acde48001122 seed=0 arm=reflexion: true_success=True believed=True abstained=None tokens=(1545,373)
  real_2wiki_00005_072f19a00bdb11eba7f7acde48001122 seed=0 arm=intro_specter: true_success=True believed=True abstained=False tokens=(3723,777)
  real_2wiki_00006_990341840bdc11eba7f7acde48001122 seed=0 arm=reflexion: true_success=True believed=True abstained=None tokens=(1296,444)
  real_2wiki_00006_990341840bdc11eba7f7acde48001122 seed=0 arm=intro_specter: true_success=True believed=True abstained=False tokens=(3337,1033)
  real_2wiki_00007_7eeb32f4089211ebbd73ac1f6bf848b6 seed=0 arm=reflexion: true_success=True believed=True abstained=None tokens=(1663,608)
  real_2wiki_00007_7eeb32f4089211ebbd73ac1f6bf848b6 seed=0 arm=intro_specter: true_success=True believed=True abstained=False tokens=(4261,1515)
  real_2wiki_00008_b729a3c80bdd11eba7f7acde48001122 seed=0 arm=reflexion: true_success=True believed=True abstained=None tokens=(1311,365)
  real_2wiki_00008_b729a3c80bdd11eba7f7acde48001122 seed=0 arm=intro_specter: true_success=True believed=True abstained=False tokens=(3288,1072)
  real_2wiki_00009_a83d0a42087e11ebbd6bac1f6bf848b6 seed=0 arm=reflexion: true_success=True believed=True abstained=None tokens=(1743,243)
  real_2wiki_00009_a83d0a42087e11ebbd6bac1f6bf848b6 seed=0 arm=intro_specter: true_success=True believed=True abstained=False tokens=(3991,737)
  real_2wiki_00010_9dde4d9f089811ebbd77ac1f6bf848b6 seed=0 arm=reflexion: true_success=True believed=True abstained=None tokens=(1604,328)
  real_2wiki_00010_9dde4d9f089811ebbd77ac1f6bf848b6 seed=0 arm=intro_specter: true_success=True believed=True abstained=False tokens=(3819,847)
  real_2wiki_00011_bb275b6808a011ebbd78ac1f6bf848b6 seed=0 arm=reflexion: true_success=True believed=True abstained=None tokens=(1723,438)
  real_2wiki_00011_bb275b6808a011ebbd78ac1f6bf848b6 seed=0 arm=intro_specter: true_success=True believed=True abstained=False tokens=(4207,966)
  real_2wiki_00012_2d72c18c0bb011ebab90acde48001122 seed=0 arm=reflexion: true_success=True believed=True abstained=None tokens=(1462,335)
  real_2wiki_00012_2d72c18c0bb011ebab90acde48001122 seed=0 arm=intro_specter: true_success=True believed=True abstained=False tokens=(3499,954)
  real_2wiki_00013_dd8d20e40bdd11eba7f7acde48001122 seed=0 arm=reflexion: true_success=True believed=True abstained=None tokens=(1555,292)
  real_2wiki_00013_dd8d20e40bdd11eba7f7acde48001122 seed=0 arm=intro_specter: true_success=True believed=True abstained=False tokens=(3642,813)
  real_2wiki_00014_4c17bba60bb011ebab90acde48001122 seed=0 arm=reflexion: true_success=True believed=True abstained=None tokens=(1786,669)
  real_2wiki_00014_4c17bba60bb011ebab90acde48001122 seed=0 arm=intro_specter: true_success=True believed=True abstained=False tokens=(4626,1614)
  real_2wiki_00015_eb7ece320bdd11eba7f7acde48001122 seed=0 arm=reflexion: true_success=True believed=True abstained=None tokens=(1896,690)
  real_2wiki_00015_eb7ece320bdd11eba7f7acde48001122 seed=0 arm=intro_specter: true_success=True believed=True abstained=False tokens=(4811,1650)
  real_2wiki_00016_94911d640bdd11eba7f7acde48001122 seed=0 arm=reflexion: true_success=True believed=True abstained=None tokens=(6929,1578)
  real_2wiki_00016_94911d640bdd11eba7f7acde48001122 seed=0 arm=intro_specter: true_success=True believed=True abstained=False tokens=(4454,1674)
  real_2wiki_00017_1f38945c0bb011ebab90acde48001122 seed=0 arm=reflexion: true_success=True believed=True abstained=None tokens=(1895,299)
  real_2wiki_00017_1f38945c0bb011ebab90acde48001122 seed=0 arm=intro_specter: true_success=True believed=True abstained=False tokens=(4328,813)
  real_2wiki_00018_31611fcc08cd11ebbd93ac1f6bf848b6 seed=0 arm=reflexion: true_success=True believed=True abstained=None tokens=(1498,601)
  real_2wiki_00018_31611fcc08cd11ebbd93ac1f6bf848b6 seed=0 arm=intro_specter: true_success=True believed=True abstained=False tokens=(3901,1541)
  real_2wiki_00019_80cea3ec0baf11ebab90acde48001122 seed=0 arm=reflexion: true_success=True believed=True abstained=None tokens=(1720,318)
  real_2wiki_00019_80cea3ec0baf11ebab90acde48001122 seed=0 arm=intro_specter: true_success=True believed=True abstained=False tokens=(3997,836)
  real_2wiki_00020_5eb8315a089011ebbd72ac1f6bf848b6 seed=0 arm=reflexion: true_success=True believed=True abstained=None tokens=(1851,593)
  real_2wiki_00020_5eb8315a089011ebbd72ac1f6bf848b6 seed=0 arm=intro_specter: true_success=True believed=True abstained=False tokens=(4621,1644)
  real_2wiki_00021_4110745e0bde11eba7f7acde48001122 seed=0 arm=reflexion: true_success=True believed=True abstained=None tokens=(1684,488)
  real_2wiki_00021_4110745e0bde11eba7f7acde48001122 seed=0 arm=intro_specter: true_success=True believed=True abstained=False tokens=(4179,1321)
  real_2wiki_00022_0963c8b80bdd11eba7f7acde48001122 seed=0 arm=reflexion: true_success=True believed=True abstained=None tokens=(1252,393)
  real_2wiki_00022_0963c8b80bdd11eba7f7acde48001122 seed=0 arm=intro_specter: true_success=True believed=True abstained=False tokens=(3158,696)
  real_2wiki_00023_7ee9577e088611ebbd6dac1f6bf848b6 seed=0 arm=reflexion: true_success=True believed=True abstained=None tokens=(1585,322)
  real_2wiki_00023_7ee9577e088611ebbd6dac1f6bf848b6 seed=0 arm=intro_specter: true_success=True believed=True abstained=False tokens=(3733,820)
  real_2wiki_00024_1fa46e26084911ebbd55ac1f6bf848b6 seed=0 arm=reflexion: true_success=True believed=True abstained=None tokens=(1868,564)
  real_2wiki_00024_1fa46e26084911ebbd55ac1f6bf848b6 seed=0 arm=intro_specter: true_success=True believed=True abstained=False tokens=(4626,1602)
  real_2wiki_00025_2ef233a40baf11ebab90acde48001122 seed=0 arm=reflexion: true_success=True believed=True abstained=None tokens=(1559,306)
  real_2wiki_00025_2ef233a40baf11ebab90acde48001122 seed=0 arm=intro_specter: true_success=True believed=True abstained=False tokens=(3683,797)
  real_2wiki_00026_357b09be0bda11eba7f7acde48001122 seed=0 arm=reflexion: true_success=True believed=True abstained=None tokens=(1508,471)
  real_2wiki_00026_357b09be0bda11eba7f7acde48001122 seed=0 arm=intro_specter: true_success=True believed=True abstained=False tokens=(3810,1115)
  real_2wiki_00027_7f6e237109c411ebbdb0ac1f6bf848b6 seed=0 arm=reflexion: true_success=True believed=True abstained=None tokens=(6131,1296)
  real_2wiki_00027_7f6e237109c411ebbdb0ac1f6bf848b6 seed=0 arm=intro_specter: true_success=True believed=True abstained=False tokens=(3997,1258)
  real_2wiki_00028_cc2516f80bd911eba7f7acde48001122 seed=0 arm=reflexion: true_success=True believed=True abstained=None tokens=(1615,454)
  real_2wiki_00028_cc2516f80bd911eba7f7acde48001122 seed=0 arm=intro_specter: true_success=True believed=True abstained=False tokens=(4005,1204)
  real_2wiki_00029_ce3a708808bd11ebbd8aac1f6bf848b6 seed=0 arm=reflexion: true_success=True believed=True abstained=None tokens=(1563,387)
  real_2wiki_00029_ce3a708808bd11ebbd8aac1f6bf848b6 seed=0 arm=intro_specter: true_success=True believed=True abstained=False tokens=(3774,982)
  real_2wiki_00030_505170320bdc11eba7f7acde48001122 seed=0 arm=reflexion: true_success=True believed=True abstained=None tokens=(1752,360)
  real_2wiki_00030_505170320bdc11eba7f7acde48001122 seed=0 arm=intro_specter: true_success=True believed=True abstained=False tokens=(4102,884)
  real_2wiki_00031_f3fa308308af11ebbd84ac1f6bf848b6 seed=0 arm=reflexion: true_success=True believed=True abstained=None tokens=(1322,274)
  real_2wiki_00031_f3fa308308af11ebbd84ac1f6bf848b6 seed=0 arm=intro_specter: true_success=True believed=True abstained=False tokens=(3158,846)
  real_2wiki_00032_e9784b6c091f11ebbdaeac1f6bf848b6 seed=0 arm=reflexion: true_success=True believed=True abstained=None tokens=(1790,606)
  real_2wiki_00032_e9784b6c091f11ebbdaeac1f6bf848b6 seed=0 arm=intro_specter: true_success=True believed=True abstained=False tokens=(4511,1515)
  real_2wiki_00033_b7c97390089e11ebbd78ac1f6bf848b6 seed=0 arm=reflexion: true_success=True believed=True abstained=None tokens=(1560,525)
  real_2wiki_00033_b7c97390089e11ebbd78ac1f6bf848b6 seed=0 arm=intro_specter: true_success=True believed=True abstained=False tokens=(3950,1271)
  real_2wiki_00034_c581990a0bdb11eba7f7acde48001122 seed=0 arm=reflexion: true_success=True believed=True abstained=None tokens=(1817,339)
  real_2wiki_00034_c581990a0bdb11eba7f7acde48001122 seed=0 arm=intro_specter: true_success=True believed=True abstained=False tokens=(4211,869)
  real_2wiki_00035_ec9f5b89092d11ebbdaeac1f6bf848b6 seed=0 arm=reflexion: true_success=True believed=True abstained=None tokens=(7219,1680)
  real_2wiki_00035_ec9f5b89092d11ebbdaeac1f6bf848b6 seed=0 arm=intro_specter: true_success=True believed=True abstained=False tokens=(4642,1130)
  real_2wiki_00036_32fe2e3c08c111ebbd8bac1f6bf848b6 seed=0 arm=reflexion: true_success=True believed=True abstained=None tokens=(1164,656)
  real_2wiki_00036_32fe2e3c08c111ebbd8bac1f6bf848b6 seed=0 arm=intro_specter: true_success=True believed=True abstained=False tokens=(3352,1354)
  real_2wiki_00037_44953da6087a11ebbd67ac1f6bf848b6 seed=0 arm=reflexion: true_success=True believed=True abstained=None tokens=(1792,725)
  real_2wiki_00037_44953da6087a11ebbd67ac1f6bf848b6 seed=0 arm=intro_specter: true_success=True believed=True abstained=False tokens=(4656,1937)
  real_2wiki_00038_99abc1cc085511ebbd59ac1f6bf848b6 seed=0 arm=reflexion: true_success=True believed=True abstained=None tokens=(1485,480)
  real_2wiki_00038_99abc1cc085511ebbd59ac1f6bf848b6 seed=0 arm=intro_specter: true_success=True believed=True abstained=False tokens=(3753,1049)
  real_2wiki_00039_bd036cfc088811ebbd6eac1f6bf848b6 seed=0 arm=reflexion: true_success=True believed=True abstained=None tokens=(1623,289)
  real_2wiki_00039_bd036cfc088811ebbd6eac1f6bf848b6 seed=0 arm=intro_specter: true_success=True believed=True abstained=False tokens=(3755,753)
  real_2wiki_00040_2ccc68a108fe11ebbdadac1f6bf848b6 seed=0 arm=reflexion: true_success=True believed=True abstained=None tokens=(1844,694)
  real_2wiki_00040_2ccc68a108fe11ebbdadac1f6bf848b6 seed=0 arm=intro_specter: true_success=True believed=True abstained=False tokens=(4791,2085)
  real_2wiki_00041_3f51ca660bdc11eba7f7acde48001122 seed=0 arm=reflexion: true_success=True believed=True abstained=None tokens=(1748,282)
  real_2wiki_00041_3f51ca660bdc11eba7f7acde48001122 seed=0 arm=intro_specter: true_success=True believed=True abstained=False tokens=(4018,787)
  real_2wiki_00042_b6adcb55094811ebbdaeac1f6bf848b6 seed=0 arm=reflexion: true_success=True believed=True abstained=None tokens=(1234,569)
  real_2wiki_00042_b6adcb55094811ebbdaeac1f6bf848b6 seed=0 arm=intro_specter: true_success=True believed=True abstained=False tokens=(3361,1599)
  real_2wiki_00043_357b09be0bda11eba7f7acde48001122 seed=0 arm=reflexion: true_success=True believed=True abstained=None tokens=(10376,1808)
  real_2wiki_00043_357b09be0bda11eba7f7acde48001122 seed=0 arm=intro_specter: true_success=True believed=True abstained=False tokens=(3671,848)
  real_2wiki_00044_65645b8c0bb011ebab90acde48001122 seed=0 arm=reflexion: true_success=True believed=True abstained=None tokens=(1500,414)
  real_2wiki_00044_65645b8c0bb011ebab90acde48001122 seed=0 arm=intro_specter: true_success=True believed=True abstained=False tokens=(3695,1265)
  real_2wiki_00045_cf34e0600bdb11eba7f7acde48001122 seed=0 arm=reflexion: true_success=True believed=True abstained=None tokens=(1892,561)
  real_2wiki_00045_cf34e0600bdb11eba7f7acde48001122 seed=0 arm=intro_specter: true_success=True believed=True abstained=False tokens=(4647,961)
  real_2wiki_00046_eea5851e088c11ebbd70ac1f6bf848b6 seed=0 arm=reflexion: true_success=True believed=True abstained=None tokens=(1815,323)
  real_2wiki_00046_eea5851e088c11ebbd70ac1f6bf848b6 seed=0 arm=intro_specter: true_success=True believed=True abstained=False tokens=(4194,755)
  real_2wiki_00047_3139e3880bdb11eba7f7acde48001122 seed=0 arm=reflexion: true_success=True believed=True abstained=None tokens=(1662,498)
  real_2wiki_00047_3139e3880bdb11eba7f7acde48001122 seed=0 arm=intro_specter: true_success=True believed=True abstained=False tokens=(4083,1298)
  real_2wiki_00048_e8d92a1a0bdd11eba7f7acde48001122 seed=0 arm=reflexion: true_success=True believed=True abstained=None tokens=(1563,656)
  real_2wiki_00048_e8d92a1a0bdd11eba7f7acde48001122 seed=0 arm=intro_specter: true_success=True believed=True abstained=False tokens=(4114,1347)
  real_2wiki_00049_f04a80e20bdc11eba7f7acde48001122 seed=0 arm=reflexion: true_success=True believed=True abstained=None tokens=(1532,435)
  real_2wiki_00049_f04a80e20bdc11eba7f7acde48001122 seed=0 arm=intro_specter: true_success=True believed=True abstained=False tokens=(3761,1192)
  real_2wiki_00050_36a793e40bde11eba7f7acde48001122 seed=0 arm=reflexion: true_success=True believed=True abstained=None tokens=(1537,316)
  real_2wiki_00050_36a793e40bde11eba7f7acde48001122 seed=0 arm=intro_specter: true_success=True believed=True abstained=False tokens=(3650,810)
  real_2wiki_00051_0dc9691b087911ebbd67ac1f6bf848b6 seed=0 arm=reflexion: true_success=True believed=True abstained=None tokens=(5673,1671)
  real_2wiki_00051_0dc9691b087911ebbd67ac1f6bf848b6 seed=0 arm=intro_specter: true_success=True believed=True abstained=False tokens=(3594,1610)
  real_2wiki_00052_5b60c0f80bb011ebab90acde48001122 seed=0 arm=reflexion: true_success=True believed=True abstained=None tokens=(15292,2625)
  real_2wiki_00052_5b60c0f80bb011ebab90acde48001122 seed=0 arm=intro_specter: true_success=True believed=True abstained=False tokens=(5321,1740)
  real_2wiki_00053_8d07caac0bdd11eba7f7acde48001122 seed=0 arm=reflexion: true_success=True believed=True abstained=None tokens=(1811,300)
  real_2wiki_00053_8d07caac0bdd11eba7f7acde48001122 seed=0 arm=intro_specter: true_success=True believed=True abstained=False tokens=(4182,797)
  real_2wiki_00054_f76adbb40bdd11eba7f7acde48001122 seed=0 arm=reflexion: true_success=True believed=True abstained=None tokens=(1463,450)
  real_2wiki_00054_f76adbb40bdd11eba7f7acde48001122 seed=0 arm=intro_specter: true_success=True believed=True abstained=False tokens=(3615,1159)
  real_2wiki_00055_a6202170089911ebbd77ac1f6bf848b6 seed=0 arm=reflexion: true_success=True believed=True abstained=None tokens=(1541,534)
  real_2wiki_00055_a6202170089911ebbd77ac1f6bf848b6 seed=0 arm=intro_specter: true_success=True believed=True abstained=False tokens=(3960,1476)
  real_2wiki_00056_a88b9f8e08bc11ebbd89ac1f6bf848b6 seed=0 arm=reflexion: true_success=True believed=True abstained=None tokens=(1824,1849)
  real_2wiki_00056_a88b9f8e08bc11ebbd89ac1f6bf848b6 seed=0 arm=intro_specter: true_success=True believed=True abstained=False tokens=(5992,3168)
  real_2wiki_00057_21eb30140bde11eba7f7acde48001122 seed=0 arm=reflexion: true_success=True believed=True abstained=None tokens=(1603,904)
  real_2wiki_00057_21eb30140bde11eba7f7acde48001122 seed=0 arm=intro_specter: true_success=True believed=True abstained=False tokens=(4349,1399)
  real_2wiki_00058_150df73c086411ebbd5eac1f6bf848b6 seed=0 arm=reflexion: true_success=True believed=True abstained=None tokens=(1527,626)
  real_2wiki_00058_150df73c086411ebbd5eac1f6bf848b6 seed=0 arm=intro_specter: true_success=True believed=True abstained=False tokens=(4048,1428)
  real_2wiki_00059_87d1e62a08c511ebbd8eac1f6bf848b6 seed=0 arm=reflexion: true_success=True believed=True abstained=None tokens=(1339,822)
  real_2wiki_00059_87d1e62a08c511ebbd8eac1f6bf848b6 seed=0 arm=intro_specter: true_success=True believed=True abstained=False tokens=(3850,1171)

--- run summary ---
rows written: 120  errors: 0
total tokens_input=385267  total tokens_output=110094  grand_total=495361
