[RETRY] prime task=real_lme_00047_f685340e seed=0 attempt 1/3 failed (Connection error.); retrying in 2s
[RETRY] prime task=real_lme_00047_f685340e seed=0 attempt 2/3 failed (Connection error.); retrying in 4s
[ERROR] prime failed task=real_lme_00047_f685340e seed=0: Connection error.
[RETRY] prime task=real_lme_00048_dccbc061 seed=0 attempt 1/3 failed (Connection error.); retrying in 2s
[RETRY] prime task=real_lme_00048_dccbc061 seed=0 attempt 2/3 failed (Connection error.); retrying in 4s
[ERROR] prime failed task=real_lme_00048_dccbc061 seed=0: Connection error.
[RETRY] prime task=real_lme_00049_0862e8bf_abs seed=0 attempt 1/3 failed (Connection error.); retrying in 2s
[RETRY] prime task=real_lme_00049_0862e8bf_abs seed=0 attempt 2/3 failed (Connection error.); retrying in 4s
[ERROR] prime failed task=real_lme_00049_0862e8bf_abs seed=0: Connection error.
[RETRY] prime task=real_lme_00050_0862e8bf seed=0 attempt 1/3 failed (Connection error.); retrying in 2s
[RETRY] prime task=real_lme_00050_0862e8bf seed=0 attempt 2/3 failed (Connection error.); retrying in 4s
[ERROR] prime failed task=real_lme_00050_0862e8bf seed=0: Connection error.
[RETRY] prime task=real_lme_00051_2ebe6c90 seed=0 attempt 1/3 failed (Connection error.); retrying in 2s
[RETRY] prime task=real_lme_00051_2ebe6c90 seed=0 attempt 2/3 failed (Connection error.); retrying in 4s
[ERROR] prime failed task=real_lme_00051_2ebe6c90 seed=0: Connection error.
[RETRY] prime task=real_lme_00052_1faac195 seed=0 attempt 1/3 failed (Connection error.); retrying in 2s
[RETRY] prime task=real_lme_00052_1faac195 seed=0 attempt 2/3 failed (Connection error.); retrying in 4s
[ERROR] prime failed task=real_lme_00052_1faac195 seed=0: Connection error.
[RETRY] prime task=real_lme_00053_21d02d0d seed=0 attempt 1/3 failed (Connection error.); retrying in 2s
[RETRY] prime task=real_lme_00053_21d02d0d seed=0 attempt 2/3 failed (Connection error.); retrying in 4s
[ERROR] prime failed task=real_lme_00053_21d02d0d seed=0: Connection error.
[RETRY] prime task=real_lme_00054_603deb26 seed=0 attempt 1/3 failed (Connection error.); retrying in 2s
[RETRY] prime task=real_lme_00054_603deb26 seed=0 attempt 2/3 failed (Connection error.); retrying in 4s
Resuming: 33 reflexion rows, 33 intro_specter rows already present, will be skipped.
Loaded 60 examples for longmemeval_real (bench_seed=42), rho=0.0, seeds=[0]
  real_lme_00033_gpt4_385a5000 seed=0 arm=reflexion: true_success=True believed=True abstained=None tokens=(2071,402)
  real_lme_00033_gpt4_385a5000 seed=0 arm=intro_specter: true_success=True believed=True abstained=False tokens=(4801,1009)
  real_lme_00034_95bcc1c8 seed=0 arm=reflexion: true_success=True believed=True abstained=None tokens=(1881,310)
  real_lme_00034_95bcc1c8 seed=0 arm=intro_specter: true_success=True believed=True abstained=False tokens=(4305,619)
  real_lme_00035_gpt4_2312f94c seed=0 arm=reflexion: true_success=True believed=True abstained=None tokens=(1955,289)
  real_lme_00035_gpt4_2312f94c seed=0 arm=intro_specter: true_success=True believed=True abstained=False tokens=(4394,401)
  real_lme_00036_gpt4_468eb063 seed=0 arm=reflexion: true_success=False believed=False abstained=None tokens=(10042,2031)
  real_lme_00036_gpt4_468eb063 seed=0 arm=intro_specter: true_success=True believed=True abstained=False tokens=(4087,416)
  real_lme_00037_faba32e5 seed=0 arm=reflexion: true_success=True believed=True abstained=None tokens=(1959,248)
  real_lme_00037_faba32e5 seed=0 arm=intro_specter: true_success=True believed=True abstained=False tokens=(4376,670)
  real_lme_00038_b86304ba seed=0 arm=reflexion: true_success=False believed=False abstained=None tokens=(11750,1369)
  real_lme_00038_b86304ba seed=0 arm=intro_specter: true_success=False believed=False abstained=False tokens=(4316,693)
  real_lme_00039_gpt4_d6585ce8 seed=0 arm=reflexion: true_success=False believed=False abstained=None tokens=(11270,922)
  real_lme_00039_gpt4_d6585ce8 seed=0 arm=intro_specter: true_success=True believed=True abstained=False tokens=(4481,560)
  real_lme_00040_gpt4_0b2f1d21 seed=0 arm=reflexion: true_success=True believed=True abstained=None tokens=(1909,421)
  real_lme_00040_gpt4_0b2f1d21 seed=0 arm=intro_specter: true_success=True believed=True abstained=False tokens=(4518,1111)
  real_lme_00041_5809eb10 seed=0 arm=reflexion: true_success=True believed=True abstained=None tokens=(1913,274)
  real_lme_00041_5809eb10 seed=0 arm=intro_specter: true_success=True believed=True abstained=False tokens=(4311,599)
  real_lme_00042_gpt4_5501fe77 seed=0 arm=reflexion: true_success=True believed=True abstained=None tokens=(12601,1593)
  real_lme_00042_gpt4_5501fe77 seed=0 arm=intro_specter: true_success=True believed=True abstained=False tokens=(4603,573)
  real_lme_00043_c2ac3c61 seed=0 arm=reflexion: true_success=True believed=True abstained=None tokens=(1966,63)
  real_lme_00043_c2ac3c61 seed=0 arm=intro_specter: true_success=True believed=True abstained=False tokens=(4150,163)
  real_lme_00044_gpt4_ec93e27f seed=0 arm=reflexion: true_success=True believed=True abstained=None tokens=(7059,857)
  real_lme_00044_gpt4_ec93e27f seed=0 arm=intro_specter: true_success=True believed=True abstained=False tokens=(4671,865)
  real_lme_00045_06db6396 seed=0 arm=reflexion: true_success=True believed=True abstained=None tokens=(1943,132)
  real_lme_00045_06db6396 seed=0 arm=intro_specter: true_success=True believed=True abstained=False tokens=(4188,336)
  real_lme_00046_dc439ea3 seed=0 arm=reflexion: true_success=True believed=True abstained=None tokens=(2055,285)
  real_lme_00046_dc439ea3 seed=0 arm=intro_specter: true_success=True believed=True abstained=False tokens=(4605,608)
  real_lme_00054_603deb26 seed=0 arm=reflexion: true_success=True believed=True abstained=None tokens=(2114,317)
  real_lme_00054_603deb26 seed=0 arm=intro_specter: true_success=True believed=True abstained=False tokens=(4756,536)
  real_lme_00055_7e974930 seed=0 arm=reflexion: true_success=True believed=True abstained=None tokens=(2114,295)
  real_lme_00055_7e974930 seed=0 arm=intro_specter: true_success=True believed=True abstained=False tokens=(4736,837)
  real_lme_00056_27016adc seed=0 arm=reflexion: true_success=True believed=True abstained=None tokens=(1796,310)
  real_lme_00056_27016adc seed=0 arm=intro_specter: true_success=True believed=True abstained=False tokens=(4112,651)
  real_lme_00057_dd2973ad seed=0 arm=reflexion: true_success=True believed=True abstained=None tokens=(2122,443)
  real_lme_00057_dd2973ad seed=0 arm=intro_specter: true_success=True believed=True abstained=False tokens=(4940,777)
  real_lme_00058_b320f3f8 seed=0 arm=reflexion: true_success=False believed=False abstained=None tokens=(10057,878)
  real_lme_00058_b320f3f8 seed=0 arm=intro_specter: true_success=True believed=True abstained=False tokens=(3869,375)
  real_lme_00059_2ebe6c90 seed=0 arm=reflexion: true_success=True believed=True abstained=None tokens=(6585,748)
  real_lme_00059_2ebe6c90 seed=0 arm=intro_specter: true_success=False believed=False abstained=False tokens=(4401,714)

--- run summary ---
rows written: 40  errors: 7
total tokens_input=183782  total tokens_output=24700  grand_total=208482
Resuming: 38 reflexion rows, 38 intro_specter rows already present, will be skipped.
Loaded 60 examples for longmemeval_real (bench_seed=42), rho=0.1, seeds=[0]
  real_lme_00038_b86304ba seed=0 arm=reflexion: true_success=False believed=False abstained=None tokens=(11316,1095)
  real_lme_00038_b86304ba seed=0 arm=intro_specter: true_success=False believed=False abstained=False tokens=(4292,635)
  real_lme_00039_gpt4_d6585ce8 seed=0 arm=reflexion: true_success=True believed=True abstained=None tokens=(1959,484)
  real_lme_00039_gpt4_d6585ce8 seed=0 arm=intro_specter: true_success=True believed=True abstained=False tokens=(4635,842)
  real_lme_00040_gpt4_0b2f1d21 seed=0 arm=reflexion: true_success=True believed=True abstained=None tokens=(1859,367)
  real_lme_00040_gpt4_0b2f1d21 seed=0 arm=intro_specter: true_success=True believed=True abstained=False tokens=(4343,788)
  real_lme_00041_5809eb10 seed=0 arm=reflexion: true_success=True believed=True abstained=None tokens=(1979,340)
  real_lme_00041_5809eb10 seed=0 arm=intro_specter: true_success=True believed=True abstained=False tokens=(4531,649)
  real_lme_00042_gpt4_5501fe77 seed=0 arm=reflexion: true_success=True believed=True abstained=None tokens=(1933,473)
  real_lme_00042_gpt4_5501fe77 seed=0 arm=intro_specter: true_success=True believed=True abstained=False tokens=(4618,787)
  real_lme_00043_c2ac3c61 seed=0 arm=reflexion: true_success=True believed=True abstained=None tokens=(2028,96)
  real_lme_00043_c2ac3c61 seed=0 arm=intro_specter: true_success=True believed=True abstained=False tokens=(4299,409)
  real_lme_00044_gpt4_ec93e27f seed=0 arm=reflexion: true_success=True believed=True abstained=None tokens=(2096,236)
  real_lme_00044_gpt4_ec93e27f seed=0 arm=intro_specter: true_success=True believed=True abstained=False tokens=(4700,565)
  real_lme_00045_06db6396 seed=0 arm=reflexion: true_success=True believed=True abstained=None tokens=(1944,310)
  real_lme_00045_06db6396 seed=0 arm=intro_specter: true_success=True believed=True abstained=False tokens=(4431,622)
  real_lme_00046_dc439ea3 seed=0 arm=reflexion: true_success=True believed=True abstained=None tokens=(2054,220)
  real_lme_00046_dc439ea3 seed=0 arm=intro_specter: true_success=True believed=True abstained=False tokens=(4517,541)
  real_lme_00047_f685340e seed=0 arm=reflexion: true_success=True believed=True abstained=None tokens=(1993,204)
  real_lme_00047_f685340e seed=0 arm=intro_specter: true_success=True believed=True abstained=False tokens=(4381,514)
  real_lme_00048_dccbc061 seed=0 arm=reflexion: true_success=True believed=True abstained=None tokens=(1789,231)
  real_lme_00048_dccbc061 seed=0 arm=intro_specter: true_success=True believed=True abstained=False tokens=(4075,557)
  real_lme_00049_0862e8bf_abs seed=0 arm=reflexion: true_success=False believed=False abstained=None tokens=(11652,812)
  real_lme_00049_0862e8bf_abs seed=0 arm=intro_specter: true_success=False believed=False abstained=False tokens=(4559,261)
  real_lme_00050_0862e8bf seed=0 arm=reflexion: true_success=True believed=True abstained=None tokens=(2009,149)
  real_lme_00050_0862e8bf seed=0 arm=intro_specter: true_success=True believed=True abstained=False tokens=(4373,350)
  real_lme_00051_2ebe6c90 seed=0 arm=reflexion: true_success=True believed=True abstained=None tokens=(11303,1146)
  real_lme_00051_2ebe6c90 seed=0 arm=intro_specter: true_success=True believed=True abstained=False tokens=(4278,573)
  real_lme_00052_1faac195 seed=0 arm=reflexion: true_success=True believed=True abstained=None tokens=(1991,161)
  real_lme_00052_1faac195 seed=0 arm=intro_specter: true_success=True believed=True abstained=False tokens=(4383,464)
  real_lme_00053_21d02d0d seed=0 arm=reflexion: true_success=True believed=True abstained=None tokens=(2168,237)
  real_lme_00053_21d02d0d seed=0 arm=intro_specter: true_success=True believed=True abstained=False tokens=(4786,598)
  real_lme_00054_603deb26 seed=0 arm=reflexion: true_success=True believed=True abstained=None tokens=(2110,470)
  real_lme_00054_603deb26 seed=0 arm=intro_specter: true_success=True believed=True abstained=False tokens=(4964,1035)
  real_lme_00055_7e974930 seed=0 arm=reflexion: true_success=True believed=True abstained=None tokens=(2170,224)
  real_lme_00055_7e974930 seed=0 arm=intro_specter: true_success=True believed=True abstained=False tokens=(4806,572)
  real_lme_00056_27016adc seed=0 arm=reflexion: true_success=True believed=True abstained=None tokens=(1795,391)
  real_lme_00056_27016adc seed=0 arm=intro_specter: true_success=True believed=True abstained=False tokens=(4192,749)
  real_lme_00057_dd2973ad seed=0 arm=reflexion: true_success=True believed=True abstained=None tokens=(2185,385)
  real_lme_00057_dd2973ad seed=0 arm=intro_specter: true_success=True believed=True abstained=False tokens=(4987,607)
  real_lme_00058_b320f3f8 seed=0 arm=reflexion: true_success=True believed=True abstained=None tokens=(1771,155)
  real_lme_00058_b320f3f8 seed=0 arm=intro_specter: true_success=True believed=True abstained=False tokens=(3866,374)
  real_lme_00059_2ebe6c90 seed=0 arm=reflexion: true_success=False believed=False abstained=None tokens=(12469,1834)
  real_lme_00059_2ebe6c90 seed=0 arm=intro_specter: true_success=False believed=False abstained=False tokens=(4524,1015)

--- run summary ---
rows written: 44  errors: 0
total tokens_input=181113  total tokens_output=23527  grand_total=204640
Loaded 60 examples for longmemeval_real (bench_seed=42), rho=0.3, seeds=[0]
  real_lme_00000_gpt4_2ba83207 seed=0 arm=reflexion: true_success=False believed=False abstained=None tokens=(13328,1675)
  real_lme_00000_gpt4_2ba83207 seed=0 arm=intro_specter: true_success=True believed=True abstained=False tokens=(4989,781)
  real_lme_00001_603deb26 seed=0 arm=reflexion: true_success=True believed=True abstained=None tokens=(2187,351)
  real_lme_00001_603deb26 seed=0 arm=intro_specter: true_success=True believed=True abstained=False tokens=(4936,584)
  real_lme_00002_51c32626 seed=0 arm=reflexion: true_success=True believed=True abstained=None tokens=(1828,282)
  real_lme_00002_51c32626 seed=0 arm=intro_specter: true_success=True believed=True abstained=False tokens=(4151,707)
  real_lme_00003_8550ddae seed=0 arm=reflexion: true_success=True believed=True abstained=None tokens=(1910,347)
  real_lme_00003_8550ddae seed=0 arm=intro_specter: true_success=True believed=True abstained=False tokens=(4398,743)
  real_lme_00004_gpt4_2655b836 seed=0 arm=reflexion: true_success=True believed=True abstained=None tokens=(1938,68)
  real_lme_00004_gpt4_2655b836 seed=0 arm=intro_specter: true_success=True believed=True abstained=False tokens=(4104,175)
  real_lme_00005_2698e78f_abs seed=0 arm=reflexion: true_success=False believed=False abstained=None tokens=(10720,709)
  real_lme_00005_2698e78f_abs seed=0 arm=intro_specter: true_success=True believed=True abstained=False tokens=(4173,207)
  real_lme_00006_gpt4_1d80365e seed=0 arm=reflexion: true_success=False believed=False abstained=None tokens=(12394,1525)
  real_lme_00006_gpt4_1d80365e seed=0 arm=intro_specter: true_success=False believed=False abstained=False tokens=(4723,533)
  real_lme_00007_5025383b seed=0 arm=reflexion: true_success=True believed=True abstained=None tokens=(1712,322)
  real_lme_00007_5025383b seed=0 arm=intro_specter: true_success=True believed=True abstained=False tokens=(3959,535)
  real_lme_00008_gpt4_cd90e484 seed=0 arm=reflexion: true_success=True believed=True abstained=None tokens=(6320,561)
  real_lme_00008_gpt4_cd90e484 seed=0 arm=intro_specter: true_success=True believed=True abstained=False tokens=(4287,363)
  real_lme_00009_c19f7a0b seed=0 arm=reflexion: true_success=True believed=True abstained=None tokens=(2005,347)
  real_lme_00009_c19f7a0b seed=0 arm=intro_specter: true_success=True believed=True abstained=False tokens=(4590,676)
  real_lme_00010_0a34ad58 seed=0 arm=reflexion: true_success=False believed=False abstained=None tokens=(12784,1187)
  real_lme_00010_0a34ad58 seed=0 arm=intro_specter: true_success=False believed=False abstained=False tokens=(4823,582)
  real_lme_00011_gpt4_65aabe59 seed=0 arm=reflexion: true_success=True believed=True abstained=None tokens=(2113,157)
  real_lme_00011_gpt4_65aabe59 seed=0 arm=intro_specter: true_success=True believed=True abstained=False tokens=(4597,260)
  real_lme_00012_d6233ab6 seed=0 arm=reflexion: true_success=False believed=False abstained=None tokens=(11371,1134)
  real_lme_00012_d6233ab6 seed=0 arm=intro_specter: true_success=False believed=False abstained=False tokens=(4252,375)
  real_lme_00013_7024f17c seed=0 arm=reflexion: true_success=True believed=True abstained=None tokens=(1886,315)
  real_lme_00013_7024f17c seed=0 arm=intro_specter: true_success=True believed=True abstained=False tokens=(4321,526)
  real_lme_00014_gpt4_c27434e8_abs seed=0 arm=reflexion: true_success=False believed=False abstained=None tokens=(10513,1138)
  real_lme_00014_gpt4_c27434e8_abs seed=0 arm=intro_specter: true_success=True believed=True abstained=False tokens=(3962,561)
  real_lme_00015_6456829e seed=0 arm=reflexion: true_success=True believed=True abstained=None tokens=(2099,193)
  real_lme_00015_6456829e seed=0 arm=intro_specter: true_success=True believed=True abstained=False tokens=(4632,298)
  real_lme_00016_f8c5f88b seed=0 arm=reflexion: true_success=True believed=True abstained=None tokens=(2034,231)
  real_lme_00016_f8c5f88b seed=0 arm=intro_specter: true_success=True believed=True abstained=False tokens=(4489,439)
  real_lme_00017_ba358f49_abs seed=0 arm=reflexion: true_success=False believed=False abstained=None tokens=(12300,1085)
  real_lme_00017_ba358f49_abs seed=0 arm=intro_specter: true_success=False believed=False abstained=False tokens=(4670,578)
  real_lme_00018_gpt4_d31cdae3 seed=0 arm=reflexion: true_success=True believed=True abstained=None tokens=(2275,233)
  real_lme_00018_gpt4_d31cdae3 seed=0 arm=intro_specter: true_success=True believed=True abstained=False tokens=(4977,570)
  real_lme_00019_gpt4_e414231f seed=0 arm=reflexion: true_success=True believed=True abstained=None tokens=(6529,683)
  real_lme_00019_gpt4_e414231f seed=0 arm=intro_specter: true_success=True believed=True abstained=False tokens=(4395,519)
  real_lme_00020_2698e78f seed=0 arm=reflexion: true_success=True believed=True abstained=None tokens=(1757,142)
  real_lme_00020_2698e78f seed=0 arm=intro_specter: true_success=True believed=True abstained=False tokens=(3869,363)
  real_lme_00021_e56a43b9 seed=0 arm=reflexion: true_success=True believed=True abstained=None tokens=(2330,280)
  real_lme_00021_e56a43b9 seed=0 arm=intro_specter: true_success=True believed=True abstained=False tokens=(5153,601)
  real_lme_00022_6cb6f249 seed=0 arm=reflexion: true_success=True believed=True abstained=None tokens=(1820,263)
  real_lme_00022_6cb6f249 seed=0 arm=intro_specter: true_success=True believed=True abstained=False tokens=(4116,688)
  real_lme_00023_e48988bc seed=0 arm=reflexion: true_success=True believed=True abstained=None tokens=(1519,323)
  real_lme_00023_e48988bc seed=0 arm=intro_specter: true_success=True believed=True abstained=False tokens=(3572,564)
  real_lme_00024_gpt4_4ef30696 seed=0 arm=reflexion: true_success=False believed=False abstained=None tokens=(11390,2364)
  real_lme_00024_gpt4_4ef30696 seed=0 arm=intro_specter: true_success=False believed=False abstained=False tokens=(4604,608)
  real_lme_00025_gpt4_4929293b seed=0 arm=reflexion: true_success=False believed=False abstained=None tokens=(12087,1286)
  real_lme_00025_gpt4_4929293b seed=0 arm=intro_specter: true_success=False believed=False abstained=False tokens=(4509,741)
  real_lme_00026_e6041065 seed=0 arm=reflexion: true_success=True believed=True abstained=None tokens=(1819,202)
  real_lme_00026_e6041065 seed=0 arm=intro_specter: true_success=True believed=True abstained=False tokens=(4031,530)
  real_lme_00027_21d02d0d seed=0 arm=reflexion: true_success=True believed=True abstained=None tokens=(2151,548)
  real_lme_00027_21d02d0d seed=0 arm=intro_specter: true_success=True believed=True abstained=False tokens=(5126,1176)
  real_lme_00028_1f2b8d4f seed=0 arm=reflexion: true_success=True believed=True abstained=None tokens=(2061,227)
  real_lme_00028_1f2b8d4f seed=0 arm=intro_specter: true_success=True believed=True abstained=False tokens=(4561,505)
  real_lme_00029_a11281a2 seed=0 arm=reflexion: true_success=True believed=True abstained=None tokens=(2004,287)
  real_lme_00029_a11281a2 seed=0 arm=intro_specter: true_success=True believed=True abstained=False tokens=(4507,620)
  real_lme_00030_1de5cff2 seed=0 arm=reflexion: true_success=True believed=True abstained=None tokens=(1669,248)
  real_lme_00030_1de5cff2 seed=0 arm=intro_specter: true_success=True believed=True abstained=False tokens=(3797,594)
  real_lme_00031_8ebdbe50 seed=0 arm=reflexion: true_success=True believed=True abstained=None tokens=(1730,183)
  real_lme_00031_8ebdbe50 seed=0 arm=intro_specter: true_success=True believed=True abstained=False tokens=(3833,360)
  real_lme_00032_22d2cb42 seed=0 arm=reflexion: true_success=True believed=True abstained=None tokens=(1899,153)
  real_lme_00032_22d2cb42 seed=0 arm=intro_specter: true_success=True believed=True abstained=False tokens=(4121,362)
  real_lme_00033_gpt4_385a5000 seed=0 arm=reflexion: true_success=True believed=True abstained=None tokens=(2071,241)
  real_lme_00033_gpt4_385a5000 seed=0 arm=intro_specter: true_success=True believed=True abstained=False tokens=(4578,559)
  real_lme_00034_95bcc1c8 seed=0 arm=reflexion: true_success=True believed=True abstained=None tokens=(1941,214)
  real_lme_00034_95bcc1c8 seed=0 arm=intro_specter: true_success=True believed=True abstained=False tokens=(4287,417)
  real_lme_00035_gpt4_2312f94c seed=0 arm=reflexion: true_success=True believed=True abstained=None tokens=(2020,284)
  real_lme_00035_gpt4_2312f94c seed=0 arm=intro_specter: true_success=True believed=True abstained=False tokens=(4540,745)
  real_lme_00036_gpt4_468eb063 seed=0 arm=reflexion: true_success=False believed=False abstained=None tokens=(10063,524)
  real_lme_00036_gpt4_468eb063 seed=0 arm=intro_specter: true_success=False believed=False abstained=False tokens=(3980,418)
  real_lme_00037_faba32e5 seed=0 arm=reflexion: true_success=True believed=True abstained=None tokens=(1909,259)
  real_lme_00037_faba32e5 seed=0 arm=intro_specter: true_success=True believed=True abstained=False tokens=(4287,677)
  real_lme_00038_b86304ba seed=0 arm=reflexion: true_success=False believed=False abstained=None tokens=(12274,1447)
  real_lme_00038_b86304ba seed=0 arm=intro_specter: true_success=False believed=False abstained=False tokens=(4566,889)
  real_lme_00039_gpt4_d6585ce8 seed=0 arm=reflexion: true_success=True believed=True abstained=None tokens=(1904,277)
  real_lme_00039_gpt4_d6585ce8 seed=0 arm=intro_specter: true_success=True believed=True abstained=False tokens=(4284,516)
  real_lme_00040_gpt4_0b2f1d21 seed=0 arm=reflexion: true_success=True believed=True abstained=None tokens=(1975,266)
  real_lme_00040_gpt4_0b2f1d21 seed=0 arm=intro_specter: true_success=True believed=True abstained=False tokens=(4439,591)
  real_lme_00041_5809eb10 seed=0 arm=reflexion: true_success=True believed=True abstained=None tokens=(1859,217)
  real_lme_00041_5809eb10 seed=0 arm=intro_specter: true_success=True believed=True abstained=False tokens=(4125,532)
  real_lme_00042_gpt4_5501fe77 seed=0 arm=reflexion: true_success=True believed=True abstained=None tokens=(2054,313)
  real_lme_00042_gpt4_5501fe77 seed=0 arm=intro_specter: true_success=True believed=True abstained=False tokens=(4657,634)
  real_lme_00043_c2ac3c61 seed=0 arm=reflexion: true_success=True believed=True abstained=None tokens=(2030,96)
  real_lme_00043_c2ac3c61 seed=0 arm=intro_specter: true_success=True believed=True abstained=False tokens=(4304,195)
  real_lme_00044_gpt4_ec93e27f seed=0 arm=reflexion: true_success=True believed=True abstained=None tokens=(2032,331)
  real_lme_00044_gpt4_ec93e27f seed=0 arm=intro_specter: true_success=True believed=True abstained=False tokens=(4639,698)
  real_lme_00045_06db6396 seed=0 arm=reflexion: true_success=True believed=True abstained=None tokens=(2008,301)
  real_lme_00045_06db6396 seed=0 arm=intro_specter: true_success=True believed=True abstained=False tokens=(4529,523)
  real_lme_00046_dc439ea3 seed=0 arm=reflexion: true_success=True believed=True abstained=None tokens=(2000,209)
  real_lme_00046_dc439ea3 seed=0 arm=intro_specter: true_success=True believed=True abstained=False tokens=(4399,532)
  real_lme_00047_f685340e seed=0 arm=reflexion: true_success=False believed=False abstained=None tokens=(11257,1136)
  real_lme_00047_f685340e seed=0 arm=intro_specter: true_success=False believed=False abstained=False tokens=(4247,490)
  real_lme_00048_dccbc061 seed=0 arm=reflexion: true_success=True believed=True abstained=None tokens=(1790,87)
  real_lme_00048_dccbc061 seed=0 arm=intro_specter: true_success=True believed=True abstained=False tokens=(3814,191)
  real_lme_00049_0862e8bf_abs seed=0 arm=reflexion: true_success=False believed=False abstained=None tokens=(10849,543)
  real_lme_00049_0862e8bf_abs seed=0 arm=intro_specter: true_success=True believed=True abstained=False tokens=(4331,197)
  real_lme_00050_0862e8bf seed=0 arm=reflexion: true_success=True believed=True abstained=None tokens=(1948,224)
  real_lme_00050_0862e8bf seed=0 arm=intro_specter: true_success=True believed=True abstained=False tokens=(4312,339)
  real_lme_00051_2ebe6c90 seed=0 arm=reflexion: true_success=False believed=False abstained=None tokens=(11966,1782)
  real_lme_00051_2ebe6c90 seed=0 arm=intro_specter: true_success=False believed=False abstained=False tokens=(4297,625)
  real_lme_00052_1faac195 seed=0 arm=reflexion: true_success=True believed=True abstained=None tokens=(2062,154)
  real_lme_00052_1faac195 seed=0 arm=intro_specter: true_success=True believed=True abstained=False tokens=(4517,358)
  real_lme_00053_21d02d0d seed=0 arm=reflexion: true_success=True believed=True abstained=None tokens=(2170,249)
  real_lme_00053_21d02d0d seed=0 arm=intro_specter: true_success=True believed=True abstained=False tokens=(4802,606)
  real_lme_00054_603deb26 seed=0 arm=reflexion: true_success=True believed=True abstained=None tokens=(2111,389)
  real_lme_00054_603deb26 seed=0 arm=intro_specter: true_success=True believed=True abstained=False tokens=(4843,708)
  real_lme_00055_7e974930 seed=0 arm=reflexion: true_success=True believed=True abstained=None tokens=(2181,338)
  real_lme_00055_7e974930 seed=0 arm=intro_specter: true_success=True believed=True abstained=False tokens=(4912,567)
  real_lme_00056_27016adc seed=0 arm=reflexion: true_success=True believed=True abstained=None tokens=(1789,296)
  real_lme_00056_27016adc seed=0 arm=intro_specter: true_success=True believed=True abstained=False tokens=(4065,643)
  real_lme_00057_dd2973ad seed=0 arm=reflexion: true_success=True believed=True abstained=None tokens=(2182,393)
  real_lme_00057_dd2973ad seed=0 arm=intro_specter: true_success=True believed=True abstained=False tokens=(5109,734)
  real_lme_00058_b320f3f8 seed=0 arm=reflexion: true_success=True believed=True abstained=None tokens=(1717,156)
  real_lme_00058_b320f3f8 seed=0 arm=intro_specter: true_success=True believed=True abstained=False tokens=(3760,463)
  real_lme_00059_2ebe6c90 seed=0 arm=reflexion: true_success=False believed=False abstained=None tokens=(12598,1617)
  real_lme_00059_2ebe6c90 seed=0 arm=intro_specter: true_success=False believed=False abstained=False tokens=(4557,885)

--- run summary ---
rows written: 120  errors: 0
total tokens_input=537649  total tokens_output=63848  grand_total=601497
