       Summary — musique_recon__test  (examples=20 × seeds=3 = 300 rows)        
┏━━━━━━━━━━━┳━━━━━━━━━┳━━━━━━━━━━━┳━━━━━━━━┳━━━━━━━━━━━━┳━━━━━━━━━━━┳━━━━━━━━━━┓
┃           ┃         ┃           ┃        ┃   Δsuccess ┃           ┃          ┃
┃ method    ┃ success ┃ violation ┃ tokens ┃  vs direct ┃ McNemar p ┃ Holm-adj ┃
┡━━━━━━━━━━━╇━━━━━━━━━╇━━━━━━━━━━━╇━━━━━━━━╇━━━━━━━━━━━━╇━━━━━━━━━━━╇━━━━━━━━━━┩
│ direct    │   0.783 │     0.217 │    843 │          — │         — │        — │
│ full_reg… │   0.767 │     0.233 │   1689 │     -0.017 │         1 │        1 │
│           │         │           │        │   [-0.150, │           │          │
│           │         │           │        │    +0.117] │           │          │
│ intro_sp… │   0.883 │     0.117 │   2313 │     +0.100 │    0.0312 │    0.188 │
│           │         │           │        │   [+0.033, │           │          │
│           │         │           │        │    +0.183] │           │          │
│ reflexion │   0.883 │     0.117 │   1791 │     +0.100 │    0.0312 │    0.188 │
│           │         │           │        │   [+0.033, │           │          │
│           │         │           │        │    +0.183] │           │          │
│ self_ref… │   0.450 │     0.550 │   2336 │     -0.333 │   8.8e-05 │ 0.000792 │
│           │         │           │        │   [-0.483, │           │          │
│           │         │           │        │    -0.183] │           │          │
└───────────┴─────────┴───────────┴────────┴────────────┴───────────┴──────────┘

Detailed outputs: outputs/tier_b/musique_mistral_nemo
