       Summary — musique_recon__test  (examples=20 × seeds=3 = 299 rows)        
┏━━━━━━━━━━━┳━━━━━━━━━┳━━━━━━━━━━━┳━━━━━━━━┳━━━━━━━━━━━━┳━━━━━━━━━━━┳━━━━━━━━━━┓
┃           ┃         ┃           ┃        ┃   Δsuccess ┃           ┃          ┃
┃ method    ┃ success ┃ violation ┃ tokens ┃  vs direct ┃ McNemar p ┃ Holm-adj ┃
┡━━━━━━━━━━━╇━━━━━━━━━╇━━━━━━━━━━━╇━━━━━━━━╇━━━━━━━━━━━━╇━━━━━━━━━━━╇━━━━━━━━━━┩
│ direct    │   0.500 │     0.500 │   1022 │          — │         — │        — │
│ full_reg… │   0.483 │     0.517 │   2072 │     -0.017 │         1 │        1 │
│           │         │           │        │   [-0.083, │           │          │
│           │         │           │        │    +0.050] │           │          │
│ intro_sp… │   0.833 │     0.167 │   2893 │     +0.333 │  1.91e-06 │ 1.14e-05 │
│           │         │           │        │   [+0.217, │           │          │
│           │         │           │        │    +0.450] │           │          │
│ reflexion │   0.867 │     0.133 │   3438 │     +0.367 │  4.77e-07 │ 3.81e-06 │
│           │         │           │        │   [+0.250, │           │          │
│           │         │           │        │    +0.484] │           │          │
│ self_ref… │   0.508 │     0.492 │   2689 │     +0.000 │         1 │        1 │
│           │         │           │        │   [-0.085, │           │          │
│           │         │           │        │    +0.085] │           │          │
└───────────┴─────────┴───────────┴────────┴────────────┴───────────┴──────────┘

Detailed outputs: outputs/tier_b/musique_gemini_flash
