       Summary — musique_recon__test  (examples=20 × seeds=3 = 291 rows)        
┏━━━━━━━━━━━┳━━━━━━━━━┳━━━━━━━━━━━┳━━━━━━━━┳━━━━━━━━━━━━┳━━━━━━━━━━━┳━━━━━━━━━━┓
┃           ┃         ┃           ┃        ┃   Δsuccess ┃           ┃          ┃
┃ method    ┃ success ┃ violation ┃ tokens ┃  vs direct ┃ McNemar p ┃ Holm-adj ┃
┡━━━━━━━━━━━╇━━━━━━━━━╇━━━━━━━━━━━╇━━━━━━━━╇━━━━━━━━━━━━╇━━━━━━━━━━━╇━━━━━━━━━━┩
│ direct    │   0.571 │     0.429 │    924 │          — │         — │        — │
│ full_reg… │   0.559 │     0.441 │   1858 │     +0.000 │         1 │        1 │
│           │         │           │        │   [-0.125, │           │          │
│           │         │           │        │    +0.125] │           │          │
│ intro_sp… │   0.814 │     0.186 │   2487 │     +0.250 │  0.000122 │ 0.000977 │
│           │         │           │        │   [+0.143, │           │          │
│           │         │           │        │    +0.375] │           │          │
│ reflexion │   0.707 │     0.293 │   3051 │     +0.127 │    0.0156 │   0.0938 │
│           │         │           │        │   [+0.055, │           │          │
│           │         │           │        │    +0.218] │           │          │
│ self_ref… │   0.407 │     0.593 │   2581 │     -0.179 │    0.0213 │   0.0938 │
│           │         │           │        │   [-0.304, │           │          │
│           │         │           │        │    -0.054] │           │          │
└───────────┴─────────┴───────────┴────────┴────────────┴───────────┴──────────┘

Detailed outputs: outputs/tier_b/musique_qwen_7b
