     Summary — travelplanner_real__test  (examples=12 × seeds=3 = 278 rows)     
┏━━━━━━━━━━━┳━━━━━━━━━┳━━━━━━━━━━━┳━━━━━━━━┳━━━━━━━━━━━━┳━━━━━━━━━━━┳━━━━━━━━━━┓
┃           ┃         ┃           ┃        ┃   Δsuccess ┃           ┃          ┃
┃ method    ┃ success ┃ violation ┃ tokens ┃  vs direct ┃ McNemar p ┃ Holm-adj ┃
┡━━━━━━━━━━━╇━━━━━━━━━╇━━━━━━━━━━━╇━━━━━━━━╇━━━━━━━━━━━━╇━━━━━━━━━━━╇━━━━━━━━━━┩
│ direct    │   0.611 │     0.389 │   2724 │          — │         — │        — │
│ full_reg… │   0.611 │     0.389 │   5425 │     +0.000 │         1 │        1 │
│           │         │           │        │   [-0.167, │           │          │
│           │         │           │        │    +0.139] │           │          │
│ intro_sp… │   0.722 │     0.278 │   6761 │     +0.111 │     0.125 │        1 │
│           │         │           │        │   [+0.028, │           │          │
│           │         │           │        │    +0.222] │           │          │
│ react     │   0.583 │     0.417 │   5554 │     -0.028 │         1 │        1 │
│           │         │           │        │   [-0.167, │           │          │
│           │         │           │        │    +0.111] │           │          │
│ reflexion │   0.889 │     0.111 │   7429 │     +0.278 │   0.00195 │   0.0273 │
│           │         │           │        │   [+0.139, │           │          │
│           │         │           │        │    +0.417] │           │          │
│ self_ref… │   0.556 │     0.444 │   7110 │     -0.056 │     0.625 │        1 │
│           │         │           │        │   [-0.167, │           │          │
│           │         │           │        │    +0.056] │           │          │
│ selfchec… │   0.423 │     0.577 │  17584 │     -0.115 │      0.25 │        1 │
│           │         │           │        │   [-0.269, │           │          │
│           │         │           │        │    +0.000] │           │          │
│ tot       │   0.333 │     0.667 │  79390 │     -0.278 │    0.0129 │    0.155 │
│           │         │           │        │   [-0.472, │           │          │
│           │         │           │        │    -0.111] │           │          │
└───────────┴─────────┴───────────┴────────┴────────────┴───────────┴──────────┘

Detailed outputs: outputs/real/travelplanner_real__deepseek-v3
