       Summary — hotpotqa_real__test  (examples=60 × seeds=3 = 420 rows)        
┏━━━━━━━━━━━┳━━━━━━━━━┳━━━━━━━━━━━┳━━━━━━━━┳━━━━━━━━━━━━┳━━━━━━━━━━━┳━━━━━━━━━━┓
┃           ┃         ┃           ┃        ┃   Δsuccess ┃           ┃          ┃
┃ method    ┃ success ┃ violation ┃ tokens ┃  vs direct ┃ McNemar p ┃ Holm-adj ┃
┡━━━━━━━━━━━╇━━━━━━━━━╇━━━━━━━━━━━╇━━━━━━━━╇━━━━━━━━━━━━╇━━━━━━━━━━━╇━━━━━━━━━━┩
│ detectio… │   0.700 │     0.300 │   3983 │     +0.000 │         1 │        1 │
│           │         │           │        │   [+0.000, │           │          │
│           │         │           │        │    +0.000] │           │          │
│ direct    │   0.700 │     0.300 │   1867 │          — │         — │        — │
│ full_reg… │   0.667 │     0.333 │   3749 │     -0.033 │     0.774 │        1 │
│           │         │           │        │   [-0.150, │           │          │
│           │         │           │        │    +0.083] │           │          │
│ intro_sp… │   0.750 │     0.250 │   4433 │     +0.050 │      0.25 │        1 │
│           │         │           │        │   [+0.000, │           │          │
│           │         │           │        │    +0.117] │           │          │
│ react     │   0.650 │     0.350 │   4142 │     -0.050 │     0.508 │        1 │
│           │         │           │        │   [-0.150, │           │          │
│           │         │           │        │    +0.050] │           │          │
│ reflexion │   0.850 │     0.150 │   4399 │     +0.150 │   0.00391 │   0.0391 │
│           │         │           │        │   [+0.067, │           │          │
│           │         │           │        │    +0.250] │           │          │
│ self_ref… │   0.367 │     0.633 │   4490 │     -0.333 │   8.8e-05 │  0.00106 │
│           │         │           │        │   [-0.467, │           │          │
│           │         │           │        │    -0.183] │           │          │
└───────────┴─────────┴───────────┴────────┴────────────┴───────────┴──────────┘

Detailed outputs: outputs/tier_b/real_hotpotqa_deepseek_v3
