     Summary — travelplanner_real__test  (examples=12 × seeds=3 = 280 rows)     
┏━━━━━━━━━━━┳━━━━━━━━━┳━━━━━━━━━━━┳━━━━━━━━┳━━━━━━━━━━━━┳━━━━━━━━━━━┳━━━━━━━━━━┓
┃           ┃         ┃           ┃        ┃   Δsuccess ┃           ┃          ┃
┃ method    ┃ success ┃ violation ┃ tokens ┃  vs direct ┃ McNemar p ┃ Holm-adj ┃
┡━━━━━━━━━━━╇━━━━━━━━━╇━━━━━━━━━━━╇━━━━━━━━╇━━━━━━━━━━━━╇━━━━━━━━━━━╇━━━━━━━━━━┩
│ direct    │   0.250 │     0.750 │   2783 │          — │         — │        — │
│ full_reg… │   0.194 │     0.806 │   5529 │     -0.056 │     0.754 │        1 │
│           │         │           │        │   [-0.222, │           │          │
│           │         │           │        │    +0.111] │           │          │
│ intro_sp… │   0.278 │     0.722 │   6624 │     +0.028 │         1 │        1 │
│           │         │           │        │   [+0.000, │           │          │
│           │         │           │        │    +0.083] │           │          │
│ react     │   0.361 │     0.639 │   5583 │     +0.111 │     0.388 │        1 │
│           │         │           │        │   [-0.056, │           │          │
│           │         │           │        │    +0.306] │           │          │
│ reflexion │   0.417 │     0.583 │  13454 │     +0.167 │    0.0312 │    0.375 │
│           │         │           │        │   [+0.056, │           │          │
│           │         │           │        │    +0.306] │           │          │
│ self_ref… │   0.278 │     0.722 │   7176 │     +0.028 │         1 │        1 │
│           │         │           │        │   [+0.000, │           │          │
│           │         │           │        │    +0.083] │           │          │
│ selfchec… │   0.226 │     0.774 │  16076 │     -0.032 │         1 │        1 │
│           │         │           │        │   [-0.129, │           │          │
│           │         │           │        │    +0.065] │           │          │
│ tot       │   0.000 │     1.000 │  90701 │     -0.273 │   0.00391 │   0.0547 │
│           │         │           │        │   [-0.424, │           │          │
│           │         │           │        │    -0.121] │           │          │
└───────────┴─────────┴───────────┴────────┴────────────┴───────────┴──────────┘

Detailed outputs: outputs/real/travelplanner_real__mistral-nemo-12b
