        Summary — musique_real__all  (examples=60 × seeds=1 = 480 rows)         
┏━━━━━━━━━━━┳━━━━━━━━━┳━━━━━━━━━━━┳━━━━━━━━┳━━━━━━━━━━━━┳━━━━━━━━━━━┳━━━━━━━━━━┓
┃           ┃         ┃           ┃        ┃   Δsuccess ┃           ┃          ┃
┃ method    ┃ success ┃ violation ┃ tokens ┃  vs direct ┃ McNemar p ┃ Holm-adj ┃
┡━━━━━━━━━━━╇━━━━━━━━━╇━━━━━━━━━━━╇━━━━━━━━╇━━━━━━━━━━━━╇━━━━━━━━━━━╇━━━━━━━━━━┩
│ direct    │   0.517 │     0.483 │   2698 │          — │         — │        — │
│ full_reg… │   0.550 │     0.450 │   5396 │     +0.033 │     0.804 │        1 │
│           │         │           │        │   [-0.100, │           │          │
│           │         │           │        │    +0.167] │           │          │
│ intro_sp… │   0.600 │     0.400 │   6592 │     +0.083 │    0.0625 │     0.75 │
│           │         │           │        │   [+0.017, │           │          │
│           │         │           │        │    +0.167] │           │          │
│ react     │   0.417 │     0.583 │   5352 │     -0.100 │     0.263 │        1 │
│           │         │           │        │   [-0.250, │           │          │
│           │         │           │        │    +0.050] │           │          │
│ reflexion │   0.683 │     0.317 │   9321 │     +0.167 │   0.00195 │   0.0273 │
│           │         │           │        │   [+0.083, │           │          │
│           │         │           │        │    +0.267] │           │          │
│ self_ref… │   0.417 │     0.583 │   6759 │     -0.100 │      0.18 │        1 │
│           │         │           │        │   [-0.217, │           │          │
│           │         │           │        │    +0.017] │           │          │
│ selfchec… │   0.517 │     0.483 │  12614 │     +0.000 │         1 │        1 │
│           │         │           │        │   [-0.100, │           │          │
│           │         │           │        │    +0.100] │           │          │
│ tot       │   0.633 │     0.367 │  58197 │     +0.117 │     0.167 │        1 │
│           │         │           │        │   [-0.017, │           │          │
│           │         │           │        │    +0.250] │           │          │
└───────────┴─────────┴───────────┴────────┴────────────┴───────────┴──────────┘

Detailed outputs: outputs/real/musique_real__gemini-2.5-flash
