       Summary — hotpotqa_real__test  (examples=60 × seeds=3 = 420 rows)        
┏━━━━━━━━━━━┳━━━━━━━━━┳━━━━━━━━━━━┳━━━━━━━━┳━━━━━━━━━━━━┳━━━━━━━━━━━┳━━━━━━━━━━┓
┃           ┃         ┃           ┃        ┃   Δsuccess ┃           ┃          ┃
┃ method    ┃ success ┃ violation ┃ tokens ┃  vs direct ┃ McNemar p ┃ Holm-adj ┃
┡━━━━━━━━━━━╇━━━━━━━━━╇━━━━━━━━━━━╇━━━━━━━━╇━━━━━━━━━━━━╇━━━━━━━━━━━╇━━━━━━━━━━┩
│ detectio… │   0.633 │     0.367 │   4116 │     +0.000 │         1 │        1 │
│           │         │           │        │   [+0.000, │           │          │
│           │         │           │        │    +0.000] │           │          │
│ direct    │   0.633 │     0.367 │   1934 │          — │         — │        — │
│ full_reg… │   0.717 │     0.283 │   3841 │     +0.083 │     0.383 │        1 │
│           │         │           │        │   [-0.067, │           │          │
│           │         │           │        │    +0.233] │           │          │
│ intro_sp… │   0.767 │     0.233 │   4565 │     +0.133 │   0.00781 │   0.0781 │
│           │         │           │        │   [+0.050, │           │          │
│           │         │           │        │    +0.233] │           │          │
│ react     │   0.467 │     0.533 │   4068 │     -0.167 │    0.0414 │     0.25 │
│           │         │           │        │   [-0.300, │           │          │
│           │         │           │        │    -0.033] │           │          │
│ reflexion │   0.733 │     0.267 │   5455 │     +0.100 │    0.0312 │     0.25 │
│           │         │           │        │   [+0.033, │           │          │
│           │         │           │        │    +0.183] │           │          │
│ self_ref… │   0.383 │     0.617 │   4705 │     -0.250 │    0.0026 │   0.0312 │
│           │         │           │        │   [-0.383, │           │          │
│           │         │           │        │    -0.100] │           │          │
└───────────┴─────────┴───────────┴────────┴────────────┴───────────┴──────────┘

Detailed outputs: outputs/tier_b/real_hotpotqa_mistral_nemo
