        Summary — musique_real__all  (examples=60 × seeds=1 = 480 rows)         
┏━━━━━━━━━━━┳━━━━━━━━━┳━━━━━━━━━━━┳━━━━━━━━┳━━━━━━━━━━━━┳━━━━━━━━━━━┳━━━━━━━━━━┓
┃           ┃         ┃           ┃        ┃   Δsuccess ┃           ┃          ┃
┃ method    ┃ success ┃ violation ┃ tokens ┃  vs direct ┃ McNemar p ┃ Holm-adj ┃
┡━━━━━━━━━━━╇━━━━━━━━━╇━━━━━━━━━━━╇━━━━━━━━╇━━━━━━━━━━━━╇━━━━━━━━━━━╇━━━━━━━━━━┩
│ direct    │   0.833 │     0.167 │   2104 │          — │         — │        — │
│ full_reg… │   0.817 │     0.183 │   4218 │     -0.017 │         1 │        1 │
│           │         │           │        │   [-0.083, │           │          │
│           │         │           │        │    +0.050] │           │          │
│ intro_sp… │   0.933 │     0.067 │   4943 │     +0.100 │    0.0312 │     0.25 │
│           │         │           │        │   [+0.033, │           │          │
│           │         │           │        │    +0.183] │           │          │
│ react     │   0.817 │     0.183 │   4418 │     -0.017 │         1 │        1 │
│           │         │           │        │   [-0.083, │           │          │
│           │         │           │        │    +0.050] │           │          │
│ reflexion │   0.967 │     0.033 │   3167 │     +0.133 │   0.00781 │   0.0938 │
│           │         │           │        │   [+0.050, │           │          │
│           │         │           │        │    +0.233] │           │          │
│ self_ref… │   0.783 │     0.217 │   4989 │     -0.050 │     0.549 │        1 │
│           │         │           │        │   [-0.167, │           │          │
│           │         │           │        │    +0.050] │           │          │
│ selfchec… │   0.700 │     0.300 │  10832 │     -0.133 │   0.00781 │   0.0938 │
│           │         │           │        │   [-0.233, │           │          │
│           │         │           │        │    -0.050] │           │          │
│ tot       │   0.550 │     0.450 │  59649 │     -0.283 │  7.63e-05 │  0.00114 │
│           │         │           │        │   [-0.417, │           │          │
│           │         │           │        │    -0.167] │           │          │
└───────────┴─────────┴───────────┴────────┴────────────┴───────────┴──────────┘

Detailed outputs: outputs/real/musique_real__llama-3.3-70b
