     Summary — travelplanner_real__test  (examples=12 × seeds=3 = 215 rows)     
┏━━━━━━━━━━━┳━━━━━━━━━┳━━━━━━━━━━━┳━━━━━━━━┳━━━━━━━━━━━━┳━━━━━━━━━━━┳━━━━━━━━━━┓
┃           ┃         ┃           ┃        ┃   Δsuccess ┃           ┃          ┃
┃ method    ┃ success ┃ violation ┃ tokens ┃  vs direct ┃ McNemar p ┃ Holm-adj ┃
┡━━━━━━━━━━━╇━━━━━━━━━╇━━━━━━━━━━━╇━━━━━━━━╇━━━━━━━━━━━━╇━━━━━━━━━━━╇━━━━━━━━━━┩
│ direct    │   0.361 │     0.639 │   4387 │          — │         — │        — │
│ full_reg… │   0.250 │     0.750 │   8305 │     -0.111 │     0.454 │        1 │
│           │         │           │        │   [-0.306, │           │          │
│           │         │           │        │    +0.111] │           │          │
│ intro_sp… │   0.472 │     0.528 │   8828 │     +0.111 │     0.125 │        1 │
│           │         │           │        │   [+0.028, │           │          │
│           │         │           │        │    +0.222] │           │          │
│ react     │   0.528 │     0.472 │   8565 │     +0.167 │      0.21 │        1 │
│           │         │           │        │   [-0.056, │           │          │
│           │         │           │        │    +0.389] │           │          │
│ reflexion │   0.722 │     0.278 │  15328 │     +0.361 │  0.000244 │  0.00244 │
│           │         │           │        │   [+0.194, │           │          │
│           │         │           │        │    +0.528] │           │          │
│ self_ref… │   0.371 │     0.629 │  11104 │     +0.029 │         1 │        1 │
│           │         │           │        │   [-0.086, │           │          │
│           │         │           │        │    +0.143] │           │          │
└───────────┴─────────┴───────────┴────────┴────────────┴───────────┴──────────┘

Detailed outputs: outputs/real/travelplanner_real__gpt-oss-20b
