        Summary — musique_real__all  (examples=60 × seeds=1 = 471 rows)         
┏━━━━━━━━━━━┳━━━━━━━━━┳━━━━━━━━━━━┳━━━━━━━━┳━━━━━━━━━━━━┳━━━━━━━━━━━┳━━━━━━━━━━┓
┃           ┃         ┃           ┃        ┃   Δsuccess ┃           ┃          ┃
┃ method    ┃ success ┃ violation ┃ tokens ┃  vs direct ┃ McNemar p ┃ Holm-adj ┃
┡━━━━━━━━━━━╇━━━━━━━━━╇━━━━━━━━━━━╇━━━━━━━━╇━━━━━━━━━━━━╇━━━━━━━━━━━╇━━━━━━━━━━┩
│ direct    │   0.717 │     0.283 │   2159 │          — │         — │        — │
│ full_reg… │   0.717 │     0.283 │   4312 │     +0.000 │         1 │        1 │
│           │         │           │        │   [-0.117, │           │          │
│           │         │           │        │    +0.117] │           │          │
│ intro_sp… │   0.817 │     0.183 │   4993 │     +0.100 │    0.0312 │    0.375 │
│           │         │           │        │   [+0.033, │           │          │
│           │         │           │        │    +0.183] │           │          │
│ react     │   0.683 │     0.317 │   4545 │     -0.033 │     0.754 │        1 │
│           │         │           │        │   [-0.133, │           │          │
│           │         │           │        │    +0.067] │           │          │
│ reflexion │   0.850 │     0.150 │   4775 │     +0.133 │   0.00781 │    0.109 │
│           │         │           │        │   [+0.050, │           │          │
│           │         │           │        │    +0.217] │           │          │
│ self_ref… │   0.617 │     0.383 │   5062 │     -0.100 │    0.0703 │    0.703 │
│           │         │           │        │   [-0.200, │           │          │
│           │         │           │        │    -0.017] │           │          │
│ selfchec… │   0.750 │     0.250 │  11258 │     +0.033 │     0.625 │        1 │
│           │         │           │        │   [-0.033, │           │          │
│           │         │           │        │    +0.100] │           │          │
│ tot       │   0.686 │     0.314 │  81196 │     -0.039 │     0.815 │        1 │
│           │         │           │        │   [-0.196, │           │          │
│           │         │           │        │    +0.118] │           │          │
└───────────┴─────────┴───────────┴────────┴────────────┴───────────┴──────────┘

Detailed outputs: outputs/real/musique_real__mistral-nemo-12b
