       Summary — hotpotqa_real__test  (examples=60 × seeds=3 = 419 rows)        
┏━━━━━━━━━━━┳━━━━━━━━━┳━━━━━━━━━━━┳━━━━━━━━┳━━━━━━━━━━━━┳━━━━━━━━━━━┳━━━━━━━━━━┓
┃           ┃         ┃           ┃        ┃   Δsuccess ┃           ┃          ┃
┃ method    ┃ success ┃ violation ┃ tokens ┃  vs direct ┃ McNemar p ┃ Holm-adj ┃
┡━━━━━━━━━━━╇━━━━━━━━━╇━━━━━━━━━━━╇━━━━━━━━╇━━━━━━━━━━━━╇━━━━━━━━━━━╇━━━━━━━━━━┩
│ detectio… │   0.533 │     0.467 │   3979 │     +0.000 │         1 │        1 │
│           │         │           │        │   [+0.000, │           │          │
│           │         │           │        │    +0.000] │           │          │
│ direct    │   0.533 │     0.467 │   1875 │          — │         — │        — │
│ full_reg… │   0.600 │     0.400 │   3736 │     +0.067 │     0.388 │        1 │
│           │         │           │        │   [-0.050, │           │          │
│           │         │           │        │    +0.183] │           │          │
│ intro_sp… │   0.712 │     0.288 │   4379 │     +0.186 │  0.000977 │   0.0117 │
│           │         │           │        │   [+0.085, │           │          │
│           │         │           │        │    +0.288] │           │          │
│ react     │   0.533 │     0.467 │   4001 │     +0.000 │         1 │        1 │
│           │         │           │        │   [-0.133, │           │          │
│           │         │           │        │    +0.133] │           │          │
│ reflexion │   0.683 │     0.317 │   5852 │     +0.150 │   0.00391 │   0.0391 │
│           │         │           │        │   [+0.067, │           │          │
│           │         │           │        │    +0.250] │           │          │
│ self_ref… │   0.400 │     0.600 │   4440 │     -0.133 │    0.0386 │    0.309 │
│           │         │           │        │   [-0.250, │           │          │
│           │         │           │        │    -0.033] │           │          │
└───────────┴─────────┴───────────┴────────┴────────────┴───────────┴──────────┘

Detailed outputs: outputs/tier_b/real_hotpotqa_qwen_7b
