      Summary — strategyqa_real__test  (examples=36 × seeds=3 = 240 rows)       
┏━━━━━━━━━━━┳━━━━━━━━━┳━━━━━━━━━━━┳━━━━━━━━┳━━━━━━━━━━━━┳━━━━━━━━━━━┳━━━━━━━━━━┓
┃           ┃         ┃           ┃        ┃   Δsuccess ┃           ┃          ┃
┃ method    ┃ success ┃ violation ┃ tokens ┃  vs direct ┃ McNemar p ┃ Holm-adj ┃
┡━━━━━━━━━━━╇━━━━━━━━━╇━━━━━━━━━━━╇━━━━━━━━╇━━━━━━━━━━━━╇━━━━━━━━━━━╇━━━━━━━━━━┩
│ direct    │   0.917 │     0.083 │   1312 │          — │         — │        — │
│ full_reg… │   0.886 │     0.114 │   2676 │     -0.029 │         1 │        1 │
│           │         │           │        │   [-0.086, │           │          │
│           │         │           │        │    +0.000] │           │          │
│ intro_sp… │   0.917 │     0.083 │   3413 │     +0.000 │         1 │        1 │
│           │         │           │        │   [+0.000, │           │          │
│           │         │           │        │    +0.000] │           │          │
│ react     │   0.944 │     0.056 │   3187 │     +0.028 │         1 │        1 │
│           │         │           │        │   [+0.000, │           │          │
│           │         │           │        │    +0.083] │           │          │
│ reflexion │   1.000 │     0.000 │   1673 │     +0.083 │      0.25 │        1 │
│           │         │           │        │   [+0.000, │           │          │
│           │         │           │        │    +0.167] │           │          │
│ self_ref… │   0.917 │     0.083 │   3385 │     +0.000 │         1 │        1 │
│           │         │           │        │   [-0.083, │           │          │
│           │         │           │        │    +0.083] │           │          │
│ selfchec… │   0.952 │     0.048 │   7140 │     +0.000 │         1 │        1 │
│           │         │           │        │   [+0.000, │           │          │
│           │         │           │        │    +0.000] │           │          │
│ tot       │   1.000 │     0.000 │   9716 │     +0.000 │         1 │        1 │
│           │         │           │        │   [+0.000, │           │          │
│           │         │           │        │    +0.000] │           │          │
└───────────┴─────────┴───────────┴────────┴────────────┴───────────┴──────────┘

Detailed outputs: outputs/real/strategyqa_real__gpt-oss-20b
