       Summary — hotpotqa_real__test  (examples=60 × seeds=3 = 419 rows)        
┏━━━━━━━━━━━┳━━━━━━━━━┳━━━━━━━━━━━┳━━━━━━━━┳━━━━━━━━━━━━┳━━━━━━━━━━━┳━━━━━━━━━━┓
┃           ┃         ┃           ┃        ┃   Δsuccess ┃           ┃          ┃
┃ method    ┃ success ┃ violation ┃ tokens ┃  vs direct ┃ McNemar p ┃ Holm-adj ┃
┡━━━━━━━━━━━╇━━━━━━━━━╇━━━━━━━━━━━╇━━━━━━━━╇━━━━━━━━━━━━╇━━━━━━━━━━━╇━━━━━━━━━━┩
│ detectio… │   0.500 │     0.500 │   4682 │     +0.000 │         1 │        1 │
│           │         │           │        │   [+0.000, │           │          │
│           │         │           │        │    +0.000] │           │          │
│ direct    │   0.500 │     0.500 │   2208 │          — │         — │        — │
│ full_reg… │   0.417 │     0.583 │   4427 │     -0.083 │     0.227 │        1 │
│           │         │           │        │   [-0.200, │           │          │
│           │         │           │        │    +0.017] │           │          │
│ intro_sp… │   0.633 │     0.367 │   5381 │     +0.133 │   0.00781 │   0.0781 │
│           │         │           │        │   [+0.050, │           │          │
│           │         │           │        │    +0.217] │           │          │
│ react     │   0.600 │     0.400 │   4471 │     +0.100 │     0.109 │    0.875 │
│           │         │           │        │   [+0.000, │           │          │
│           │         │           │        │    +0.200] │           │          │
│ reflexion │   0.683 │     0.317 │   7787 │     +0.183 │  0.000977 │   0.0117 │
│           │         │           │        │   [+0.083, │           │          │
│           │         │           │        │    +0.283] │           │          │
│ self_ref… │   0.407 │     0.593 │   5398 │     -0.085 │     0.302 │        1 │
│           │         │           │        │   [-0.220, │           │          │
│           │         │           │        │    +0.034] │           │          │
└───────────┴─────────┴───────────┴────────┴────────────┴───────────┴──────────┘

Detailed outputs: outputs/tier_b/real_hotpotqa_gemini_flash
