      Summary — longmemeval_real__all  (examples=60 × seeds=1 = 473 rows)       
┏━━━━━━━━━━━┳━━━━━━━━━┳━━━━━━━━━━━┳━━━━━━━━┳━━━━━━━━━━━━┳━━━━━━━━━━━┳━━━━━━━━━━┓
┃           ┃         ┃           ┃        ┃   Δsuccess ┃           ┃          ┃
┃ method    ┃ success ┃ violation ┃ tokens ┃  vs direct ┃ McNemar p ┃ Holm-adj ┃
┡━━━━━━━━━━━╇━━━━━━━━━╇━━━━━━━━━━━╇━━━━━━━━╇━━━━━━━━━━━━╇━━━━━━━━━━━╇━━━━━━━━━━┩
│ direct    │   0.550 │     0.450 │   2220 │          — │         — │        — │
│ full_reg… │   0.583 │     0.417 │   4438 │     +0.033 │     0.774 │        1 │
│           │         │           │        │   [-0.083, │           │          │
│           │         │           │        │    +0.150] │           │          │
│ intro_sp… │   0.733 │     0.267 │   4966 │     +0.183 │  0.000977 │   0.0137 │
│           │         │           │        │   [+0.083, │           │          │
│           │         │           │        │    +0.283] │           │          │
│ react     │   0.583 │     0.417 │   4670 │     +0.033 │     0.727 │        1 │
│           │         │           │        │   [-0.050, │           │          │
│           │         │           │        │    +0.133] │           │          │
│ reflexion │   0.733 │     0.267 │   6087 │     +0.183 │  0.000977 │   0.0137 │
│           │         │           │        │   [+0.100, │           │          │
│           │         │           │        │    +0.283] │           │          │
│ self_ref… │   0.500 │     0.500 │   4993 │     -0.050 │     0.375 │        1 │
│           │         │           │        │   [-0.133, │           │          │
│           │         │           │        │    +0.017] │           │          │
│ selfchec… │   0.533 │     0.467 │  12163 │     -0.017 │         1 │        1 │
│           │         │           │        │   [-0.067, │           │          │
│           │         │           │        │    +0.033] │           │          │
│ tot       │   0.679 │     0.321 │  82685 │     +0.113 │     0.109 │        1 │
│           │         │           │        │   [+0.000, │           │          │
│           │         │           │        │    +0.226] │           │          │
└───────────┴─────────┴───────────┴────────┴────────────┴───────────┴──────────┘

Detailed outputs: outputs/real/longmemeval_real__mistral-nemo-12b
