      Summary — truthfulqa_real__test  (examples=12 × seeds=3 = 272 rows)       
┏━━━━━━━━━━━┳━━━━━━━━━┳━━━━━━━━━━━┳━━━━━━━━┳━━━━━━━━━━━━┳━━━━━━━━━━━┳━━━━━━━━━━┓
┃           ┃         ┃           ┃        ┃   Δsuccess ┃           ┃          ┃
┃ method    ┃ success ┃ violation ┃ tokens ┃  vs direct ┃ McNemar p ┃ Holm-adj ┃
┡━━━━━━━━━━━╇━━━━━━━━━╇━━━━━━━━━━━╇━━━━━━━━╇━━━━━━━━━━━━╇━━━━━━━━━━━╇━━━━━━━━━━┩
│ direct    │   0.639 │     0.361 │   1232 │          — │         — │        — │
│ full_reg… │   0.694 │     0.306 │   2477 │     +0.056 │     0.754 │        1 │
│           │         │           │        │   [-0.111, │           │          │
│           │         │           │        │    +0.222] │           │          │
│ intro_sp… │   0.861 │     0.139 │   3080 │     +0.222 │   0.00781 │    0.109 │
│           │         │           │        │   [+0.083, │           │          │
│           │         │           │        │    +0.361] │           │          │
│ react     │   0.639 │     0.361 │   2660 │     +0.000 │         1 │        1 │
│           │         │           │        │   [-0.167, │           │          │
│           │         │           │        │    +0.167] │           │          │
│ reflexion │   0.806 │     0.194 │   3240 │     +0.167 │    0.0312 │    0.375 │
│           │         │           │        │   [+0.056, │           │          │
│           │         │           │        │    +0.306] │           │          │
│ self_ref… │   0.611 │     0.389 │   3074 │     -0.028 │         1 │        1 │
│           │         │           │        │   [-0.194, │           │          │
│           │         │           │        │    +0.139] │           │          │
│ selfchec… │   0.727 │     0.273 │   6047 │     +0.121 │     0.219 │        1 │
│           │         │           │        │   [-0.001, │           │          │
│           │         │           │        │    +0.273] │           │          │
│ tot       │   0.565 │     0.435 │  44262 │     -0.130 │     0.453 │        1 │
│           │         │           │        │   [-0.348, │           │          │
│           │         │           │        │    +0.087] │           │          │
└───────────┴─────────┴───────────┴────────┴────────────┴───────────┴──────────┘

Detailed outputs: outputs/real/truthfulqa_real__mistral-nemo-12b
