       Summary — hotpotqa_real__test  (examples=36 × seeds=3 = 281 rows)        
┏━━━━━━━━━━━┳━━━━━━━━━┳━━━━━━━━━━━┳━━━━━━━━┳━━━━━━━━━━━━┳━━━━━━━━━━━┳━━━━━━━━━━┓
┃           ┃         ┃           ┃        ┃   Δsuccess ┃           ┃          ┃
┃ method    ┃ success ┃ violation ┃ tokens ┃  vs direct ┃ McNemar p ┃ Holm-adj ┃
┡━━━━━━━━━━━╇━━━━━━━━━╇━━━━━━━━━━━╇━━━━━━━━╇━━━━━━━━━━━━╇━━━━━━━━━━━╇━━━━━━━━━━┩
│ direct    │   0.833 │     0.167 │   2096 │          — │         — │        — │
│ full_reg… │   0.889 │     0.111 │   4180 │     +0.056 │     0.688 │        1 │
│           │         │           │        │   [-0.083, │           │          │
│           │         │           │        │    +0.194] │           │          │
│ intro_sp… │   0.917 │     0.083 │   4868 │     +0.083 │      0.25 │        1 │
│           │         │           │        │   [+0.000, │           │          │
│           │         │           │        │    +0.194] │           │          │
│ react     │   0.833 │     0.167 │   4368 │     +0.000 │         1 │        1 │
│           │         │           │        │   [-0.139, │           │          │
│           │         │           │        │    +0.139] │           │          │
│ reflexion │   0.861 │     0.139 │   3830 │     +0.028 │         1 │        1 │
│           │         │           │        │   [+0.000, │           │          │
│           │         │           │        │    +0.083] │           │          │
│ self_ref… │   0.806 │     0.194 │   4866 │     -0.028 │         1 │        1 │
│           │         │           │        │   [-0.083, │           │          │
│           │         │           │        │    +0.000] │           │          │
│ selfchec… │   0.800 │     0.200 │  10757 │     -0.057 │       0.5 │        1 │
│           │         │           │        │   [-0.143, │           │          │
│           │         │           │        │    +0.000] │           │          │
│ tot       │   0.867 │     0.133 │  80605 │     +0.033 │         1 │        1 │
│           │         │           │        │   [-0.067, │           │          │
│           │         │           │        │    +0.133] │           │          │
└───────────┴─────────┴───────────┴────────┴────────────┴───────────┴──────────┘

Detailed outputs: outputs/real/hotpotqa_real__mistral-nemo-12b
