        Summary — twowiki_real__all  (examples=60 × seeds=1 = 470 rows)         
┏━━━━━━━━━━━┳━━━━━━━━━┳━━━━━━━━━━━┳━━━━━━━━┳━━━━━━━━━━━━┳━━━━━━━━━━━┳━━━━━━━━━━┓
┃           ┃         ┃           ┃        ┃   Δsuccess ┃           ┃          ┃
┃ method    ┃ success ┃ violation ┃ tokens ┃  vs direct ┃ McNemar p ┃ Holm-adj ┃
┡━━━━━━━━━━━╇━━━━━━━━━╇━━━━━━━━━━━╇━━━━━━━━╇━━━━━━━━━━━━╇━━━━━━━━━━━╇━━━━━━━━━━┩
│ direct    │   0.917 │     0.083 │   2036 │          — │         — │        — │
│ full_reg… │   0.900 │     0.100 │   4078 │     -0.017 │         1 │        1 │
│           │         │           │        │   [-0.083, │           │          │
│           │         │           │        │    +0.033] │           │          │
│ intro_sp… │   0.967 │     0.033 │   4742 │     +0.050 │      0.25 │        1 │
│           │         │           │        │   [+0.000, │           │          │
│           │         │           │        │    +0.117] │           │          │
│ react     │   0.867 │     0.133 │   4291 │     -0.050 │     0.453 │        1 │
│           │         │           │        │   [-0.133, │           │          │
│           │         │           │        │    +0.033] │           │          │
│ reflexion │   0.950 │     0.050 │   2754 │     +0.033 │       0.5 │        1 │
│           │         │           │        │   [+0.000, │           │          │
│           │         │           │        │    +0.083] │           │          │
│ self_ref… │   0.867 │     0.133 │   4751 │     -0.050 │     0.375 │        1 │
│           │         │           │        │   [-0.117, │           │          │
│           │         │           │        │    +0.017] │           │          │
│ selfchec… │   0.898 │     0.102 │  10449 │     -0.017 │         1 │        1 │
│           │         │           │        │   [-0.051, │           │          │
│           │         │           │        │    +0.000] │           │          │
│ tot       │   0.922 │     0.078 │  78299 │     -0.020 │         1 │        1 │
│           │         │           │        │   [-0.098, │           │          │
│           │         │           │        │    +0.059] │           │          │
└───────────┴─────────┴───────────┴────────┴────────────┴───────────┴──────────┘

Detailed outputs: outputs/real/twowiki_real__mistral-nemo-12b
