      Summary — strategyqa_real__test  (examples=36 × seeds=3 = 288 rows)       
┏━━━━━━━━━━━┳━━━━━━━━━┳━━━━━━━━━━━┳━━━━━━━━┳━━━━━━━━━━━━┳━━━━━━━━━━━┳━━━━━━━━━━┓
┃           ┃         ┃           ┃        ┃   Δsuccess ┃           ┃          ┃
┃ method    ┃ success ┃ violation ┃ tokens ┃  vs direct ┃ McNemar p ┃ Holm-adj ┃
┡━━━━━━━━━━━╇━━━━━━━━━╇━━━━━━━━━━━╇━━━━━━━━╇━━━━━━━━━━━━╇━━━━━━━━━━━╇━━━━━━━━━━┩
│ direct    │   0.917 │     0.083 │   1240 │          — │         — │        — │
│ full_reg… │   0.944 │     0.056 │   2468 │     +0.028 │         1 │        1 │
│           │         │           │        │   [+0.000, │           │          │
│           │         │           │        │    +0.083] │           │          │
│ intro_sp… │   0.944 │     0.056 │   3198 │     +0.028 │         1 │        1 │
│           │         │           │        │   [+0.000, │           │          │
│           │         │           │        │    +0.083] │           │          │
│ react     │   0.917 │     0.083 │   2782 │     +0.000 │         1 │        1 │
│           │         │           │        │   [-0.083, │           │          │
│           │         │           │        │    +0.083] │           │          │
│ reflexion │   0.972 │     0.028 │   1687 │     +0.056 │       0.5 │        1 │
│           │         │           │        │   [+0.000, │           │          │
│           │         │           │        │    +0.139] │           │          │
│ self_ref… │   0.917 │     0.083 │   3235 │     +0.000 │         1 │        1 │
│           │         │           │        │   [+0.000, │           │          │
│           │         │           │        │    +0.000] │           │          │
│ selfchec… │   0.917 │     0.083 │   5768 │     +0.000 │         1 │        1 │
│           │         │           │        │   [+0.000, │           │          │
│           │         │           │        │    +0.000] │           │          │
│ tot       │   0.889 │     0.111 │  20752 │     -0.028 │         1 │        1 │
│           │         │           │        │   [-0.083, │           │          │
│           │         │           │        │    +0.000] │           │          │
└───────────┴─────────┴───────────┴────────┴────────────┴───────────┴──────────┘

Detailed outputs: outputs/real/strategyqa_real__deepseek-v3
