       Summary — hotpotqa_real__test  (examples=36 × seeds=3 = 288 rows)        
┏━━━━━━━━━━━┳━━━━━━━━━┳━━━━━━━━━━━┳━━━━━━━━┳━━━━━━━━━━━━┳━━━━━━━━━━━┳━━━━━━━━━━┓
┃           ┃         ┃           ┃        ┃   Δsuccess ┃           ┃          ┃
┃ method    ┃ success ┃ violation ┃ tokens ┃  vs direct ┃ McNemar p ┃ Holm-adj ┃
┡━━━━━━━━━━━╇━━━━━━━━━╇━━━━━━━━━━━╇━━━━━━━━╇━━━━━━━━━━━━╇━━━━━━━━━━━╇━━━━━━━━━━┩
│ direct    │   0.833 │     0.167 │   2055 │          — │         — │        — │
│ full_reg… │   0.778 │     0.222 │   4092 │     -0.056 │       0.5 │        1 │
│           │         │           │        │   [-0.139, │           │          │
│           │         │           │        │    +0.000] │           │          │
│ intro_sp… │   0.861 │     0.139 │   4937 │     +0.028 │         1 │        1 │
│           │         │           │        │   [+0.000, │           │          │
│           │         │           │        │    +0.083] │           │          │
│ react     │   0.806 │     0.194 │   4471 │     -0.028 │         1 │        1 │
│           │         │           │        │   [-0.111, │           │          │
│           │         │           │        │    +0.056] │           │          │
│ reflexion │   0.917 │     0.083 │   3570 │     +0.083 │      0.25 │        1 │
│           │         │           │        │   [+0.000, │           │          │
│           │         │           │        │    +0.194] │           │          │
│ self_ref… │   0.778 │     0.222 │   4812 │     -0.056 │       0.5 │        1 │
│           │         │           │        │   [-0.139, │           │          │
│           │         │           │        │    +0.000] │           │          │
│ selfchec… │   0.917 │     0.083 │  10777 │     +0.083 │      0.25 │        1 │
│           │         │           │        │   [+0.000, │           │          │
│           │         │           │        │    +0.194] │           │          │
│ tot       │   0.861 │     0.139 │  38615 │     +0.028 │         1 │        1 │
│           │         │           │        │   [-0.056, │           │          │
│           │         │           │        │    +0.111] │           │          │
└───────────┴─────────┴───────────┴────────┴────────────┴───────────┴──────────┘

Detailed outputs: outputs/real/hotpotqa_real__deepseek-v3
