      Summary — truthfulqa_real__test  (examples=12 × seeds=3 = 288 rows)       
┏━━━━━━━━━━━┳━━━━━━━━━┳━━━━━━━━━━━┳━━━━━━━━┳━━━━━━━━━━━━┳━━━━━━━━━━━┳━━━━━━━━━━┓
┃           ┃         ┃           ┃        ┃   Δsuccess ┃           ┃          ┃
┃ method    ┃ success ┃ violation ┃ tokens ┃  vs direct ┃ McNemar p ┃ Holm-adj ┃
┡━━━━━━━━━━━╇━━━━━━━━━╇━━━━━━━━━━━╇━━━━━━━━╇━━━━━━━━━━━━╇━━━━━━━━━━━╇━━━━━━━━━━┩
│ direct    │   0.389 │     0.611 │   1258 │          — │         — │        — │
│ full_reg… │   0.361 │     0.639 │   2530 │     -0.028 │         1 │        1 │
│           │         │           │        │   [-0.139, │           │          │
│           │         │           │        │    +0.083] │           │          │
│ intro_sp… │   0.417 │     0.583 │   3295 │     +0.028 │         1 │        1 │
│           │         │           │        │   [+0.000, │           │          │
│           │         │           │        │    +0.083] │           │          │
│ react     │   0.333 │     0.667 │   2799 │     -0.056 │     0.625 │        1 │
│           │         │           │        │   [-0.167, │           │          │
│           │         │           │        │    +0.056] │           │          │
│ reflexion │   0.833 │     0.167 │   4124 │     +0.444 │  3.05e-05 │ 0.000427 │
│           │         │           │        │   [+0.278, │           │          │
│           │         │           │        │    +0.611] │           │          │
│ self_ref… │   0.222 │     0.778 │   3253 │     -0.167 │     0.109 │        1 │
│           │         │           │        │   [-0.333, │           │          │
│           │         │           │        │    +0.000] │           │          │
│ selfchec… │   0.472 │     0.528 │   6054 │     +0.083 │      0.25 │        1 │
│           │         │           │        │   [+0.000, │           │          │
│           │         │           │        │    +0.194] │           │          │
│ tot       │   0.528 │     0.472 │  23036 │     +0.139 │     0.125 │        1 │
│           │         │           │        │   [+0.000, │           │          │
│           │         │           │        │    +0.278] │           │          │
└───────────┴─────────┴───────────┴────────┴────────────┴───────────┴──────────┘

Detailed outputs: outputs/real/truthfulqa_real__deepseek-v3
