        Summary — musique_real__all  (examples=60 × seeds=1 = 480 rows)         
┏━━━━━━━━━━━┳━━━━━━━━━┳━━━━━━━━━━━┳━━━━━━━━┳━━━━━━━━━━━━┳━━━━━━━━━━━┳━━━━━━━━━━┓
┃           ┃         ┃           ┃        ┃   Δsuccess ┃           ┃          ┃
┃ method    ┃ success ┃ violation ┃ tokens ┃  vs direct ┃ McNemar p ┃ Holm-adj ┃
┡━━━━━━━━━━━╇━━━━━━━━━╇━━━━━━━━━━━╇━━━━━━━━╇━━━━━━━━━━━━╇━━━━━━━━━━━╇━━━━━━━━━━┩
│ direct    │   0.567 │     0.433 │   2150 │          — │         — │        — │
│ full_reg… │   0.567 │     0.433 │   4319 │     +0.000 │         1 │        1 │
│           │         │           │        │   [-0.083, │           │          │
│           │         │           │        │    +0.083] │           │          │
│ intro_sp… │   0.617 │     0.383 │   5075 │     +0.050 │      0.25 │        1 │
│           │         │           │        │   [+0.000, │           │          │
│           │         │           │        │    +0.117] │           │          │
│ react     │   0.667 │     0.333 │   4732 │     +0.100 │      0.18 │        1 │
│           │         │           │        │   [-0.017, │           │          │
│           │         │           │        │    +0.217] │           │          │
│ reflexion │   0.717 │     0.283 │   6367 │     +0.150 │   0.00391 │   0.0547 │
│           │         │           │        │   [+0.067, │           │          │
│           │         │           │        │    +0.233] │           │          │
│ self_ref… │   0.550 │     0.450 │   5040 │     -0.017 │         1 │        1 │
│           │         │           │        │   [-0.133, │           │          │
│           │         │           │        │    +0.083] │           │          │
│ selfchec… │   0.633 │     0.367 │  11134 │     +0.067 │     0.125 │        1 │
│           │         │           │        │   [+0.017, │           │          │
│           │         │           │        │    +0.133] │           │          │
│ tot       │   0.617 │     0.383 │  59255 │     +0.050 │     0.581 │        1 │
│           │         │           │        │   [-0.067, │           │          │
│           │         │           │        │    +0.167] │           │          │
└───────────┴─────────┴───────────┴────────┴────────────┴───────────┴──────────┘

Detailed outputs: outputs/real/musique_real__deepseek-v3
