        Summary — twowiki_real__all  (examples=59 × seeds=1 = 466 rows)         
┏━━━━━━━━━━━┳━━━━━━━━━┳━━━━━━━━━━━┳━━━━━━━━┳━━━━━━━━━━━━┳━━━━━━━━━━━┳━━━━━━━━━━┓
┃           ┃         ┃           ┃        ┃   Δsuccess ┃           ┃          ┃
┃ method    ┃ success ┃ violation ┃ tokens ┃  vs direct ┃ McNemar p ┃ Holm-adj ┃
┡━━━━━━━━━━━╇━━━━━━━━━╇━━━━━━━━━━━╇━━━━━━━━╇━━━━━━━━━━━━╇━━━━━━━━━━━╇━━━━━━━━━━┩
│ direct    │   0.932 │     0.068 │   1996 │          — │         — │        — │
│ full_reg… │   0.897 │     0.103 │   3994 │     -0.034 │     0.625 │        1 │
│           │         │           │        │   [-0.103, │           │          │
│           │         │           │        │    +0.034] │           │          │
│ intro_sp… │   0.932 │     0.068 │   4754 │     +0.000 │         1 │        1 │
│           │         │           │        │   [+0.000, │           │          │
│           │         │           │        │    +0.000] │           │          │
│ react     │   0.879 │     0.121 │   4393 │     -0.052 │      0.25 │        1 │
│           │         │           │        │   [-0.121, │           │          │
│           │         │           │        │    +0.000] │           │          │
│ reflexion │   0.966 │     0.034 │   2505 │     +0.034 │       0.5 │        1 │
│           │         │           │        │   [+0.000, │           │          │
│           │         │           │        │    +0.085] │           │          │
│ self_ref… │   0.864 │     0.136 │   4717 │     -0.068 │     0.125 │        1 │
│           │         │           │        │   [-0.136, │           │          │
│           │         │           │        │    -0.017] │           │          │
│ selfchec… │   0.879 │     0.121 │  10409 │     -0.052 │      0.25 │        1 │
│           │         │           │        │   [-0.121, │           │          │
│           │         │           │        │    +0.000] │           │          │
│ tot       │   0.929 │     0.071 │  26513 │     +0.000 │         1 │        1 │
│           │         │           │        │   [-0.071, │           │          │
│           │         │           │        │    +0.071] │           │          │
└───────────┴─────────┴───────────┴────────┴────────────┴───────────┴──────────┘

Detailed outputs: outputs/real/twowiki_real__deepseek-v3
