        Summary — musique_real__all  (examples=60 × seeds=1 = 480 rows)         
┏━━━━━━━━━━━┳━━━━━━━━━┳━━━━━━━━━━━┳━━━━━━━━┳━━━━━━━━━━━━┳━━━━━━━━━━━┳━━━━━━━━━━┓
┃           ┃         ┃           ┃        ┃   Δsuccess ┃           ┃          ┃
┃ method    ┃ success ┃ violation ┃ tokens ┃  vs direct ┃ McNemar p ┃ Holm-adj ┃
┡━━━━━━━━━━━╇━━━━━━━━━╇━━━━━━━━━━━╇━━━━━━━━╇━━━━━━━━━━━━╇━━━━━━━━━━━╇━━━━━━━━━━┩
│ direct    │   0.767 │     0.233 │   2165 │          — │         — │        — │
│ full_reg… │   0.767 │     0.233 │   4326 │     +0.000 │         1 │        1 │
│           │         │           │        │   [-0.117, │           │          │
│           │         │           │        │    +0.117] │           │          │
│ intro_sp… │   0.917 │     0.083 │   5219 │     +0.150 │   0.00391 │   0.0469 │
│           │         │           │        │   [+0.067, │           │          │
│           │         │           │        │    +0.250] │           │          │
│ react     │   0.667 │     0.333 │   4666 │     -0.100 │      0.21 │        1 │
│           │         │           │        │   [-0.233, │           │          │
│           │         │           │        │    +0.033] │           │          │
│ reflexion │   0.900 │     0.100 │   4196 │     +0.133 │   0.00781 │   0.0781 │
│           │         │           │        │   [+0.050, │           │          │
│           │         │           │        │    +0.233] │           │          │
│ self_ref… │   0.667 │     0.333 │   5212 │     -0.100 │     0.146 │        1 │
│           │         │           │        │   [-0.217, │           │          │
│           │         │           │        │    +0.000] │           │          │
│ selfchec… │   0.517 │     0.483 │  11672 │     -0.250 │  0.000729 │   0.0102 │
│           │         │           │        │   [-0.383, │           │          │
│           │         │           │        │    -0.133] │           │          │
│ tot       │   0.717 │     0.283 │  76293 │     -0.050 │     0.581 │        1 │
│           │         │           │        │   [-0.167, │           │          │
│           │         │           │        │    +0.067] │           │          │
└───────────┴─────────┴───────────┴────────┴────────────┴───────────┴──────────┘

Detailed outputs: outputs/real/musique_real__llama-3.1-8b
