        Summary — musique_real__all  (examples=60 × seeds=1 = 442 rows)         
┏━━━━━━━━━━━┳━━━━━━━━━┳━━━━━━━━━━━┳━━━━━━━━┳━━━━━━━━━━━━┳━━━━━━━━━━━┳━━━━━━━━━━┓
┃           ┃         ┃           ┃        ┃   Δsuccess ┃           ┃          ┃
┃ method    ┃ success ┃ violation ┃ tokens ┃  vs direct ┃ McNemar p ┃ Holm-adj ┃
┡━━━━━━━━━━━╇━━━━━━━━━╇━━━━━━━━━━━╇━━━━━━━━╇━━━━━━━━━━━━╇━━━━━━━━━━━╇━━━━━━━━━━┩
│ direct    │   0.800 │     0.200 │   2084 │          — │         — │        — │
│ full_reg… │   0.800 │     0.200 │   4191 │     +0.000 │         1 │        1 │
│           │         │           │        │   [-0.100, │           │          │
│           │         │           │        │    +0.100] │           │          │
│ intro_sp… │   0.850 │     0.150 │   4895 │     +0.050 │      0.25 │        1 │
│           │         │           │        │   [+0.000, │           │          │
│           │         │           │        │    +0.117] │           │          │
│ react     │   0.650 │     0.350 │   4407 │     -0.150 │    0.0225 │     0.27 │
│           │         │           │        │   [-0.267, │           │          │
│           │         │           │        │    -0.050] │           │          │
│ reflexion │   0.833 │     0.167 │   4015 │     +0.033 │       0.5 │        1 │
│           │         │           │        │   [+0.000, │           │          │
│           │         │           │        │    +0.083] │           │          │
│ self_ref… │   0.633 │     0.367 │   4809 │     -0.167 │    0.0129 │    0.181 │
│           │         │           │        │   [-0.283, │           │          │
│           │         │           │        │    -0.050] │           │          │
│ selfchec… │   0.750 │     0.250 │  11414 │     -0.050 │     0.549 │        1 │
│           │         │           │        │   [-0.167, │           │          │
│           │         │           │        │    +0.050] │           │          │
│ tot       │   0.773 │     0.227 │  82559 │     +0.000 │         1 │        1 │
│           │         │           │        │   [-0.182, │           │          │
│           │         │           │        │    +0.182] │           │          │
└───────────┴─────────┴───────────┴────────┴────────────┴───────────┴──────────┘

Detailed outputs: outputs/real/musique_real__qwen-2.5-7b
