      Summary — strategyqa_real__test  (examples=36 × seeds=3 = 280 rows)       
┏━━━━━━━━━━━┳━━━━━━━━━┳━━━━━━━━━━━┳━━━━━━━━┳━━━━━━━━━━━━┳━━━━━━━━━━━┳━━━━━━━━━━┓
┃           ┃         ┃           ┃        ┃   Δsuccess ┃           ┃          ┃
┃ method    ┃ success ┃ violation ┃ tokens ┃  vs direct ┃ McNemar p ┃ Holm-adj ┃
┡━━━━━━━━━━━╇━━━━━━━━━╇━━━━━━━━━━━╇━━━━━━━━╇━━━━━━━━━━━━╇━━━━━━━━━━━╇━━━━━━━━━━┩
│ direct    │   0.806 │     0.194 │   1291 │          — │         — │        — │
│ full_reg… │   0.778 │     0.222 │   2558 │     -0.028 │         1 │        1 │
│           │         │           │        │   [-0.111, │           │          │
│           │         │           │        │    +0.056] │           │          │
│ intro_sp… │   0.861 │     0.139 │   3276 │     +0.056 │       0.5 │        1 │
│           │         │           │        │   [+0.000, │           │          │
│           │         │           │        │    +0.139] │           │          │
│ react     │   0.833 │     0.167 │   2766 │     +0.028 │         1 │        1 │
│           │         │           │        │   [-0.056, │           │          │
│           │         │           │        │    +0.111] │           │          │
│ reflexion │   0.889 │     0.111 │   2744 │     +0.083 │      0.25 │        1 │
│           │         │           │        │   [+0.000, │           │          │
│           │         │           │        │    +0.167] │           │          │
│ self_ref… │   0.806 │     0.194 │   3317 │     +0.000 │         1 │        1 │
│           │         │           │        │   [-0.083, │           │          │
│           │         │           │        │    +0.083] │           │          │
│ selfchec… │   0.750 │     0.250 │   6196 │     -0.056 │     0.625 │        1 │
│           │         │           │        │   [-0.167, │           │          │
│           │         │           │        │    +0.056] │           │          │
│ tot       │   0.714 │     0.286 │  43590 │     -0.107 │      0.25 │        1 │
│           │         │           │        │   [-0.214, │           │          │
│           │         │           │        │    +0.000] │           │          │
└───────────┴─────────┴───────────┴────────┴────────────┴───────────┴──────────┘

Detailed outputs: outputs/real/strategyqa_real__mistral-nemo-12b
