       Summary — hotpotqa_real__test  (examples=36 × seeds=3 = 255 rows)        
┏━━━━━━━━━━━┳━━━━━━━━━┳━━━━━━━━━━━┳━━━━━━━━┳━━━━━━━━━━━━┳━━━━━━━━━━━┳━━━━━━━━━━┓
┃           ┃         ┃           ┃        ┃   Δsuccess ┃           ┃          ┃
┃ method    ┃ success ┃ violation ┃ tokens ┃  vs direct ┃ McNemar p ┃ Holm-adj ┃
┡━━━━━━━━━━━╇━━━━━━━━━╇━━━━━━━━━━━╇━━━━━━━━╇━━━━━━━━━━━━╇━━━━━━━━━━━╇━━━━━━━━━━┩
│ direct    │   0.917 │     0.083 │   2052 │          — │         — │        — │
│ full_reg… │   0.889 │     0.111 │   4188 │     -0.028 │         1 │        1 │
│           │         │           │        │   [-0.083, │           │          │
│           │         │           │        │    +0.000] │           │          │
│ intro_sp… │   0.944 │     0.056 │   4808 │     +0.028 │         1 │        1 │
│           │         │           │        │   [+0.000, │           │          │
│           │         │           │        │    +0.083] │           │          │
│ react     │   0.833 │     0.167 │   4423 │     -0.083 │     0.375 │        1 │
│           │         │           │        │   [-0.194, │           │          │
│           │         │           │        │    +0.028] │           │          │
│ reflexion │   0.972 │     0.028 │   2853 │     +0.056 │       0.5 │        1 │
│           │         │           │        │   [+0.000, │           │          │
│           │         │           │        │    +0.139] │           │          │
│ self_ref… │   0.889 │     0.111 │   4883 │     -0.028 │         1 │        1 │
│           │         │           │        │   [-0.111, │           │          │
│           │         │           │        │    +0.056] │           │          │
│ selfchec… │   0.913 │     0.087 │  11451 │     +0.000 │         1 │        1 │
│           │         │           │        │   [+0.000, │           │          │
│           │         │           │        │    +0.000] │           │          │
│ tot       │   0.938 │     0.062 │  15072 │     -0.062 │         1 │        1 │
│           │         │           │        │   [-0.188, │           │          │
│           │         │           │        │    +0.000] │           │          │
└───────────┴─────────┴───────────┴────────┴────────────┴───────────┴──────────┘

Detailed outputs: outputs/real/hotpotqa_real__gpt-oss-20b
