      Summary — longmemeval_real__all  (examples=58 × seeds=1 = 444 rows)       
┏━━━━━━━━━━━┳━━━━━━━━━┳━━━━━━━━━━━┳━━━━━━━━┳━━━━━━━━━━━━┳━━━━━━━━━━━┳━━━━━━━━━━┓
┃           ┃         ┃           ┃        ┃   Δsuccess ┃           ┃          ┃
┃ method    ┃ success ┃ violation ┃ tokens ┃  vs direct ┃ McNemar p ┃ Holm-adj ┃
┡━━━━━━━━━━━╇━━━━━━━━━╇━━━━━━━━━━━╇━━━━━━━━╇━━━━━━━━━━━━╇━━━━━━━━━━━╇━━━━━━━━━━┩
│ direct    │   0.362 │     0.638 │   2194 │          — │         — │        — │
│ full_reg… │   0.362 │     0.638 │   4395 │     +0.000 │         1 │        1 │
│           │         │           │        │   [-0.103, │           │          │
│           │         │           │        │    +0.103] │           │          │
│ intro_sp… │   0.456 │     0.544 │   5008 │     +0.088 │    0.0625 │    0.875 │
│           │         │           │        │   [+0.018, │           │          │
│           │         │           │        │    +0.175] │           │          │
│ react     │   0.310 │     0.690 │   4777 │     -0.052 │     0.508 │        1 │
│           │         │           │        │   [-0.155, │           │          │
│           │         │           │        │    +0.052] │           │          │
│ reflexion │   0.431 │     0.569 │   8630 │     +0.069 │     0.125 │        1 │
│           │         │           │        │   [+0.017, │           │          │
│           │         │           │        │    +0.138] │           │          │
│ self_ref… │   0.259 │     0.741 │   4940 │     -0.103 │     0.109 │        1 │
│           │         │           │        │   [-0.207, │           │          │
│           │         │           │        │    +0.000] │           │          │
│ selfchec… │   0.396 │     0.604 │  12381 │     +0.057 │     0.375 │        1 │
│           │         │           │        │   [-0.019, │           │          │
│           │         │           │        │    +0.151] │           │          │
│ tot       │   0.432 │     0.568 │  41174 │     +0.023 │         1 │        1 │
│           │         │           │        │   [-0.136, │           │          │
│           │         │           │        │    +0.159] │           │          │
└───────────┴─────────┴───────────┴────────┴────────────┴───────────┴──────────┘

Detailed outputs: outputs/real/longmemeval_real__deepseek-v3
