      Summary — truthfulqa_real__test  (examples=12 × seeds=3 = 258 rows)       
┏━━━━━━━━━━━┳━━━━━━━━━┳━━━━━━━━━━━┳━━━━━━━━┳━━━━━━━━━━━━┳━━━━━━━━━━━┳━━━━━━━━━━┓
┃           ┃         ┃           ┃        ┃   Δsuccess ┃           ┃          ┃
┃ method    ┃ success ┃ violation ┃ tokens ┃  vs direct ┃ McNemar p ┃ Holm-adj ┃
┡━━━━━━━━━━━╇━━━━━━━━━╇━━━━━━━━━━━╇━━━━━━━━╇━━━━━━━━━━━━╇━━━━━━━━━━━╇━━━━━━━━━━┩
│ direct    │   0.639 │     0.361 │   1345 │          — │         — │        — │
│ full_reg… │   0.722 │     0.278 │   2733 │     +0.083 │     0.508 │        1 │
│           │         │           │        │   [-0.083, │           │          │
│           │         │           │        │    +0.250] │           │          │
│ intro_sp… │   0.722 │     0.278 │   4039 │     +0.083 │      0.25 │        1 │
│           │         │           │        │   [+0.000, │           │          │
│           │         │           │        │    +0.194] │           │          │
│ react     │   0.722 │     0.278 │   3164 │     +0.083 │     0.508 │        1 │
│           │         │           │        │   [-0.083, │           │          │
│           │         │           │        │    +0.250] │           │          │
│ reflexion │   0.917 │     0.083 │   3050 │     +0.278 │   0.00195 │   0.0273 │
│           │         │           │        │   [+0.139, │           │          │
│           │         │           │        │    +0.444] │           │          │
│ self_ref… │   0.694 │     0.306 │   3396 │     +0.056 │       0.5 │        1 │
│           │         │           │        │   [+0.000, │           │          │
│           │         │           │        │    +0.139] │           │          │
│ selfchec… │   0.667 │     0.333 │   7222 │     +0.000 │         1 │        1 │
│           │         │           │        │   [+0.000, │           │          │
│           │         │           │        │    +0.000] │           │          │
│ tot       │   0.667 │     0.333 │   9361 │     -0.067 │         1 │        1 │
│           │         │           │        │   [-0.200, │           │          │
│           │         │           │        │    +0.000] │           │          │
└───────────┴─────────┴───────────┴────────┴────────────┴───────────┴──────────┘

Detailed outputs: outputs/real/truthfulqa_real__gpt-oss-20b
