       Summary — truthfulqa_real__test  (examples=2 × seeds=1 = 14 rows)        
┏━━━━━━━━━━━┳━━━━━━━━━┳━━━━━━━━━━━┳━━━━━━━━┳━━━━━━━━━━━━┳━━━━━━━━━━━┳━━━━━━━━━━┓
┃           ┃         ┃           ┃        ┃   Δsuccess ┃           ┃          ┃
┃ method    ┃ success ┃ violation ┃ tokens ┃  vs direct ┃ McNemar p ┃ Holm-adj ┃
┡━━━━━━━━━━━╇━━━━━━━━━╇━━━━━━━━━━━╇━━━━━━━━╇━━━━━━━━━━━━╇━━━━━━━━━━━╇━━━━━━━━━━┩
│ direct    │   0.500 │     0.500 │   1124 │          — │         — │        — │
│ intro_sp… │   1.000 │     0.000 │   2696 │     +0.500 │         1 │        1 │
│           │         │           │        │   [+0.000, │           │          │
│           │         │           │        │    +1.000] │           │          │
│ react     │   0.500 │     0.500 │   2611 │     +0.000 │         1 │        1 │
│           │         │           │        │   [+0.000, │           │          │
│           │         │           │        │    +0.000] │           │          │
│ reflexion │   0.500 │     0.500 │   4008 │     +0.000 │         1 │        1 │
│           │         │           │        │   [+0.000, │           │          │
│           │         │           │        │    +0.000] │           │          │
│ self_ref… │   0.000 │     1.000 │   2624 │     -0.500 │         1 │        1 │
│           │         │           │        │   [-1.000, │           │          │
│           │         │           │        │    +0.000] │           │          │
│ selfchec… │   0.500 │     0.500 │   3988 │     +0.000 │         1 │        1 │
│           │         │           │        │   [+0.000, │           │          │
│           │         │           │        │    +0.000] │           │          │
│ tot       │   0.500 │     0.500 │  14320 │     +0.000 │         1 │        1 │
│           │         │           │        │   [+0.000, │           │          │
│           │         │           │        │    +0.000] │           │          │
└───────────┴─────────┴───────────┴────────┴────────────┴───────────┴──────────┘

Detailed outputs: outputs/real/_smoke_truthfulqa_real__qwen-2.5-7b
