      Summary — strategyqa_recon__test  (examples=20 × seeds=3 = 300 rows)      
┏━━━━━━━━━━━┳━━━━━━━━━┳━━━━━━━━━━━┳━━━━━━━━┳━━━━━━━━━━━━┳━━━━━━━━━━━┳━━━━━━━━━━┓
┃           ┃         ┃           ┃        ┃   Δsuccess ┃           ┃          ┃
┃ method    ┃ success ┃ violation ┃ tokens ┃  vs direct ┃ McNemar p ┃ Holm-adj ┃
┡━━━━━━━━━━━╇━━━━━━━━━╇━━━━━━━━━━━╇━━━━━━━━╇━━━━━━━━━━━━╇━━━━━━━━━━━╇━━━━━━━━━━┩
│ direct    │   0.883 │     0.117 │    822 │          — │         — │        — │
│ full_reg… │   0.833 │     0.167 │   1624 │     -0.050 │     0.508 │        1 │
│           │         │           │        │   [-0.150, │           │          │
│           │         │           │        │    +0.050] │           │          │
│ intro_sp… │   0.967 │     0.033 │   2225 │     +0.083 │    0.0625 │    0.375 │
│           │         │           │        │   [+0.017, │           │          │
│           │         │           │        │    +0.167] │           │          │
│ reflexion │   0.933 │     0.067 │   1430 │     +0.050 │      0.25 │        1 │
│           │         │           │        │   [+0.000, │           │          │
│           │         │           │        │    +0.117] │           │          │
│ self_ref… │   0.483 │     0.517 │   2251 │     -0.400 │  1.19e-07 │ 1.07e-06 │
│           │         │           │        │   [-0.533, │           │          │
│           │         │           │        │    -0.283] │           │          │
└───────────┴─────────┴───────────┴────────┴────────────┴───────────┴──────────┘

Detailed outputs: outputs/tier_b/strategyqa_mistral_nemo
