      Summary — strategyqa_recon__test  (examples=20 × seeds=3 = 299 rows)      
┏━━━━━━━━━━━┳━━━━━━━━━┳━━━━━━━━━━━┳━━━━━━━━┳━━━━━━━━━━━━┳━━━━━━━━━━━┳━━━━━━━━━━┓
┃           ┃         ┃           ┃        ┃   Δsuccess ┃           ┃          ┃
┃ method    ┃ success ┃ violation ┃ tokens ┃  vs direct ┃ McNemar p ┃ Holm-adj ┃
┡━━━━━━━━━━━╇━━━━━━━━━╇━━━━━━━━━━━╇━━━━━━━━╇━━━━━━━━━━━━╇━━━━━━━━━━━╇━━━━━━━━━━┩
│ direct    │   0.633 │     0.367 │   1092 │          — │         — │        — │
│ full_reg… │   0.617 │     0.383 │   2186 │     -0.017 │         1 │        1 │
│           │         │           │        │   [-0.050, │           │          │
│           │         │           │        │    +0.000] │           │          │
│ intro_sp… │   0.850 │     0.150 │   3043 │     +0.217 │  0.000244 │  0.00195 │
│           │         │           │        │   [+0.117, │           │          │
│           │         │           │        │    +0.333] │           │          │
│ reflexion │   0.850 │     0.150 │   3291 │     +0.217 │  0.000244 │  0.00195 │
│           │         │           │        │   [+0.117, │           │          │
│           │         │           │        │    +0.317] │           │          │
│ self_ref… │   0.559 │     0.441 │   2978 │     -0.068 │     0.125 │      0.5 │
│           │         │           │        │   [-0.136, │           │          │
│           │         │           │        │    -0.017] │           │          │
└───────────┴─────────┴───────────┴────────┴────────────┴───────────┴──────────┘

Detailed outputs: outputs/tier_b/strategyqa_gemini_flash
