      Summary — strategyqa_recon__test  (examples=20 × seeds=3 = 300 rows)      
┏━━━━━━━━━━━┳━━━━━━━━━┳━━━━━━━━━━━┳━━━━━━━━┳━━━━━━━━━━━━┳━━━━━━━━━━━┳━━━━━━━━━━┓
┃           ┃         ┃           ┃        ┃   Δsuccess ┃           ┃          ┃
┃ method    ┃ success ┃ violation ┃ tokens ┃  vs direct ┃ McNemar p ┃ Holm-adj ┃
┡━━━━━━━━━━━╇━━━━━━━━━╇━━━━━━━━━━━╇━━━━━━━━╇━━━━━━━━━━━━╇━━━━━━━━━━━╇━━━━━━━━━━┩
│ direct    │   0.717 │     0.283 │    854 │          — │         — │        — │
│ full_reg… │   0.700 │     0.300 │   1728 │     -0.017 │         1 │        1 │
│           │         │           │        │   [-0.117, │           │          │
│           │         │           │        │    +0.083] │           │          │
│ intro_sp… │   0.850 │     0.150 │   2307 │     +0.133 │   0.00781 │   0.0469 │
│           │         │           │        │   [+0.050, │           │          │
│           │         │           │        │    +0.233] │           │          │
│ reflexion │   0.833 │     0.167 │   2339 │     +0.117 │    0.0156 │   0.0625 │
│           │         │           │        │   [+0.050, │           │          │
│           │         │           │        │    +0.200] │           │          │
│ self_ref… │   0.183 │     0.817 │   2334 │     -0.533 │  4.07e-09 │ 3.67e-08 │
│           │         │           │        │   [-0.667, │           │          │
│           │         │           │        │    -0.400] │           │          │
└───────────┴─────────┴───────────┴────────┴────────────┴───────────┴──────────┘

Detailed outputs: outputs/tier_b/strategyqa_deepseek_v3
