      Summary — strategyqa_recon__test  (examples=20 × seeds=3 = 298 rows)      
┏━━━━━━━━━━━┳━━━━━━━━━┳━━━━━━━━━━━┳━━━━━━━━┳━━━━━━━━━━━━┳━━━━━━━━━━━┳━━━━━━━━━━┓
┃           ┃         ┃           ┃        ┃   Δsuccess ┃           ┃          ┃
┃ method    ┃ success ┃ violation ┃ tokens ┃  vs direct ┃ McNemar p ┃ Holm-adj ┃
┡━━━━━━━━━━━╇━━━━━━━━━╇━━━━━━━━━━━╇━━━━━━━━╇━━━━━━━━━━━━╇━━━━━━━━━━━╇━━━━━━━━━━┩
│ direct    │   0.650 │     0.350 │    878 │          — │         — │        — │
│ full_reg… │   0.633 │     0.367 │   1749 │     -0.017 │         1 │        1 │
│           │         │           │        │   [-0.133, │           │          │
│           │         │           │        │    +0.100] │           │          │
│ intro_sp… │   0.750 │     0.250 │   2343 │     +0.100 │    0.0312 │    0.188 │
│           │         │           │        │   [+0.033, │           │          │
│           │         │           │        │    +0.183] │           │          │
│ reflexion │   0.733 │     0.267 │   2949 │     +0.083 │    0.0625 │     0.25 │
│           │         │           │        │   [+0.017, │           │          │
│           │         │           │        │    +0.167] │           │          │
│ self_ref… │   0.190 │     0.810 │   2427 │     -0.448 │  2.98e-08 │ 2.68e-07 │
│           │         │           │        │   [-0.569, │           │          │
│           │         │           │        │    -0.328] │           │          │
└───────────┴─────────┴───────────┴────────┴────────────┴───────────┴──────────┘

Detailed outputs: outputs/tier_b/strategyqa_qwen_7b
