       Summary — musique_recon__test  (examples=20 × seeds=3 = 300 rows)        
┏━━━━━━━━━━━┳━━━━━━━━━┳━━━━━━━━━━━┳━━━━━━━━┳━━━━━━━━━━━━┳━━━━━━━━━━━┳━━━━━━━━━━┓
┃           ┃         ┃           ┃        ┃   Δsuccess ┃           ┃          ┃
┃ method    ┃ success ┃ violation ┃ tokens ┃  vs direct ┃ McNemar p ┃ Holm-adj ┃
┡━━━━━━━━━━━╇━━━━━━━━━╇━━━━━━━━━━━╇━━━━━━━━╇━━━━━━━━━━━━╇━━━━━━━━━━━╇━━━━━━━━━━┩
│ direct    │   0.817 │     0.183 │    896 │          — │         — │        — │
│ full_reg… │   0.850 │     0.150 │   1789 │     +0.033 │     0.791 │        1 │
│           │         │           │        │   [-0.083, │           │          │
│           │         │           │        │    +0.150] │           │          │
│ intro_sp… │   0.933 │     0.067 │   2428 │     +0.117 │    0.0156 │   0.0938 │
│           │         │           │        │   [+0.050, │           │          │
│           │         │           │        │    +0.200] │           │          │
│ reflexion │   0.883 │     0.117 │   1832 │     +0.067 │     0.125 │      0.5 │
│           │         │           │        │   [+0.017, │           │          │
│           │         │           │        │    +0.133] │           │          │
│ self_ref… │   0.300 │     0.700 │   2497 │     -0.517 │  3.67e-08 │ 3.31e-07 │
│           │         │           │        │   [-0.650, │           │          │
│           │         │           │        │    -0.367] │           │          │
└───────────┴─────────┴───────────┴────────┴────────────┴───────────┴──────────┘

Detailed outputs: outputs/tier_b/musique_deepseek_v3
